
As-needed library included to satisfy reference by file (symbol)

libarsal.so                   /home/ncs/CAPSTONE/out/arsdk-native/build/libARCommands/obj/gen/Sources/ARCOMMANDS_Decoder.c.o (ARSAL_Mutex_Destroy)
libc.so.6                     /home/ncs/CAPSTONE/out/arsdk-native/build/libARCommands/obj/gen/Sources/ARCOMMANDS_ReadWrite.c.o (strcpy@@GLIBC_2.4)
ld-linux-armhf.so.3           /home/ncs/CAPSTONE/out/arsdk-native/build/libARCommands/obj/Sources/ARCOMMANDS_Version.c.o (__stack_chk_guard@@GLIBC_2.4)

Discarded input sections

 .data          0x00000000        0x0 /usr/lib/gcc/arm-linux-gnueabihf/5/../../../arm-linux-gnueabihf/crti.o
 .bss           0x00000000        0x0 /usr/lib/gcc/arm-linux-gnueabihf/5/../../../arm-linux-gnueabihf/crti.o
 .note.GNU-stack
                0x00000000        0x0 /usr/lib/gcc/arm-linux-gnueabihf/5/../../../arm-linux-gnueabihf/crti.o
 .data          0x00000000        0x0 /usr/lib/gcc/arm-linux-gnueabihf/5/crtbeginS.o
 .note.GNU-stack
                0x00000000        0x0 /usr/lib/gcc/arm-linux-gnueabihf/5/crtbeginS.o
 .text          0x00000000        0x0 /home/ncs/CAPSTONE/out/arsdk-native/build/libARCommands/obj/Sources/ARCOMMANDS_Version.c.o
 .data          0x00000000        0x0 /home/ncs/CAPSTONE/out/arsdk-native/build/libARCommands/obj/Sources/ARCOMMANDS_Version.c.o
 .bss           0x00000000        0x0 /home/ncs/CAPSTONE/out/arsdk-native/build/libARCommands/obj/Sources/ARCOMMANDS_Version.c.o
 .note.GNU-stack
                0x00000000        0x0 /home/ncs/CAPSTONE/out/arsdk-native/build/libARCommands/obj/Sources/ARCOMMANDS_Version.c.o
 .text          0x00000000        0x0 /home/ncs/CAPSTONE/out/arsdk-native/build/libARCommands/obj/gen/Sources/ARCOMMANDS_Generator.c.o
 .data          0x00000000        0x0 /home/ncs/CAPSTONE/out/arsdk-native/build/libARCommands/obj/gen/Sources/ARCOMMANDS_Generator.c.o
 .bss           0x00000000        0x0 /home/ncs/CAPSTONE/out/arsdk-native/build/libARCommands/obj/gen/Sources/ARCOMMANDS_Generator.c.o
 .note.GNU-stack
                0x00000000        0x0 /home/ncs/CAPSTONE/out/arsdk-native/build/libARCommands/obj/gen/Sources/ARCOMMANDS_Generator.c.o
 .text          0x00000000        0x0 /home/ncs/CAPSTONE/out/arsdk-native/build/libARCommands/obj/gen/Sources/ARCOMMANDS_Decoder.c.o
 .data          0x00000000        0x0 /home/ncs/CAPSTONE/out/arsdk-native/build/libARCommands/obj/gen/Sources/ARCOMMANDS_Decoder.c.o
 .note.GNU-stack
                0x00000000        0x0 /home/ncs/CAPSTONE/out/arsdk-native/build/libARCommands/obj/gen/Sources/ARCOMMANDS_Decoder.c.o
 .text          0x00000000        0x0 /home/ncs/CAPSTONE/out/arsdk-native/build/libARCommands/obj/gen/Sources/ARCOMMANDS_Filter.c.o
 .data          0x00000000        0x0 /home/ncs/CAPSTONE/out/arsdk-native/build/libARCommands/obj/gen/Sources/ARCOMMANDS_Filter.c.o
 .bss           0x00000000        0x0 /home/ncs/CAPSTONE/out/arsdk-native/build/libARCommands/obj/gen/Sources/ARCOMMANDS_Filter.c.o
 .note.GNU-stack
                0x00000000        0x0 /home/ncs/CAPSTONE/out/arsdk-native/build/libARCommands/obj/gen/Sources/ARCOMMANDS_Filter.c.o
 .text          0x00000000        0x0 /home/ncs/CAPSTONE/out/arsdk-native/build/libARCommands/obj/gen/Sources/ARCOMMANDS_ReadWrite.c.o
 .data          0x00000000        0x0 /home/ncs/CAPSTONE/out/arsdk-native/build/libARCommands/obj/gen/Sources/ARCOMMANDS_ReadWrite.c.o
 .bss           0x00000000        0x0 /home/ncs/CAPSTONE/out/arsdk-native/build/libARCommands/obj/gen/Sources/ARCOMMANDS_ReadWrite.c.o
 .note.GNU-stack
                0x00000000        0x0 /home/ncs/CAPSTONE/out/arsdk-native/build/libARCommands/obj/gen/Sources/ARCOMMANDS_ReadWrite.c.o
 .text          0x00000000        0x0 /usr/lib/gcc/arm-linux-gnueabihf/5/crtendS.o
 .data          0x00000000        0x0 /usr/lib/gcc/arm-linux-gnueabihf/5/crtendS.o
 .bss           0x00000000        0x0 /usr/lib/gcc/arm-linux-gnueabihf/5/crtendS.o
 .note.GNU-stack
                0x00000000        0x0 /usr/lib/gcc/arm-linux-gnueabihf/5/crtendS.o
 .text          0x00000000        0x0 /usr/lib/gcc/arm-linux-gnueabihf/5/../../../arm-linux-gnueabihf/crtn.o
 .data          0x00000000        0x0 /usr/lib/gcc/arm-linux-gnueabihf/5/../../../arm-linux-gnueabihf/crtn.o
 .bss           0x00000000        0x0 /usr/lib/gcc/arm-linux-gnueabihf/5/../../../arm-linux-gnueabihf/crtn.o
 .note.GNU-stack
                0x00000000        0x0 /usr/lib/gcc/arm-linux-gnueabihf/5/../../../arm-linux-gnueabihf/crtn.o

Memory Configuration

Name             Origin             Length             Attributes
*default*        0x00000000         0xffffffff

Linker script and memory map

LOAD /usr/lib/gcc/arm-linux-gnueabihf/5/../../../arm-linux-gnueabihf/crti.o
LOAD /usr/lib/gcc/arm-linux-gnueabihf/5/crtbeginS.o
LOAD /home/ncs/CAPSTONE/out/arsdk-native/build/libARCommands/obj/Sources/ARCOMMANDS_Version.c.o
LOAD /home/ncs/CAPSTONE/out/arsdk-native/build/libARCommands/obj/gen/Sources/ARCOMMANDS_Generator.c.o
LOAD /home/ncs/CAPSTONE/out/arsdk-native/build/libARCommands/obj/gen/Sources/ARCOMMANDS_Decoder.c.o
LOAD /home/ncs/CAPSTONE/out/arsdk-native/build/libARCommands/obj/gen/Sources/ARCOMMANDS_Filter.c.o
LOAD /home/ncs/CAPSTONE/out/arsdk-native/build/libARCommands/obj/gen/Sources/ARCOMMANDS_ReadWrite.c.o
LOAD /home/ncs/CAPSTONE/out/arsdk-native/staging/usr/lib/libarsal.so
LOAD /usr/lib/gcc/arm-linux-gnueabihf/5/../../../arm-linux-gnueabihf/librt.so
LOAD /usr/lib/gcc/arm-linux-gnueabihf/5/libstdc++.so
LOAD /usr/lib/gcc/arm-linux-gnueabihf/5/../../../arm-linux-gnueabihf/libm.so
LOAD /usr/lib/gcc/arm-linux-gnueabihf/5/libgcc_s.so
START GROUP
LOAD /usr/lib/gcc/arm-linux-gnueabihf/5/libgcc_s.so.1
LOAD /usr/lib/gcc/arm-linux-gnueabihf/5/libgcc.a
END GROUP
LOAD /usr/lib/gcc/arm-linux-gnueabihf/5/../../../arm-linux-gnueabihf/libpthread.so
START GROUP
LOAD /lib/arm-linux-gnueabihf/libpthread.so.0
LOAD /usr/lib/arm-linux-gnueabihf/libpthread_nonshared.a
END GROUP
LOAD /usr/lib/gcc/arm-linux-gnueabihf/5/../../../arm-linux-gnueabihf/libc.so
START GROUP
LOAD /lib/arm-linux-gnueabihf/libc.so.6
LOAD /usr/lib/arm-linux-gnueabihf/libc_nonshared.a
LOAD /lib/arm-linux-gnueabihf/ld-linux-armhf.so.3
END GROUP
LOAD /usr/lib/gcc/arm-linux-gnueabihf/5/libgcc_s.so
START GROUP
LOAD /usr/lib/gcc/arm-linux-gnueabihf/5/libgcc_s.so.1
LOAD /usr/lib/gcc/arm-linux-gnueabihf/5/libgcc.a
END GROUP
LOAD /usr/lib/gcc/arm-linux-gnueabihf/5/crtendS.o
LOAD /usr/lib/gcc/arm-linux-gnueabihf/5/../../../arm-linux-gnueabihf/crtn.o
                0x000000f4                . = (0x0 + SIZEOF_HEADERS)

.note.gnu.build-id
                0x000000f4       0x24
 *(.note.gnu.build-id)
 .note.gnu.build-id
                0x000000f4       0x24 linker stubs

.hash
 *(.hash)

.gnu.hash       0x00000118     0x4b3c
 *(.gnu.hash)
 .gnu.hash      0x00000118     0x4b3c /usr/lib/gcc/arm-linux-gnueabihf/5/../../../arm-linux-gnueabihf/crti.o

.dynsym         0x00004c54     0x8e30
 *(.dynsym)
 .dynsym        0x00004c54     0x8e30 /usr/lib/gcc/arm-linux-gnueabihf/5/../../../arm-linux-gnueabihf/crti.o

.dynstr         0x0000da84    0x233a6
 *(.dynstr)
 .dynstr        0x0000da84    0x233a6 /usr/lib/gcc/arm-linux-gnueabihf/5/../../../arm-linux-gnueabihf/crti.o

.gnu.version    0x00030e2a     0x11c6
 *(.gnu.version)
 .gnu.version   0x00030e2a     0x11c6 /usr/lib/gcc/arm-linux-gnueabihf/5/../../../arm-linux-gnueabihf/crti.o

.gnu.version_d  0x00031ff0        0x0
 *(.gnu.version_d)
 .gnu.version_d
                0x00031ff0        0x0 /usr/lib/gcc/arm-linux-gnueabihf/5/../../../arm-linux-gnueabihf/crti.o

.gnu.version_r  0x00031ff0       0x50
 *(.gnu.version_r)
 .gnu.version_r
                0x00031ff0       0x50 /usr/lib/gcc/arm-linux-gnueabihf/5/../../../arm-linux-gnueabihf/crti.o

.rel.dyn        0x00032040       0x48
 *(.rel.init)
 *(.rel.text .rel.text.* .rel.gnu.linkonce.t.*)
 .rel.text      0x00032040        0x0 /usr/lib/gcc/arm-linux-gnueabihf/5/../../../arm-linux-gnueabihf/crti.o
 *(.rel.fini)
 *(.rel.rodata .rel.rodata.* .rel.gnu.linkonce.r.*)
 *(.rel.data.rel.ro .rel.data.rel.ro.* .rel.gnu.linkonce.d.rel.ro.*)
 *(.rel.data .rel.data.* .rel.gnu.linkonce.d.*)
 .rel.data.rel.local
                0x00032040        0x8 /usr/lib/gcc/arm-linux-gnueabihf/5/../../../arm-linux-gnueabihf/crti.o
 *(.rel.tdata .rel.tdata.* .rel.gnu.linkonce.td.*)
 *(.rel.tbss .rel.tbss.* .rel.gnu.linkonce.tb.*)
 *(.rel.ctors)
 *(.rel.dtors)
 *(.rel.got)
 .rel.got       0x00032048       0x30 /usr/lib/gcc/arm-linux-gnueabihf/5/../../../arm-linux-gnueabihf/crti.o
 *(.rel.bss .rel.bss.* .rel.gnu.linkonce.b.*)
 *(.rel.iplt)
 .rel.iplt      0x00032078        0x0 /usr/lib/gcc/arm-linux-gnueabihf/5/../../../arm-linux-gnueabihf/crti.o
 .rel.fini_array
                0x00032078        0x8 /usr/lib/gcc/arm-linux-gnueabihf/5/../../../arm-linux-gnueabihf/crti.o
 .rel.init_array
                0x00032080        0x8 /usr/lib/gcc/arm-linux-gnueabihf/5/../../../arm-linux-gnueabihf/crti.o

.rela.dyn
 *(.rela.init)
 *(.rela.text .rela.text.* .rela.gnu.linkonce.t.*)
 *(.rela.fini)
 *(.rela.rodata .rela.rodata.* .rela.gnu.linkonce.r.*)
 *(.rela.data .rela.data.* .rela.gnu.linkonce.d.*)
 *(.rela.tdata .rela.tdata.* .rela.gnu.linkonce.td.*)
 *(.rela.tbss .rela.tbss.* .rela.gnu.linkonce.tb.*)
 *(.rela.ctors)
 *(.rela.dtors)
 *(.rela.got)
 *(.rela.bss .rela.bss.* .rela.gnu.linkonce.b.*)
 *(.rela.iplt)

.rel.plt        0x00032088      0x150
 *(.rel.plt)
 .rel.plt       0x00032088      0x150 /usr/lib/gcc/arm-linux-gnueabihf/5/../../../arm-linux-gnueabihf/crti.o

.rela.plt
 *(.rela.plt)

.init           0x000321d8        0xc
 *(SORT(.init))
 .init          0x000321d8        0x8 /usr/lib/gcc/arm-linux-gnueabihf/5/../../../arm-linux-gnueabihf/crti.o
                0x000321d8                _init
 .init          0x000321e0        0x4 /usr/lib/gcc/arm-linux-gnueabihf/5/../../../arm-linux-gnueabihf/crtn.o

.plt            0x000321e4      0x21c
 *(.plt)
 .plt           0x000321e4      0x21c /usr/lib/gcc/arm-linux-gnueabihf/5/../../../arm-linux-gnueabihf/crti.o

.iplt           0x00032400        0x0
 *(.iplt)
 .iplt          0x00032400        0x0 /usr/lib/gcc/arm-linux-gnueabihf/5/../../../arm-linux-gnueabihf/crti.o

.text           0x00032400    0x46d84
 *(.text.unlikely .text.*_unlikely .text.unlikely.*)
 *(.text.exit .text.exit.*)
 *(.text.startup .text.startup.*)
 *(.text.hot .text.hot.*)
 *(.text .stub .text.* .gnu.linkonce.t.*)
 .text          0x00032400       0x24 /usr/lib/gcc/arm-linux-gnueabihf/5/../../../arm-linux-gnueabihf/crti.o
 .text          0x00032424       0xd0 /usr/lib/gcc/arm-linux-gnueabihf/5/crtbeginS.o
 .text.ARCOMMANDS_Version_CompareVersions
                0x000324f4       0x1a /home/ncs/CAPSTONE/out/arsdk-native/build/libARCommands/obj/Sources/ARCOMMANDS_Version.c.o
                0x000324f4                ARCOMMANDS_Version_CompareVersions
 *fill*         0x0003250e        0x2 
 .text.ARCOMMANDS_Version_CompareVersionCodes
                0x00032510       0x84 /home/ncs/CAPSTONE/out/arsdk-native/build/libARCommands/obj/Sources/ARCOMMANDS_Version.c.o
                0x00032510                ARCOMMANDS_Version_CompareVersionCodes
 .text.ARCOMMANDS_Generator_GenerateGenericDefault
                0x00032594       0x4a /home/ncs/CAPSTONE/out/arsdk-native/build/libARCommands/obj/gen/Sources/ARCOMMANDS_Generator.c.o
                0x00032594                ARCOMMANDS_Generator_GenerateGenericDefault
 .text.ARCOMMANDS_Generator_GenerateARDrone3PilotingFlatTrim
                0x000325de       0x4a /home/ncs/CAPSTONE/out/arsdk-native/build/libARCommands/obj/gen/Sources/ARCOMMANDS_Generator.c.o
                0x000325de                ARCOMMANDS_Generator_GenerateARDrone3PilotingFlatTrim
 .text.ARCOMMANDS_Generator_GenerateARDrone3PilotingTakeOff
                0x00032628       0x4a /home/ncs/CAPSTONE/out/arsdk-native/build/libARCommands/obj/gen/Sources/ARCOMMANDS_Generator.c.o
                0x00032628                ARCOMMANDS_Generator_GenerateARDrone3PilotingTakeOff
 .text.ARCOMMANDS_Generator_GenerateARDrone3PilotingPCMD
                0x00032672       0xb4 /home/ncs/CAPSTONE/out/arsdk-native/build/libARCommands/obj/gen/Sources/ARCOMMANDS_Generator.c.o
                0x00032672                ARCOMMANDS_Generator_GenerateARDrone3PilotingPCMD
 .text.ARCOMMANDS_Generator_GenerateARDrone3PilotingLanding
                0x00032726       0x4a /home/ncs/CAPSTONE/out/arsdk-native/build/libARCommands/obj/gen/Sources/ARCOMMANDS_Generator.c.o
                0x00032726                ARCOMMANDS_Generator_GenerateARDrone3PilotingLanding
 .text.ARCOMMANDS_Generator_GenerateARDrone3PilotingEmergency
                0x00032770       0x4a /home/ncs/CAPSTONE/out/arsdk-native/build/libARCommands/obj/gen/Sources/ARCOMMANDS_Generator.c.o
                0x00032770                ARCOMMANDS_Generator_GenerateARDrone3PilotingEmergency
 .text.ARCOMMANDS_Generator_GenerateARDrone3PilotingNavigateHome
                0x000327ba       0x5c /home/ncs/CAPSTONE/out/arsdk-native/build/libARCommands/obj/gen/Sources/ARCOMMANDS_Generator.c.o
                0x000327ba                ARCOMMANDS_Generator_GenerateARDrone3PilotingNavigateHome
 .text.ARCOMMANDS_Generator_GenerateARDrone3PilotingAutoTakeOffMode
                0x00032816       0x5c /home/ncs/CAPSTONE/out/arsdk-native/build/libARCommands/obj/gen/Sources/ARCOMMANDS_Generator.c.o
                0x00032816                ARCOMMANDS_Generator_GenerateARDrone3PilotingAutoTakeOffMode
 .text.ARCOMMANDS_Generator_GenerateARDrone3PilotingMoveBy
                0x00032872       0xaa /home/ncs/CAPSTONE/out/arsdk-native/build/libARCommands/obj/gen/Sources/ARCOMMANDS_Generator.c.o
                0x00032872                ARCOMMANDS_Generator_GenerateARDrone3PilotingMoveBy
 .text.ARCOMMANDS_Generator_GenerateARDrone3PilotingUserTakeOff
                0x0003291c       0x5c /home/ncs/CAPSTONE/out/arsdk-native/build/libARCommands/obj/gen/Sources/ARCOMMANDS_Generator.c.o
                0x0003291c                ARCOMMANDS_Generator_GenerateARDrone3PilotingUserTakeOff
 .text.ARCOMMANDS_Generator_GenerateARDrone3PilotingCircle
                0x00032978       0x5c /home/ncs/CAPSTONE/out/arsdk-native/build/libARCommands/obj/gen/Sources/ARCOMMANDS_Generator.c.o
                0x00032978                ARCOMMANDS_Generator_GenerateARDrone3PilotingCircle
 .text.ARCOMMANDS_Generator_GenerateARDrone3AnimationsFlip
                0x000329d4       0x5c /home/ncs/CAPSTONE/out/arsdk-native/build/libARCommands/obj/gen/Sources/ARCOMMANDS_Generator.c.o
                0x000329d4                ARCOMMANDS_Generator_GenerateARDrone3AnimationsFlip
 .text.ARCOMMANDS_Generator_GenerateARDrone3CameraOrientation
                0x00032a30       0x6e /home/ncs/CAPSTONE/out/arsdk-native/build/libARCommands/obj/gen/Sources/ARCOMMANDS_Generator.c.o
                0x00032a30                ARCOMMANDS_Generator_GenerateARDrone3CameraOrientation
 .text.ARCOMMANDS_Generator_GenerateARDrone3MediaRecordPicture
                0x00032a9e       0x5c /home/ncs/CAPSTONE/out/arsdk-native/build/libARCommands/obj/gen/Sources/ARCOMMANDS_Generator.c.o
                0x00032a9e                ARCOMMANDS_Generator_GenerateARDrone3MediaRecordPicture
 .text.ARCOMMANDS_Generator_GenerateARDrone3MediaRecordVideo
                0x00032afa       0x6e /home/ncs/CAPSTONE/out/arsdk-native/build/libARCommands/obj/gen/Sources/ARCOMMANDS_Generator.c.o
                0x00032afa                ARCOMMANDS_Generator_GenerateARDrone3MediaRecordVideo
 .text.ARCOMMANDS_Generator_GenerateARDrone3MediaRecordPictureV2
                0x00032b68       0x4a /home/ncs/CAPSTONE/out/arsdk-native/build/libARCommands/obj/gen/Sources/ARCOMMANDS_Generator.c.o
                0x00032b68                ARCOMMANDS_Generator_GenerateARDrone3MediaRecordPictureV2
 .text.ARCOMMANDS_Generator_GenerateARDrone3MediaRecordVideoV2
                0x00032bb2       0x5c /home/ncs/CAPSTONE/out/arsdk-native/build/libARCommands/obj/gen/Sources/ARCOMMANDS_Generator.c.o
                0x00032bb2                ARCOMMANDS_Generator_GenerateARDrone3MediaRecordVideoV2
 .text.ARCOMMANDS_Generator_GenerateARDrone3NetworkWifiScan
                0x00032c0e       0x5c /home/ncs/CAPSTONE/out/arsdk-native/build/libARCommands/obj/gen/Sources/ARCOMMANDS_Generator.c.o
                0x00032c0e                ARCOMMANDS_Generator_GenerateARDrone3NetworkWifiScan
 .text.ARCOMMANDS_Generator_GenerateARDrone3NetworkWifiAuthChannel
                0x00032c6a       0x4a /home/ncs/CAPSTONE/out/arsdk-native/build/libARCommands/obj/gen/Sources/ARCOMMANDS_Generator.c.o
                0x00032c6a                ARCOMMANDS_Generator_GenerateARDrone3NetworkWifiAuthChannel
 .text.ARCOMMANDS_Generator_GenerateARDrone3PilotingSettingsMaxAltitude
                0x00032cb4       0x68 /home/ncs/CAPSTONE/out/arsdk-native/build/libARCommands/obj/gen/Sources/ARCOMMANDS_Generator.c.o
                0x00032cb4                ARCOMMANDS_Generator_GenerateARDrone3PilotingSettingsMaxAltitude
 .text.ARCOMMANDS_Generator_GenerateARDrone3PilotingSettingsMaxTilt
                0x00032d1c       0x68 /home/ncs/CAPSTONE/out/arsdk-native/build/libARCommands/obj/gen/Sources/ARCOMMANDS_Generator.c.o
                0x00032d1c                ARCOMMANDS_Generator_GenerateARDrone3PilotingSettingsMaxTilt
 .text.ARCOMMANDS_Generator_GenerateARDrone3PilotingSettingsAbsolutControl
                0x00032d84       0x5c /home/ncs/CAPSTONE/out/arsdk-native/build/libARCommands/obj/gen/Sources/ARCOMMANDS_Generator.c.o
                0x00032d84                ARCOMMANDS_Generator_GenerateARDrone3PilotingSettingsAbsolutControl
 .text.ARCOMMANDS_Generator_GenerateARDrone3PilotingSettingsMaxDistance
                0x00032de0       0x68 /home/ncs/CAPSTONE/out/arsdk-native/build/libARCommands/obj/gen/Sources/ARCOMMANDS_Generator.c.o
                0x00032de0                ARCOMMANDS_Generator_GenerateARDrone3PilotingSettingsMaxDistance
 .text.ARCOMMANDS_Generator_GenerateARDrone3PilotingSettingsNoFlyOverMaxDistance
                0x00032e48       0x5c /home/ncs/CAPSTONE/out/arsdk-native/build/libARCommands/obj/gen/Sources/ARCOMMANDS_Generator.c.o
                0x00032e48                ARCOMMANDS_Generator_GenerateARDrone3PilotingSettingsNoFlyOverMaxDistance
 .text.ARCOMMANDS_Generator_GenerateARDrone3PilotingSettingsSetAutonomousFlightMaxHorizontalSpeed
                0x00032ea4       0x68 /home/ncs/CAPSTONE/out/arsdk-native/build/libARCommands/obj/gen/Sources/ARCOMMANDS_Generator.c.o
                0x00032ea4                ARCOMMANDS_Generator_GenerateARDrone3PilotingSettingsSetAutonomousFlightMaxHorizontalSpeed
 .text.ARCOMMANDS_Generator_GenerateARDrone3PilotingSettingsSetAutonomousFlightMaxVerticalSpeed
                0x00032f0c       0x68 /home/ncs/CAPSTONE/out/arsdk-native/build/libARCommands/obj/gen/Sources/ARCOMMANDS_Generator.c.o
                0x00032f0c                ARCOMMANDS_Generator_GenerateARDrone3PilotingSettingsSetAutonomousFlightMaxVerticalSpeed
 .text.ARCOMMANDS_Generator_GenerateARDrone3PilotingSettingsSetAutonomousFlightMaxHorizontalAcceleration
                0x00032f74       0x68 /home/ncs/CAPSTONE/out/arsdk-native/build/libARCommands/obj/gen/Sources/ARCOMMANDS_Generator.c.o
                0x00032f74                ARCOMMANDS_Generator_GenerateARDrone3PilotingSettingsSetAutonomousFlightMaxHorizontalAcceleration
 .text.ARCOMMANDS_Generator_GenerateARDrone3PilotingSettingsSetAutonomousFlightMaxVerticalAcceleration
                0x00032fdc       0x68 /home/ncs/CAPSTONE/out/arsdk-native/build/libARCommands/obj/gen/Sources/ARCOMMANDS_Generator.c.o
                0x00032fdc                ARCOMMANDS_Generator_GenerateARDrone3PilotingSettingsSetAutonomousFlightMaxVerticalAcceleration
 .text.ARCOMMANDS_Generator_GenerateARDrone3PilotingSettingsSetAutonomousFlightMaxRotationSpeed
                0x00033044       0x68 /home/ncs/CAPSTONE/out/arsdk-native/build/libARCommands/obj/gen/Sources/ARCOMMANDS_Generator.c.o
                0x00033044                ARCOMMANDS_Generator_GenerateARDrone3PilotingSettingsSetAutonomousFlightMaxRotationSpeed
 .text.ARCOMMANDS_Generator_GenerateARDrone3PilotingSettingsBankedTurn
                0x000330ac       0x5c /home/ncs/CAPSTONE/out/arsdk-native/build/libARCommands/obj/gen/Sources/ARCOMMANDS_Generator.c.o
                0x000330ac                ARCOMMANDS_Generator_GenerateARDrone3PilotingSettingsBankedTurn
 .text.ARCOMMANDS_Generator_GenerateARDrone3PilotingSettingsMinAltitude
                0x00033108       0x68 /home/ncs/CAPSTONE/out/arsdk-native/build/libARCommands/obj/gen/Sources/ARCOMMANDS_Generator.c.o
                0x00033108                ARCOMMANDS_Generator_GenerateARDrone3PilotingSettingsMinAltitude
 .text.ARCOMMANDS_Generator_GenerateARDrone3PilotingSettingsCirclingDirection
                0x00033170       0x5c /home/ncs/CAPSTONE/out/arsdk-native/build/libARCommands/obj/gen/Sources/ARCOMMANDS_Generator.c.o
                0x00033170                ARCOMMANDS_Generator_GenerateARDrone3PilotingSettingsCirclingDirection
 .text.ARCOMMANDS_Generator_GenerateARDrone3PilotingSettingsCirclingRadius
                0x000331cc       0x5c /home/ncs/CAPSTONE/out/arsdk-native/build/libARCommands/obj/gen/Sources/ARCOMMANDS_Generator.c.o
                0x000331cc                ARCOMMANDS_Generator_GenerateARDrone3PilotingSettingsCirclingRadius
 .text.ARCOMMANDS_Generator_GenerateARDrone3PilotingSettingsCirclingAltitude
                0x00033228       0x5c /home/ncs/CAPSTONE/out/arsdk-native/build/libARCommands/obj/gen/Sources/ARCOMMANDS_Generator.c.o
                0x00033228                ARCOMMANDS_Generator_GenerateARDrone3PilotingSettingsCirclingAltitude
 .text.ARCOMMANDS_Generator_GenerateARDrone3PilotingSettingsPitchMode
                0x00033284       0x5c /home/ncs/CAPSTONE/out/arsdk-native/build/libARCommands/obj/gen/Sources/ARCOMMANDS_Generator.c.o
                0x00033284                ARCOMMANDS_Generator_GenerateARDrone3PilotingSettingsPitchMode
 .text.ARCOMMANDS_Generator_GenerateARDrone3SpeedSettingsMaxVerticalSpeed
                0x000332e0       0x68 /home/ncs/CAPSTONE/out/arsdk-native/build/libARCommands/obj/gen/Sources/ARCOMMANDS_Generator.c.o
                0x000332e0                ARCOMMANDS_Generator_GenerateARDrone3SpeedSettingsMaxVerticalSpeed
 .text.ARCOMMANDS_Generator_GenerateARDrone3SpeedSettingsMaxRotationSpeed
                0x00033348       0x68 /home/ncs/CAPSTONE/out/arsdk-native/build/libARCommands/obj/gen/Sources/ARCOMMANDS_Generator.c.o
                0x00033348                ARCOMMANDS_Generator_GenerateARDrone3SpeedSettingsMaxRotationSpeed
 .text.ARCOMMANDS_Generator_GenerateARDrone3SpeedSettingsHullProtection
                0x000333b0       0x5c /home/ncs/CAPSTONE/out/arsdk-native/build/libARCommands/obj/gen/Sources/ARCOMMANDS_Generator.c.o
                0x000333b0                ARCOMMANDS_Generator_GenerateARDrone3SpeedSettingsHullProtection
 .text.ARCOMMANDS_Generator_GenerateARDrone3SpeedSettingsOutdoor
                0x0003340c       0x5c /home/ncs/CAPSTONE/out/arsdk-native/build/libARCommands/obj/gen/Sources/ARCOMMANDS_Generator.c.o
                0x0003340c                ARCOMMANDS_Generator_GenerateARDrone3SpeedSettingsOutdoor
 .text.ARCOMMANDS_Generator_GenerateARDrone3SpeedSettingsMaxPitchRollRotationSpeed
                0x00033468       0x68 /home/ncs/CAPSTONE/out/arsdk-native/build/libARCommands/obj/gen/Sources/ARCOMMANDS_Generator.c.o
                0x00033468                ARCOMMANDS_Generator_GenerateARDrone3SpeedSettingsMaxPitchRollRotationSpeed
 .text.ARCOMMANDS_Generator_GenerateARDrone3NetworkSettingsWifiSelection
                0x000334d0       0x7e /home/ncs/CAPSTONE/out/arsdk-native/build/libARCommands/obj/gen/Sources/ARCOMMANDS_Generator.c.o
                0x000334d0                ARCOMMANDS_Generator_GenerateARDrone3NetworkSettingsWifiSelection
 .text.ARCOMMANDS_Generator_GenerateARDrone3NetworkSettingsWifiSecurity
                0x0003354e       0x88 /home/ncs/CAPSTONE/out/arsdk-native/build/libARCommands/obj/gen/Sources/ARCOMMANDS_Generator.c.o
                0x0003354e                ARCOMMANDS_Generator_GenerateARDrone3NetworkSettingsWifiSecurity
 .text.ARCOMMANDS_Generator_GenerateARDrone3PictureSettingsPictureFormatSelection
                0x000335d6       0x5c /home/ncs/CAPSTONE/out/arsdk-native/build/libARCommands/obj/gen/Sources/ARCOMMANDS_Generator.c.o
                0x000335d6                ARCOMMANDS_Generator_GenerateARDrone3PictureSettingsPictureFormatSelection
 .text.ARCOMMANDS_Generator_GenerateARDrone3PictureSettingsAutoWhiteBalanceSelection
                0x00033632       0x5c /home/ncs/CAPSTONE/out/arsdk-native/build/libARCommands/obj/gen/Sources/ARCOMMANDS_Generator.c.o
                0x00033632                ARCOMMANDS_Generator_GenerateARDrone3PictureSettingsAutoWhiteBalanceSelection
 .text.ARCOMMANDS_Generator_GenerateARDrone3PictureSettingsExpositionSelection
                0x0003368e       0x68 /home/ncs/CAPSTONE/out/arsdk-native/build/libARCommands/obj/gen/Sources/ARCOMMANDS_Generator.c.o
                0x0003368e                ARCOMMANDS_Generator_GenerateARDrone3PictureSettingsExpositionSelection
 .text.ARCOMMANDS_Generator_GenerateARDrone3PictureSettingsSaturationSelection
                0x000336f6       0x68 /home/ncs/CAPSTONE/out/arsdk-native/build/libARCommands/obj/gen/Sources/ARCOMMANDS_Generator.c.o
                0x000336f6                ARCOMMANDS_Generator_GenerateARDrone3PictureSettingsSaturationSelection
 .text.ARCOMMANDS_Generator_GenerateARDrone3PictureSettingsTimelapseSelection
                0x0003375e       0x7a /home/ncs/CAPSTONE/out/arsdk-native/build/libARCommands/obj/gen/Sources/ARCOMMANDS_Generator.c.o
                0x0003375e                ARCOMMANDS_Generator_GenerateARDrone3PictureSettingsTimelapseSelection
 .text.ARCOMMANDS_Generator_GenerateARDrone3PictureSettingsVideoAutorecordSelection
                0x000337d8       0x6e /home/ncs/CAPSTONE/out/arsdk-native/build/libARCommands/obj/gen/Sources/ARCOMMANDS_Generator.c.o
                0x000337d8                ARCOMMANDS_Generator_GenerateARDrone3PictureSettingsVideoAutorecordSelection
 .text.ARCOMMANDS_Generator_GenerateARDrone3PictureSettingsVideoStabilizationMode
                0x00033846       0x5c /home/ncs/CAPSTONE/out/arsdk-native/build/libARCommands/obj/gen/Sources/ARCOMMANDS_Generator.c.o
                0x00033846                ARCOMMANDS_Generator_GenerateARDrone3PictureSettingsVideoStabilizationMode
 .text.ARCOMMANDS_Generator_GenerateARDrone3PictureSettingsVideoRecordingMode
                0x000338a2       0x5c /home/ncs/CAPSTONE/out/arsdk-native/build/libARCommands/obj/gen/Sources/ARCOMMANDS_Generator.c.o
                0x000338a2                ARCOMMANDS_Generator_GenerateARDrone3PictureSettingsVideoRecordingMode
 .text.ARCOMMANDS_Generator_GenerateARDrone3PictureSettingsVideoFramerate
                0x000338fe       0x5c /home/ncs/CAPSTONE/out/arsdk-native/build/libARCommands/obj/gen/Sources/ARCOMMANDS_Generator.c.o
                0x000338fe                ARCOMMANDS_Generator_GenerateARDrone3PictureSettingsVideoFramerate
 .text.ARCOMMANDS_Generator_GenerateARDrone3PictureSettingsVideoResolutions
                0x0003395a       0x5c /home/ncs/CAPSTONE/out/arsdk-native/build/libARCommands/obj/gen/Sources/ARCOMMANDS_Generator.c.o
                0x0003395a                ARCOMMANDS_Generator_GenerateARDrone3PictureSettingsVideoResolutions
 .text.ARCOMMANDS_Generator_GenerateARDrone3MediaStreamingVideoEnable
                0x000339b6       0x5c /home/ncs/CAPSTONE/out/arsdk-native/build/libARCommands/obj/gen/Sources/ARCOMMANDS_Generator.c.o
                0x000339b6                ARCOMMANDS_Generator_GenerateARDrone3MediaStreamingVideoEnable
 .text.ARCOMMANDS_Generator_GenerateARDrone3MediaStreamingVideoStreamMode
                0x00033a12       0x5c /home/ncs/CAPSTONE/out/arsdk-native/build/libARCommands/obj/gen/Sources/ARCOMMANDS_Generator.c.o
                0x00033a12                ARCOMMANDS_Generator_GenerateARDrone3MediaStreamingVideoStreamMode
 .text.ARCOMMANDS_Generator_GenerateARDrone3GPSSettingsSetHome
                0x00033a6e       0x94 /home/ncs/CAPSTONE/out/arsdk-native/build/libARCommands/obj/gen/Sources/ARCOMMANDS_Generator.c.o
                0x00033a6e                ARCOMMANDS_Generator_GenerateARDrone3GPSSettingsSetHome
 .text.ARCOMMANDS_Generator_GenerateARDrone3GPSSettingsResetHome
                0x00033b02       0x4a /home/ncs/CAPSTONE/out/arsdk-native/build/libARCommands/obj/gen/Sources/ARCOMMANDS_Generator.c.o
                0x00033b02                ARCOMMANDS_Generator_GenerateARDrone3GPSSettingsResetHome
 .text.ARCOMMANDS_Generator_GenerateARDrone3GPSSettingsSendControllerGPS
                0x00033b4c       0xc0 /home/ncs/CAPSTONE/out/arsdk-native/build/libARCommands/obj/gen/Sources/ARCOMMANDS_Generator.c.o
                0x00033b4c                ARCOMMANDS_Generator_GenerateARDrone3GPSSettingsSendControllerGPS
 .text.ARCOMMANDS_Generator_GenerateARDrone3GPSSettingsHomeType
                0x00033c0c       0x5c /home/ncs/CAPSTONE/out/arsdk-native/build/libARCommands/obj/gen/Sources/ARCOMMANDS_Generator.c.o
                0x00033c0c                ARCOMMANDS_Generator_GenerateARDrone3GPSSettingsHomeType
 .text.ARCOMMANDS_Generator_GenerateARDrone3GPSSettingsReturnHomeDelay
                0x00033c68       0x5c /home/ncs/CAPSTONE/out/arsdk-native/build/libARCommands/obj/gen/Sources/ARCOMMANDS_Generator.c.o
                0x00033c68                ARCOMMANDS_Generator_GenerateARDrone3GPSSettingsReturnHomeDelay
 .text.ARCOMMANDS_Generator_GenerateARDrone3AntiflickeringElectricFrequency
                0x00033cc4       0x5c /home/ncs/CAPSTONE/out/arsdk-native/build/libARCommands/obj/gen/Sources/ARCOMMANDS_Generator.c.o
                0x00033cc4                ARCOMMANDS_Generator_GenerateARDrone3AntiflickeringElectricFrequency
 .text.ARCOMMANDS_Generator_GenerateARDrone3AntiflickeringSetMode
                0x00033d20       0x5c /home/ncs/CAPSTONE/out/arsdk-native/build/libARCommands/obj/gen/Sources/ARCOMMANDS_Generator.c.o
                0x00033d20                ARCOMMANDS_Generator_GenerateARDrone3AntiflickeringSetMode
 .text.ARCOMMANDS_Generator_GenerateARDrone3MediaRecordStatePictureStateChanged
                0x00033d7c       0x6e /home/ncs/CAPSTONE/out/arsdk-native/build/libARCommands/obj/gen/Sources/ARCOMMANDS_Generator.c.o
                0x00033d7c                ARCOMMANDS_Generator_GenerateARDrone3MediaRecordStatePictureStateChanged
 .text.ARCOMMANDS_Generator_GenerateARDrone3MediaRecordStateVideoStateChanged
                0x00033dea       0x6e /home/ncs/CAPSTONE/out/arsdk-native/build/libARCommands/obj/gen/Sources/ARCOMMANDS_Generator.c.o
                0x00033dea                ARCOMMANDS_Generator_GenerateARDrone3MediaRecordStateVideoStateChanged
 .text.ARCOMMANDS_Generator_GenerateARDrone3MediaRecordStatePictureStateChangedV2
                0x00033e58       0x6c /home/ncs/CAPSTONE/out/arsdk-native/build/libARCommands/obj/gen/Sources/ARCOMMANDS_Generator.c.o
                0x00033e58                ARCOMMANDS_Generator_GenerateARDrone3MediaRecordStatePictureStateChangedV2
 .text.ARCOMMANDS_Generator_GenerateARDrone3MediaRecordStateVideoStateChangedV2
                0x00033ec4       0x6c /home/ncs/CAPSTONE/out/arsdk-native/build/libARCommands/obj/gen/Sources/ARCOMMANDS_Generator.c.o
                0x00033ec4                ARCOMMANDS_Generator_GenerateARDrone3MediaRecordStateVideoStateChangedV2
 .text.ARCOMMANDS_Generator_GenerateARDrone3MediaRecordStateVideoResolutionState
                0x00033f30       0x6c /home/ncs/CAPSTONE/out/arsdk-native/build/libARCommands/obj/gen/Sources/ARCOMMANDS_Generator.c.o
                0x00033f30                ARCOMMANDS_Generator_GenerateARDrone3MediaRecordStateVideoResolutionState
 .text.ARCOMMANDS_Generator_GenerateARDrone3MediaRecordEventPictureEventChanged
                0x00033f9c       0x6c /home/ncs/CAPSTONE/out/arsdk-native/build/libARCommands/obj/gen/Sources/ARCOMMANDS_Generator.c.o
                0x00033f9c                ARCOMMANDS_Generator_GenerateARDrone3MediaRecordEventPictureEventChanged
 .text.ARCOMMANDS_Generator_GenerateARDrone3MediaRecordEventVideoEventChanged
                0x00034008       0x6c /home/ncs/CAPSTONE/out/arsdk-native/build/libARCommands/obj/gen/Sources/ARCOMMANDS_Generator.c.o
                0x00034008                ARCOMMANDS_Generator_GenerateARDrone3MediaRecordEventVideoEventChanged
 .text.ARCOMMANDS_Generator_GenerateARDrone3PilotingStateFlatTrimChanged
                0x00034074       0x4a /home/ncs/CAPSTONE/out/arsdk-native/build/libARCommands/obj/gen/Sources/ARCOMMANDS_Generator.c.o
                0x00034074                ARCOMMANDS_Generator_GenerateARDrone3PilotingStateFlatTrimChanged
 .text.ARCOMMANDS_Generator_GenerateARDrone3PilotingStateFlyingStateChanged
                0x000340be       0x5c /home/ncs/CAPSTONE/out/arsdk-native/build/libARCommands/obj/gen/Sources/ARCOMMANDS_Generator.c.o
                0x000340be                ARCOMMANDS_Generator_GenerateARDrone3PilotingStateFlyingStateChanged
 .text.ARCOMMANDS_Generator_GenerateARDrone3PilotingStateAlertStateChanged
                0x0003411a       0x5c /home/ncs/CAPSTONE/out/arsdk-native/build/libARCommands/obj/gen/Sources/ARCOMMANDS_Generator.c.o
                0x0003411a                ARCOMMANDS_Generator_GenerateARDrone3PilotingStateAlertStateChanged
 .text.ARCOMMANDS_Generator_GenerateARDrone3PilotingStateNavigateHomeStateChanged
                0x00034176       0x6c /home/ncs/CAPSTONE/out/arsdk-native/build/libARCommands/obj/gen/Sources/ARCOMMANDS_Generator.c.o
                0x00034176                ARCOMMANDS_Generator_GenerateARDrone3PilotingStateNavigateHomeStateChanged
 .text.ARCOMMANDS_Generator_GenerateARDrone3PilotingStatePositionChanged
                0x000341e2       0x94 /home/ncs/CAPSTONE/out/arsdk-native/build/libARCommands/obj/gen/Sources/ARCOMMANDS_Generator.c.o
                0x000341e2                ARCOMMANDS_Generator_GenerateARDrone3PilotingStatePositionChanged
 .text.ARCOMMANDS_Generator_GenerateARDrone3PilotingStateSpeedChanged
                0x00034276       0x94 /home/ncs/CAPSTONE/out/arsdk-native/build/libARCommands/obj/gen/Sources/ARCOMMANDS_Generator.c.o
                0x00034276                ARCOMMANDS_Generator_GenerateARDrone3PilotingStateSpeedChanged
 .text.ARCOMMANDS_Generator_GenerateARDrone3PilotingStateAttitudeChanged
                0x0003430a       0x94 /home/ncs/CAPSTONE/out/arsdk-native/build/libARCommands/obj/gen/Sources/ARCOMMANDS_Generator.c.o
                0x0003430a                ARCOMMANDS_Generator_GenerateARDrone3PilotingStateAttitudeChanged
 .text.ARCOMMANDS_Generator_GenerateARDrone3PilotingStateAutoTakeOffModeChanged
                0x0003439e       0x5c /home/ncs/CAPSTONE/out/arsdk-native/build/libARCommands/obj/gen/Sources/ARCOMMANDS_Generator.c.o
                0x0003439e                ARCOMMANDS_Generator_GenerateARDrone3PilotingStateAutoTakeOffModeChanged
 .text.ARCOMMANDS_Generator_GenerateARDrone3PilotingStateAltitudeChanged
                0x000343fa       0x68 /home/ncs/CAPSTONE/out/arsdk-native/build/libARCommands/obj/gen/Sources/ARCOMMANDS_Generator.c.o
                0x000343fa                ARCOMMANDS_Generator_GenerateARDrone3PilotingStateAltitudeChanged
 .text.ARCOMMANDS_Generator_GenerateARDrone3PilotingStateGpsLocationChanged
                0x00034462       0xca /home/ncs/CAPSTONE/out/arsdk-native/build/libARCommands/obj/gen/Sources/ARCOMMANDS_Generator.c.o
                0x00034462                ARCOMMANDS_Generator_GenerateARDrone3PilotingStateGpsLocationChanged
 .text.ARCOMMANDS_Generator_GenerateARDrone3PilotingStateLandingStateChanged
                0x0003452c       0x5c /home/ncs/CAPSTONE/out/arsdk-native/build/libARCommands/obj/gen/Sources/ARCOMMANDS_Generator.c.o
                0x0003452c                ARCOMMANDS_Generator_GenerateARDrone3PilotingStateLandingStateChanged
 .text.ARCOMMANDS_Generator_GenerateARDrone3PilotingEventMoveByEnd
                0x00034588       0xbc /home/ncs/CAPSTONE/out/arsdk-native/build/libARCommands/obj/gen/Sources/ARCOMMANDS_Generator.c.o
                0x00034588                ARCOMMANDS_Generator_GenerateARDrone3PilotingEventMoveByEnd
 .text.ARCOMMANDS_Generator_GenerateARDrone3NetworkStateWifiScanListChanged
                0x00034644       0x92 /home/ncs/CAPSTONE/out/arsdk-native/build/libARCommands/obj/gen/Sources/ARCOMMANDS_Generator.c.o
                0x00034644                ARCOMMANDS_Generator_GenerateARDrone3NetworkStateWifiScanListChanged
 .text.ARCOMMANDS_Generator_GenerateARDrone3NetworkStateAllWifiScanChanged
                0x000346d6       0x4a /home/ncs/CAPSTONE/out/arsdk-native/build/libARCommands/obj/gen/Sources/ARCOMMANDS_Generator.c.o
                0x000346d6                ARCOMMANDS_Generator_GenerateARDrone3NetworkStateAllWifiScanChanged
 .text.ARCOMMANDS_Generator_GenerateARDrone3NetworkStateWifiAuthChannelListChanged
                0x00034720       0x80 /home/ncs/CAPSTONE/out/arsdk-native/build/libARCommands/obj/gen/Sources/ARCOMMANDS_Generator.c.o
                0x00034720                ARCOMMANDS_Generator_GenerateARDrone3NetworkStateWifiAuthChannelListChanged
 .text.ARCOMMANDS_Generator_GenerateARDrone3NetworkStateAllWifiAuthChannelChanged
                0x000347a0       0x4a /home/ncs/CAPSTONE/out/arsdk-native/build/libARCommands/obj/gen/Sources/ARCOMMANDS_Generator.c.o
                0x000347a0                ARCOMMANDS_Generator_GenerateARDrone3NetworkStateAllWifiAuthChannelChanged
 .text.ARCOMMANDS_Generator_GenerateARDrone3PilotingSettingsStateMaxAltitudeChanged
                0x000347ea       0x94 /home/ncs/CAPSTONE/out/arsdk-native/build/libARCommands/obj/gen/Sources/ARCOMMANDS_Generator.c.o
                0x000347ea                ARCOMMANDS_Generator_GenerateARDrone3PilotingSettingsStateMaxAltitudeChanged
 .text.ARCOMMANDS_Generator_GenerateARDrone3PilotingSettingsStateMaxTiltChanged
                0x0003487e       0x94 /home/ncs/CAPSTONE/out/arsdk-native/build/libARCommands/obj/gen/Sources/ARCOMMANDS_Generator.c.o
                0x0003487e                ARCOMMANDS_Generator_GenerateARDrone3PilotingSettingsStateMaxTiltChanged
 .text.ARCOMMANDS_Generator_GenerateARDrone3PilotingSettingsStateAbsolutControlChanged
                0x00034912       0x5c /home/ncs/CAPSTONE/out/arsdk-native/build/libARCommands/obj/gen/Sources/ARCOMMANDS_Generator.c.o
                0x00034912                ARCOMMANDS_Generator_GenerateARDrone3PilotingSettingsStateAbsolutControlChanged
 .text.ARCOMMANDS_Generator_GenerateARDrone3PilotingSettingsStateMaxDistanceChanged
                0x0003496e       0x94 /home/ncs/CAPSTONE/out/arsdk-native/build/libARCommands/obj/gen/Sources/ARCOMMANDS_Generator.c.o
                0x0003496e                ARCOMMANDS_Generator_GenerateARDrone3PilotingSettingsStateMaxDistanceChanged
 .text.ARCOMMANDS_Generator_GenerateARDrone3PilotingSettingsStateNoFlyOverMaxDistanceChanged
                0x00034a02       0x5c /home/ncs/CAPSTONE/out/arsdk-native/build/libARCommands/obj/gen/Sources/ARCOMMANDS_Generator.c.o
                0x00034a02                ARCOMMANDS_Generator_GenerateARDrone3PilotingSettingsStateNoFlyOverMaxDistanceChanged
 .text.ARCOMMANDS_Generator_GenerateARDrone3PilotingSettingsStateAutonomousFlightMaxHorizontalSpeed
                0x00034a5e       0x68 /home/ncs/CAPSTONE/out/arsdk-native/build/libARCommands/obj/gen/Sources/ARCOMMANDS_Generator.c.o
                0x00034a5e                ARCOMMANDS_Generator_GenerateARDrone3PilotingSettingsStateAutonomousFlightMaxHorizontalSpeed
 .text.ARCOMMANDS_Generator_GenerateARDrone3PilotingSettingsStateAutonomousFlightMaxVerticalSpeed
                0x00034ac6       0x68 /home/ncs/CAPSTONE/out/arsdk-native/build/libARCommands/obj/gen/Sources/ARCOMMANDS_Generator.c.o
                0x00034ac6                ARCOMMANDS_Generator_GenerateARDrone3PilotingSettingsStateAutonomousFlightMaxVerticalSpeed
 .text.ARCOMMANDS_Generator_GenerateARDrone3PilotingSettingsStateAutonomousFlightMaxHorizontalAcceleration
                0x00034b2e       0x68 /home/ncs/CAPSTONE/out/arsdk-native/build/libARCommands/obj/gen/Sources/ARCOMMANDS_Generator.c.o
                0x00034b2e                ARCOMMANDS_Generator_GenerateARDrone3PilotingSettingsStateAutonomousFlightMaxHorizontalAcceleration
 .text.ARCOMMANDS_Generator_GenerateARDrone3PilotingSettingsStateAutonomousFlightMaxVerticalAcceleration
                0x00034b96       0x68 /home/ncs/CAPSTONE/out/arsdk-native/build/libARCommands/obj/gen/Sources/ARCOMMANDS_Generator.c.o
                0x00034b96                ARCOMMANDS_Generator_GenerateARDrone3PilotingSettingsStateAutonomousFlightMaxVerticalAcceleration
 .text.ARCOMMANDS_Generator_GenerateARDrone3PilotingSettingsStateAutonomousFlightMaxRotationSpeed
                0x00034bfe       0x68 /home/ncs/CAPSTONE/out/arsdk-native/build/libARCommands/obj/gen/Sources/ARCOMMANDS_Generator.c.o
                0x00034bfe                ARCOMMANDS_Generator_GenerateARDrone3PilotingSettingsStateAutonomousFlightMaxRotationSpeed
 .text.ARCOMMANDS_Generator_GenerateARDrone3PilotingSettingsStateBankedTurnChanged
                0x00034c66       0x5c /home/ncs/CAPSTONE/out/arsdk-native/build/libARCommands/obj/gen/Sources/ARCOMMANDS_Generator.c.o
                0x00034c66                ARCOMMANDS_Generator_GenerateARDrone3PilotingSettingsStateBankedTurnChanged
 .text.ARCOMMANDS_Generator_GenerateARDrone3PilotingSettingsStateMinAltitudeChanged
                0x00034cc2       0x94 /home/ncs/CAPSTONE/out/arsdk-native/build/libARCommands/obj/gen/Sources/ARCOMMANDS_Generator.c.o
                0x00034cc2                ARCOMMANDS_Generator_GenerateARDrone3PilotingSettingsStateMinAltitudeChanged
 .text.ARCOMMANDS_Generator_GenerateARDrone3PilotingSettingsStateCirclingDirectionChanged
                0x00034d56       0x5c /home/ncs/CAPSTONE/out/arsdk-native/build/libARCommands/obj/gen/Sources/ARCOMMANDS_Generator.c.o
                0x00034d56                ARCOMMANDS_Generator_GenerateARDrone3PilotingSettingsStateCirclingDirectionChanged
 .text.ARCOMMANDS_Generator_GenerateARDrone3PilotingSettingsStateCirclingRadiusChanged
                0x00034db2       0x80 /home/ncs/CAPSTONE/out/arsdk-native/build/libARCommands/obj/gen/Sources/ARCOMMANDS_Generator.c.o
                0x00034db2                ARCOMMANDS_Generator_GenerateARDrone3PilotingSettingsStateCirclingRadiusChanged
 .text.ARCOMMANDS_Generator_GenerateARDrone3PilotingSettingsStateCirclingAltitudeChanged
                0x00034e32       0x80 /home/ncs/CAPSTONE/out/arsdk-native/build/libARCommands/obj/gen/Sources/ARCOMMANDS_Generator.c.o
                0x00034e32                ARCOMMANDS_Generator_GenerateARDrone3PilotingSettingsStateCirclingAltitudeChanged
 .text.ARCOMMANDS_Generator_GenerateARDrone3PilotingSettingsStatePitchModeChanged
                0x00034eb2       0x5c /home/ncs/CAPSTONE/out/arsdk-native/build/libARCommands/obj/gen/Sources/ARCOMMANDS_Generator.c.o
                0x00034eb2                ARCOMMANDS_Generator_GenerateARDrone3PilotingSettingsStatePitchModeChanged
 .text.ARCOMMANDS_Generator_GenerateARDrone3SpeedSettingsStateMaxVerticalSpeedChanged
                0x00034f0e       0x94 /home/ncs/CAPSTONE/out/arsdk-native/build/libARCommands/obj/gen/Sources/ARCOMMANDS_Generator.c.o
                0x00034f0e                ARCOMMANDS_Generator_GenerateARDrone3SpeedSettingsStateMaxVerticalSpeedChanged
 .text.ARCOMMANDS_Generator_GenerateARDrone3SpeedSettingsStateMaxRotationSpeedChanged
                0x00034fa2       0x94 /home/ncs/CAPSTONE/out/arsdk-native/build/libARCommands/obj/gen/Sources/ARCOMMANDS_Generator.c.o
                0x00034fa2                ARCOMMANDS_Generator_GenerateARDrone3SpeedSettingsStateMaxRotationSpeedChanged
 .text.ARCOMMANDS_Generator_GenerateARDrone3SpeedSettingsStateHullProtectionChanged
                0x00035036       0x5c /home/ncs/CAPSTONE/out/arsdk-native/build/libARCommands/obj/gen/Sources/ARCOMMANDS_Generator.c.o
                0x00035036                ARCOMMANDS_Generator_GenerateARDrone3SpeedSettingsStateHullProtectionChanged
 .text.ARCOMMANDS_Generator_GenerateARDrone3SpeedSettingsStateOutdoorChanged
                0x00035092       0x5c /home/ncs/CAPSTONE/out/arsdk-native/build/libARCommands/obj/gen/Sources/ARCOMMANDS_Generator.c.o
                0x00035092                ARCOMMANDS_Generator_GenerateARDrone3SpeedSettingsStateOutdoorChanged
 .text.ARCOMMANDS_Generator_GenerateARDrone3SpeedSettingsStateMaxPitchRollRotationSpeedChanged
                0x000350ee       0x94 /home/ncs/CAPSTONE/out/arsdk-native/build/libARCommands/obj/gen/Sources/ARCOMMANDS_Generator.c.o
                0x000350ee                ARCOMMANDS_Generator_GenerateARDrone3SpeedSettingsStateMaxPitchRollRotationSpeedChanged
 .text.ARCOMMANDS_Generator_GenerateARDrone3NetworkSettingsStateWifiSelectionChanged
                0x00035182       0x7e /home/ncs/CAPSTONE/out/arsdk-native/build/libARCommands/obj/gen/Sources/ARCOMMANDS_Generator.c.o
                0x00035182                ARCOMMANDS_Generator_GenerateARDrone3NetworkSettingsStateWifiSelectionChanged
 .text.ARCOMMANDS_Generator_GenerateARDrone3NetworkSettingsStateWifiSecurityChanged
                0x00035200       0x5c /home/ncs/CAPSTONE/out/arsdk-native/build/libARCommands/obj/gen/Sources/ARCOMMANDS_Generator.c.o
                0x00035200                ARCOMMANDS_Generator_GenerateARDrone3NetworkSettingsStateWifiSecurityChanged
 .text.ARCOMMANDS_Generator_GenerateARDrone3NetworkSettingsStateWifiSecurity
                0x0003525c       0x88 /home/ncs/CAPSTONE/out/arsdk-native/build/libARCommands/obj/gen/Sources/ARCOMMANDS_Generator.c.o
                0x0003525c                ARCOMMANDS_Generator_GenerateARDrone3NetworkSettingsStateWifiSecurity
 .text.ARCOMMANDS_Generator_GenerateARDrone3SettingsStateProductMotorVersionListChanged
                0x000352e4       0xac /home/ncs/CAPSTONE/out/arsdk-native/build/libARCommands/obj/gen/Sources/ARCOMMANDS_Generator.c.o
                0x000352e4                ARCOMMANDS_Generator_GenerateARDrone3SettingsStateProductMotorVersionListChanged
 .text.ARCOMMANDS_Generator_GenerateARDrone3SettingsStateProductGPSVersionChanged
                0x00035390       0x7a /home/ncs/CAPSTONE/out/arsdk-native/build/libARCommands/obj/gen/Sources/ARCOMMANDS_Generator.c.o
                0x00035390                ARCOMMANDS_Generator_GenerateARDrone3SettingsStateProductGPSVersionChanged
 .text.ARCOMMANDS_Generator_GenerateARDrone3SettingsStateMotorErrorStateChanged
                0x0003540a       0x6c /home/ncs/CAPSTONE/out/arsdk-native/build/libARCommands/obj/gen/Sources/ARCOMMANDS_Generator.c.o
                0x0003540a                ARCOMMANDS_Generator_GenerateARDrone3SettingsStateMotorErrorStateChanged
 .text.ARCOMMANDS_Generator_GenerateARDrone3SettingsStateMotorSoftwareVersionChanged
                0x00035476       0x5e /home/ncs/CAPSTONE/out/arsdk-native/build/libARCommands/obj/gen/Sources/ARCOMMANDS_Generator.c.o
                0x00035476                ARCOMMANDS_Generator_GenerateARDrone3SettingsStateMotorSoftwareVersionChanged
 .text.ARCOMMANDS_Generator_GenerateARDrone3SettingsStateMotorFlightsStatusChanged
                0x000354d4       0x7e /home/ncs/CAPSTONE/out/arsdk-native/build/libARCommands/obj/gen/Sources/ARCOMMANDS_Generator.c.o
                0x000354d4                ARCOMMANDS_Generator_GenerateARDrone3SettingsStateMotorFlightsStatusChanged
 .text.ARCOMMANDS_Generator_GenerateARDrone3SettingsStateMotorErrorLastErrorChanged
                0x00035552       0x5c /home/ncs/CAPSTONE/out/arsdk-native/build/libARCommands/obj/gen/Sources/ARCOMMANDS_Generator.c.o
                0x00035552                ARCOMMANDS_Generator_GenerateARDrone3SettingsStateMotorErrorLastErrorChanged
 .text.ARCOMMANDS_Generator_GenerateARDrone3SettingsStateP7ID
                0x000355ae       0x5e /home/ncs/CAPSTONE/out/arsdk-native/build/libARCommands/obj/gen/Sources/ARCOMMANDS_Generator.c.o
                0x000355ae                ARCOMMANDS_Generator_GenerateARDrone3SettingsStateP7ID
 .text.ARCOMMANDS_Generator_GenerateARDrone3SettingsStateCPUID
                0x0003560c       0x5e /home/ncs/CAPSTONE/out/arsdk-native/build/libARCommands/obj/gen/Sources/ARCOMMANDS_Generator.c.o
                0x0003560c                ARCOMMANDS_Generator_GenerateARDrone3SettingsStateCPUID
 .text.ARCOMMANDS_Generator_GenerateARDrone3PictureSettingsStatePictureFormatChanged
                0x0003566a       0x5c /home/ncs/CAPSTONE/out/arsdk-native/build/libARCommands/obj/gen/Sources/ARCOMMANDS_Generator.c.o
                0x0003566a                ARCOMMANDS_Generator_GenerateARDrone3PictureSettingsStatePictureFormatChanged
 .text.ARCOMMANDS_Generator_GenerateARDrone3PictureSettingsStateAutoWhiteBalanceChanged
                0x000356c6       0x5c /home/ncs/CAPSTONE/out/arsdk-native/build/libARCommands/obj/gen/Sources/ARCOMMANDS_Generator.c.o
                0x000356c6                ARCOMMANDS_Generator_GenerateARDrone3PictureSettingsStateAutoWhiteBalanceChanged
 .text.ARCOMMANDS_Generator_GenerateARDrone3PictureSettingsStateExpositionChanged
                0x00035722       0x94 /home/ncs/CAPSTONE/out/arsdk-native/build/libARCommands/obj/gen/Sources/ARCOMMANDS_Generator.c.o
                0x00035722                ARCOMMANDS_Generator_GenerateARDrone3PictureSettingsStateExpositionChanged
 .text.ARCOMMANDS_Generator_GenerateARDrone3PictureSettingsStateSaturationChanged
                0x000357b6       0x94 /home/ncs/CAPSTONE/out/arsdk-native/build/libARCommands/obj/gen/Sources/ARCOMMANDS_Generator.c.o
                0x000357b6                ARCOMMANDS_Generator_GenerateARDrone3PictureSettingsStateSaturationChanged
 .text.ARCOMMANDS_Generator_GenerateARDrone3PictureSettingsStateTimelapseChanged
                0x0003584a       0xa6 /home/ncs/CAPSTONE/out/arsdk-native/build/libARCommands/obj/gen/Sources/ARCOMMANDS_Generator.c.o
                0x0003584a                ARCOMMANDS_Generator_GenerateARDrone3PictureSettingsStateTimelapseChanged
 .text.ARCOMMANDS_Generator_GenerateARDrone3PictureSettingsStateVideoAutorecordChanged
                0x000358f0       0x6e /home/ncs/CAPSTONE/out/arsdk-native/build/libARCommands/obj/gen/Sources/ARCOMMANDS_Generator.c.o
                0x000358f0                ARCOMMANDS_Generator_GenerateARDrone3PictureSettingsStateVideoAutorecordChanged
 .text.ARCOMMANDS_Generator_GenerateARDrone3PictureSettingsStateVideoStabilizationModeChanged
                0x0003595e       0x5c /home/ncs/CAPSTONE/out/arsdk-native/build/libARCommands/obj/gen/Sources/ARCOMMANDS_Generator.c.o
                0x0003595e                ARCOMMANDS_Generator_GenerateARDrone3PictureSettingsStateVideoStabilizationModeChanged
 .text.ARCOMMANDS_Generator_GenerateARDrone3PictureSettingsStateVideoRecordingModeChanged
                0x000359ba       0x5c /home/ncs/CAPSTONE/out/arsdk-native/build/libARCommands/obj/gen/Sources/ARCOMMANDS_Generator.c.o
                0x000359ba                ARCOMMANDS_Generator_GenerateARDrone3PictureSettingsStateVideoRecordingModeChanged
 .text.ARCOMMANDS_Generator_GenerateARDrone3PictureSettingsStateVideoFramerateChanged
                0x00035a16       0x5c /home/ncs/CAPSTONE/out/arsdk-native/build/libARCommands/obj/gen/Sources/ARCOMMANDS_Generator.c.o
                0x00035a16                ARCOMMANDS_Generator_GenerateARDrone3PictureSettingsStateVideoFramerateChanged
 .text.ARCOMMANDS_Generator_GenerateARDrone3PictureSettingsStateVideoResolutionsChanged
                0x00035a72       0x5c /home/ncs/CAPSTONE/out/arsdk-native/build/libARCommands/obj/gen/Sources/ARCOMMANDS_Generator.c.o
                0x00035a72                ARCOMMANDS_Generator_GenerateARDrone3PictureSettingsStateVideoResolutionsChanged
 .text.ARCOMMANDS_Generator_GenerateARDrone3MediaStreamingStateVideoEnableChanged
                0x00035ace       0x5c /home/ncs/CAPSTONE/out/arsdk-native/build/libARCommands/obj/gen/Sources/ARCOMMANDS_Generator.c.o
                0x00035ace                ARCOMMANDS_Generator_GenerateARDrone3MediaStreamingStateVideoEnableChanged
 .text.ARCOMMANDS_Generator_GenerateARDrone3MediaStreamingStateVideoStreamModeChanged
                0x00035b2a       0x5c /home/ncs/CAPSTONE/out/arsdk-native/build/libARCommands/obj/gen/Sources/ARCOMMANDS_Generator.c.o
                0x00035b2a                ARCOMMANDS_Generator_GenerateARDrone3MediaStreamingStateVideoStreamModeChanged
 .text.ARCOMMANDS_Generator_GenerateARDrone3GPSSettingsStateHomeChanged
                0x00035b86       0x94 /home/ncs/CAPSTONE/out/arsdk-native/build/libARCommands/obj/gen/Sources/ARCOMMANDS_Generator.c.o
                0x00035b86                ARCOMMANDS_Generator_GenerateARDrone3GPSSettingsStateHomeChanged
 .text.ARCOMMANDS_Generator_GenerateARDrone3GPSSettingsStateResetHomeChanged
                0x00035c1a       0x94 /home/ncs/CAPSTONE/out/arsdk-native/build/libARCommands/obj/gen/Sources/ARCOMMANDS_Generator.c.o
                0x00035c1a                ARCOMMANDS_Generator_GenerateARDrone3GPSSettingsStateResetHomeChanged
 .text.ARCOMMANDS_Generator_GenerateARDrone3GPSSettingsStateGPSFixStateChanged
                0x00035cae       0x5c /home/ncs/CAPSTONE/out/arsdk-native/build/libARCommands/obj/gen/Sources/ARCOMMANDS_Generator.c.o
                0x00035cae                ARCOMMANDS_Generator_GenerateARDrone3GPSSettingsStateGPSFixStateChanged
 .text.ARCOMMANDS_Generator_GenerateARDrone3GPSSettingsStateGPSUpdateStateChanged
                0x00035d0a       0x5c /home/ncs/CAPSTONE/out/arsdk-native/build/libARCommands/obj/gen/Sources/ARCOMMANDS_Generator.c.o
                0x00035d0a                ARCOMMANDS_Generator_GenerateARDrone3GPSSettingsStateGPSUpdateStateChanged
 .text.ARCOMMANDS_Generator_GenerateARDrone3GPSSettingsStateHomeTypeChanged
                0x00035d66       0x5c /home/ncs/CAPSTONE/out/arsdk-native/build/libARCommands/obj/gen/Sources/ARCOMMANDS_Generator.c.o
                0x00035d66                ARCOMMANDS_Generator_GenerateARDrone3GPSSettingsStateHomeTypeChanged
 .text.ARCOMMANDS_Generator_GenerateARDrone3GPSSettingsStateReturnHomeDelayChanged
                0x00035dc2       0x5c /home/ncs/CAPSTONE/out/arsdk-native/build/libARCommands/obj/gen/Sources/ARCOMMANDS_Generator.c.o
                0x00035dc2                ARCOMMANDS_Generator_GenerateARDrone3GPSSettingsStateReturnHomeDelayChanged
 .text.ARCOMMANDS_Generator_GenerateARDrone3CameraStateOrientation
                0x00035e1e       0x6e /home/ncs/CAPSTONE/out/arsdk-native/build/libARCommands/obj/gen/Sources/ARCOMMANDS_Generator.c.o
                0x00035e1e                ARCOMMANDS_Generator_GenerateARDrone3CameraStateOrientation
 .text.ARCOMMANDS_Generator_GenerateARDrone3CameraStateDefaultCameraOrientation
                0x00035e8c       0x6e /home/ncs/CAPSTONE/out/arsdk-native/build/libARCommands/obj/gen/Sources/ARCOMMANDS_Generator.c.o
                0x00035e8c                ARCOMMANDS_Generator_GenerateARDrone3CameraStateDefaultCameraOrientation
 .text.ARCOMMANDS_Generator_GenerateARDrone3AntiflickeringStateElectricFrequencyChanged
                0x00035efa       0x5c /home/ncs/CAPSTONE/out/arsdk-native/build/libARCommands/obj/gen/Sources/ARCOMMANDS_Generator.c.o
                0x00035efa                ARCOMMANDS_Generator_GenerateARDrone3AntiflickeringStateElectricFrequencyChanged
 .text.ARCOMMANDS_Generator_GenerateARDrone3AntiflickeringStateModeChanged
                0x00035f56       0x5c /home/ncs/CAPSTONE/out/arsdk-native/build/libARCommands/obj/gen/Sources/ARCOMMANDS_Generator.c.o
                0x00035f56                ARCOMMANDS_Generator_GenerateARDrone3AntiflickeringStateModeChanged
 .text.ARCOMMANDS_Generator_GenerateARDrone3GPSStateNumberOfSatelliteChanged
                0x00035fb2       0x5c /home/ncs/CAPSTONE/out/arsdk-native/build/libARCommands/obj/gen/Sources/ARCOMMANDS_Generator.c.o
                0x00035fb2                ARCOMMANDS_Generator_GenerateARDrone3GPSStateNumberOfSatelliteChanged
 .text.ARCOMMANDS_Generator_GenerateARDrone3GPSStateHomeTypeAvailabilityChanged
                0x0003600e       0x6e /home/ncs/CAPSTONE/out/arsdk-native/build/libARCommands/obj/gen/Sources/ARCOMMANDS_Generator.c.o
                0x0003600e                ARCOMMANDS_Generator_GenerateARDrone3GPSStateHomeTypeAvailabilityChanged
 .text.ARCOMMANDS_Generator_GenerateARDrone3GPSStateHomeTypeChosenChanged
                0x0003607c       0x5c /home/ncs/CAPSTONE/out/arsdk-native/build/libARCommands/obj/gen/Sources/ARCOMMANDS_Generator.c.o
                0x0003607c                ARCOMMANDS_Generator_GenerateARDrone3GPSStateHomeTypeChosenChanged
 .text.ARCOMMANDS_Generator_GenerateARDrone3PROStateFeatures
                0x000360d8       0x5e /home/ncs/CAPSTONE/out/arsdk-native/build/libARCommands/obj/gen/Sources/ARCOMMANDS_Generator.c.o
                0x000360d8                ARCOMMANDS_Generator_GenerateARDrone3PROStateFeatures
 .text.ARCOMMANDS_Generator_GenerateCommonNetworkDisconnect
                0x00036136       0x4a /home/ncs/CAPSTONE/out/arsdk-native/build/libARCommands/obj/gen/Sources/ARCOMMANDS_Generator.c.o
                0x00036136                ARCOMMANDS_Generator_GenerateCommonNetworkDisconnect
 .text.ARCOMMANDS_Generator_GenerateCommonSettingsAllSettings
                0x00036180       0x4a /home/ncs/CAPSTONE/out/arsdk-native/build/libARCommands/obj/gen/Sources/ARCOMMANDS_Generator.c.o
                0x00036180                ARCOMMANDS_Generator_GenerateCommonSettingsAllSettings
 .text.ARCOMMANDS_Generator_GenerateCommonSettingsReset
                0x000361ca       0x4a /home/ncs/CAPSTONE/out/arsdk-native/build/libARCommands/obj/gen/Sources/ARCOMMANDS_Generator.c.o
                0x000361ca                ARCOMMANDS_Generator_GenerateCommonSettingsReset
 .text.ARCOMMANDS_Generator_GenerateCommonSettingsProductName
                0x00036214       0x5e /home/ncs/CAPSTONE/out/arsdk-native/build/libARCommands/obj/gen/Sources/ARCOMMANDS_Generator.c.o
                0x00036214                ARCOMMANDS_Generator_GenerateCommonSettingsProductName
 .text.ARCOMMANDS_Generator_GenerateCommonSettingsCountry
                0x00036272       0x5e /home/ncs/CAPSTONE/out/arsdk-native/build/libARCommands/obj/gen/Sources/ARCOMMANDS_Generator.c.o
                0x00036272                ARCOMMANDS_Generator_GenerateCommonSettingsCountry
 .text.ARCOMMANDS_Generator_GenerateCommonSettingsAutoCountry
                0x000362d0       0x5c /home/ncs/CAPSTONE/out/arsdk-native/build/libARCommands/obj/gen/Sources/ARCOMMANDS_Generator.c.o
                0x000362d0                ARCOMMANDS_Generator_GenerateCommonSettingsAutoCountry
 .text.ARCOMMANDS_Generator_GenerateCommonCommonAllStates
                0x0003632c       0x4a /home/ncs/CAPSTONE/out/arsdk-native/build/libARCommands/obj/gen/Sources/ARCOMMANDS_Generator.c.o
                0x0003632c                ARCOMMANDS_Generator_GenerateCommonCommonAllStates
 .text.ARCOMMANDS_Generator_GenerateCommonCommonCurrentDate
                0x00036376       0x5e /home/ncs/CAPSTONE/out/arsdk-native/build/libARCommands/obj/gen/Sources/ARCOMMANDS_Generator.c.o
                0x00036376                ARCOMMANDS_Generator_GenerateCommonCommonCurrentDate
 .text.ARCOMMANDS_Generator_GenerateCommonCommonCurrentTime
                0x000363d4       0x5e /home/ncs/CAPSTONE/out/arsdk-native/build/libARCommands/obj/gen/Sources/ARCOMMANDS_Generator.c.o
                0x000363d4                ARCOMMANDS_Generator_GenerateCommonCommonCurrentTime
 .text.ARCOMMANDS_Generator_GenerateCommonCommonReboot
                0x00036432       0x4a /home/ncs/CAPSTONE/out/arsdk-native/build/libARCommands/obj/gen/Sources/ARCOMMANDS_Generator.c.o
                0x00036432                ARCOMMANDS_Generator_GenerateCommonCommonReboot
 .text.ARCOMMANDS_Generator_GenerateCommonOverHeatSwitchOff
                0x0003647c       0x4a /home/ncs/CAPSTONE/out/arsdk-native/build/libARCommands/obj/gen/Sources/ARCOMMANDS_Generator.c.o
                0x0003647c                ARCOMMANDS_Generator_GenerateCommonOverHeatSwitchOff
 .text.ARCOMMANDS_Generator_GenerateCommonOverHeatVentilate
                0x000364c6       0x4a /home/ncs/CAPSTONE/out/arsdk-native/build/libARCommands/obj/gen/Sources/ARCOMMANDS_Generator.c.o
                0x000364c6                ARCOMMANDS_Generator_GenerateCommonOverHeatVentilate
 .text.ARCOMMANDS_Generator_GenerateCommonControllerIsPiloting
                0x00036510       0x5c /home/ncs/CAPSTONE/out/arsdk-native/build/libARCommands/obj/gen/Sources/ARCOMMANDS_Generator.c.o
                0x00036510                ARCOMMANDS_Generator_GenerateCommonControllerIsPiloting
 .text.ARCOMMANDS_Generator_GenerateCommonWifiSettingsOutdoorSetting
                0x0003656c       0x5c /home/ncs/CAPSTONE/out/arsdk-native/build/libARCommands/obj/gen/Sources/ARCOMMANDS_Generator.c.o
                0x0003656c                ARCOMMANDS_Generator_GenerateCommonWifiSettingsOutdoorSetting
 .text.ARCOMMANDS_Generator_GenerateCommonMavlinkStart
                0x000365c8       0x6e /home/ncs/CAPSTONE/out/arsdk-native/build/libARCommands/obj/gen/Sources/ARCOMMANDS_Generator.c.o
                0x000365c8                ARCOMMANDS_Generator_GenerateCommonMavlinkStart
 .text.ARCOMMANDS_Generator_GenerateCommonMavlinkPause
                0x00036636       0x4a /home/ncs/CAPSTONE/out/arsdk-native/build/libARCommands/obj/gen/Sources/ARCOMMANDS_Generator.c.o
                0x00036636                ARCOMMANDS_Generator_GenerateCommonMavlinkPause
 .text.ARCOMMANDS_Generator_GenerateCommonMavlinkStop
                0x00036680       0x4a /home/ncs/CAPSTONE/out/arsdk-native/build/libARCommands/obj/gen/Sources/ARCOMMANDS_Generator.c.o
                0x00036680                ARCOMMANDS_Generator_GenerateCommonMavlinkStop
 .text.ARCOMMANDS_Generator_GenerateCommonCalibrationMagnetoCalibration
                0x000366ca       0x5c /home/ncs/CAPSTONE/out/arsdk-native/build/libARCommands/obj/gen/Sources/ARCOMMANDS_Generator.c.o
                0x000366ca                ARCOMMANDS_Generator_GenerateCommonCalibrationMagnetoCalibration
 .text.ARCOMMANDS_Generator_GenerateCommonCalibrationPitotCalibration
                0x00036726       0x5c /home/ncs/CAPSTONE/out/arsdk-native/build/libARCommands/obj/gen/Sources/ARCOMMANDS_Generator.c.o
                0x00036726                ARCOMMANDS_Generator_GenerateCommonCalibrationPitotCalibration
 .text.ARCOMMANDS_Generator_GenerateCommonGPSControllerPositionForRun
                0x00036782       0x7e /home/ncs/CAPSTONE/out/arsdk-native/build/libARCommands/obj/gen/Sources/ARCOMMANDS_Generator.c.o
                0x00036782                ARCOMMANDS_Generator_GenerateCommonGPSControllerPositionForRun
 .text.ARCOMMANDS_Generator_GenerateCommonAudioControllerReadyForStreaming
                0x00036800       0x5c /home/ncs/CAPSTONE/out/arsdk-native/build/libARCommands/obj/gen/Sources/ARCOMMANDS_Generator.c.o
                0x00036800                ARCOMMANDS_Generator_GenerateCommonAudioControllerReadyForStreaming
 .text.ARCOMMANDS_Generator_GenerateCommonHeadlightsIntensity
                0x0003685c       0x6e /home/ncs/CAPSTONE/out/arsdk-native/build/libARCommands/obj/gen/Sources/ARCOMMANDS_Generator.c.o
                0x0003685c                ARCOMMANDS_Generator_GenerateCommonHeadlightsIntensity
 .text.ARCOMMANDS_Generator_GenerateCommonAnimationsStartAnimation
                0x000368ca       0x5c /home/ncs/CAPSTONE/out/arsdk-native/build/libARCommands/obj/gen/Sources/ARCOMMANDS_Generator.c.o
                0x000368ca                ARCOMMANDS_Generator_GenerateCommonAnimationsStartAnimation
 .text.ARCOMMANDS_Generator_GenerateCommonAnimationsStopAnimation
                0x00036926       0x5c /home/ncs/CAPSTONE/out/arsdk-native/build/libARCommands/obj/gen/Sources/ARCOMMANDS_Generator.c.o
                0x00036926                ARCOMMANDS_Generator_GenerateCommonAnimationsStopAnimation
 .text.ARCOMMANDS_Generator_GenerateCommonAnimationsStopAllAnimations
                0x00036982       0x4a /home/ncs/CAPSTONE/out/arsdk-native/build/libARCommands/obj/gen/Sources/ARCOMMANDS_Generator.c.o
                0x00036982                ARCOMMANDS_Generator_GenerateCommonAnimationsStopAllAnimations
 .text.ARCOMMANDS_Generator_GenerateCommonAccessoryConfig
                0x000369cc       0x5c /home/ncs/CAPSTONE/out/arsdk-native/build/libARCommands/obj/gen/Sources/ARCOMMANDS_Generator.c.o
                0x000369cc                ARCOMMANDS_Generator_GenerateCommonAccessoryConfig
 .text.ARCOMMANDS_Generator_GenerateCommonChargerSetMaxChargeRate
                0x00036a28       0x5c /home/ncs/CAPSTONE/out/arsdk-native/build/libARCommands/obj/gen/Sources/ARCOMMANDS_Generator.c.o
                0x00036a28                ARCOMMANDS_Generator_GenerateCommonChargerSetMaxChargeRate
 .text.ARCOMMANDS_Generator_GenerateCommonNetworkEventDisconnection
                0x00036a84       0x5c /home/ncs/CAPSTONE/out/arsdk-native/build/libARCommands/obj/gen/Sources/ARCOMMANDS_Generator.c.o
                0x00036a84                ARCOMMANDS_Generator_GenerateCommonNetworkEventDisconnection
 .text.ARCOMMANDS_Generator_GenerateCommonSettingsStateAllSettingsChanged
                0x00036ae0       0x4a /home/ncs/CAPSTONE/out/arsdk-native/build/libARCommands/obj/gen/Sources/ARCOMMANDS_Generator.c.o
                0x00036ae0                ARCOMMANDS_Generator_GenerateCommonSettingsStateAllSettingsChanged
 .text.ARCOMMANDS_Generator_GenerateCommonSettingsStateResetChanged
                0x00036b2a       0x4a /home/ncs/CAPSTONE/out/arsdk-native/build/libARCommands/obj/gen/Sources/ARCOMMANDS_Generator.c.o
                0x00036b2a                ARCOMMANDS_Generator_GenerateCommonSettingsStateResetChanged
 .text.ARCOMMANDS_Generator_GenerateCommonSettingsStateProductNameChanged
                0x00036b74       0x5e /home/ncs/CAPSTONE/out/arsdk-native/build/libARCommands/obj/gen/Sources/ARCOMMANDS_Generator.c.o
                0x00036b74                ARCOMMANDS_Generator_GenerateCommonSettingsStateProductNameChanged
 .text.ARCOMMANDS_Generator_GenerateCommonSettingsStateProductVersionChanged
                0x00036bd2       0x7a /home/ncs/CAPSTONE/out/arsdk-native/build/libARCommands/obj/gen/Sources/ARCOMMANDS_Generator.c.o
                0x00036bd2                ARCOMMANDS_Generator_GenerateCommonSettingsStateProductVersionChanged
 .text.ARCOMMANDS_Generator_GenerateCommonSettingsStateProductSerialHighChanged
                0x00036c4c       0x5e /home/ncs/CAPSTONE/out/arsdk-native/build/libARCommands/obj/gen/Sources/ARCOMMANDS_Generator.c.o
                0x00036c4c                ARCOMMANDS_Generator_GenerateCommonSettingsStateProductSerialHighChanged
 .text.ARCOMMANDS_Generator_GenerateCommonSettingsStateProductSerialLowChanged
                0x00036caa       0x5e /home/ncs/CAPSTONE/out/arsdk-native/build/libARCommands/obj/gen/Sources/ARCOMMANDS_Generator.c.o
                0x00036caa                ARCOMMANDS_Generator_GenerateCommonSettingsStateProductSerialLowChanged
 .text.ARCOMMANDS_Generator_GenerateCommonSettingsStateCountryChanged
                0x00036d08       0x5e /home/ncs/CAPSTONE/out/arsdk-native/build/libARCommands/obj/gen/Sources/ARCOMMANDS_Generator.c.o
                0x00036d08                ARCOMMANDS_Generator_GenerateCommonSettingsStateCountryChanged
 .text.ARCOMMANDS_Generator_GenerateCommonSettingsStateAutoCountryChanged
                0x00036d66       0x5c /home/ncs/CAPSTONE/out/arsdk-native/build/libARCommands/obj/gen/Sources/ARCOMMANDS_Generator.c.o
                0x00036d66                ARCOMMANDS_Generator_GenerateCommonSettingsStateAutoCountryChanged
 .text.ARCOMMANDS_Generator_GenerateCommonCommonStateAllStatesChanged
                0x00036dc2       0x4a /home/ncs/CAPSTONE/out/arsdk-native/build/libARCommands/obj/gen/Sources/ARCOMMANDS_Generator.c.o
                0x00036dc2                ARCOMMANDS_Generator_GenerateCommonCommonStateAllStatesChanged
 .text.ARCOMMANDS_Generator_GenerateCommonCommonStateBatteryStateChanged
                0x00036e0c       0x5c /home/ncs/CAPSTONE/out/arsdk-native/build/libARCommands/obj/gen/Sources/ARCOMMANDS_Generator.c.o
                0x00036e0c                ARCOMMANDS_Generator_GenerateCommonCommonStateBatteryStateChanged
 .text.ARCOMMANDS_Generator_GenerateCommonCommonStateMassStorageStateListChanged
                0x00036e68       0x78 /home/ncs/CAPSTONE/out/arsdk-native/build/libARCommands/obj/gen/Sources/ARCOMMANDS_Generator.c.o
                0x00036e68                ARCOMMANDS_Generator_GenerateCommonCommonStateMassStorageStateListChanged
 .text.ARCOMMANDS_Generator_GenerateCommonCommonStateMassStorageInfoStateListChanged
                0x00036ee0       0xb2 /home/ncs/CAPSTONE/out/arsdk-native/build/libARCommands/obj/gen/Sources/ARCOMMANDS_Generator.c.o
                0x00036ee0                ARCOMMANDS_Generator_GenerateCommonCommonStateMassStorageInfoStateListChanged
 .text.ARCOMMANDS_Generator_GenerateCommonCommonStateCurrentDateChanged
                0x00036f92       0x5e /home/ncs/CAPSTONE/out/arsdk-native/build/libARCommands/obj/gen/Sources/ARCOMMANDS_Generator.c.o
                0x00036f92                ARCOMMANDS_Generator_GenerateCommonCommonStateCurrentDateChanged
 .text.ARCOMMANDS_Generator_GenerateCommonCommonStateCurrentTimeChanged
                0x00036ff0       0x5e /home/ncs/CAPSTONE/out/arsdk-native/build/libARCommands/obj/gen/Sources/ARCOMMANDS_Generator.c.o
                0x00036ff0                ARCOMMANDS_Generator_GenerateCommonCommonStateCurrentTimeChanged
 .text.ARCOMMANDS_Generator_GenerateCommonCommonStateMassStorageInfoRemainingListChanged
                0x0003704e       0x7e /home/ncs/CAPSTONE/out/arsdk-native/build/libARCommands/obj/gen/Sources/ARCOMMANDS_Generator.c.o
                0x0003704e                ARCOMMANDS_Generator_GenerateCommonCommonStateMassStorageInfoRemainingListChanged
 .text.ARCOMMANDS_Generator_GenerateCommonCommonStateWifiSignalChanged
                0x000370cc       0x5c /home/ncs/CAPSTONE/out/arsdk-native/build/libARCommands/obj/gen/Sources/ARCOMMANDS_Generator.c.o
                0x000370cc                ARCOMMANDS_Generator_GenerateCommonCommonStateWifiSignalChanged
 .text.ARCOMMANDS_Generator_GenerateCommonCommonStateSensorsStatesListChanged
                0x00037128       0x6e /home/ncs/CAPSTONE/out/arsdk-native/build/libARCommands/obj/gen/Sources/ARCOMMANDS_Generator.c.o
                0x00037128                ARCOMMANDS_Generator_GenerateCommonCommonStateSensorsStatesListChanged
 .text.ARCOMMANDS_Generator_GenerateCommonCommonStateProductModel
                0x00037196       0x5c /home/ncs/CAPSTONE/out/arsdk-native/build/libARCommands/obj/gen/Sources/ARCOMMANDS_Generator.c.o
                0x00037196                ARCOMMANDS_Generator_GenerateCommonCommonStateProductModel
 .text.ARCOMMANDS_Generator_GenerateCommonCommonStateCountryListKnown
                0x000371f2       0x78 /home/ncs/CAPSTONE/out/arsdk-native/build/libARCommands/obj/gen/Sources/ARCOMMANDS_Generator.c.o
                0x000371f2                ARCOMMANDS_Generator_GenerateCommonCommonStateCountryListKnown
 .text.ARCOMMANDS_Generator_GenerateCommonCommonStateDeprecatedMassStorageContentChanged
                0x0003726a       0xa4 /home/ncs/CAPSTONE/out/arsdk-native/build/libARCommands/obj/gen/Sources/ARCOMMANDS_Generator.c.o
                0x0003726a                ARCOMMANDS_Generator_GenerateCommonCommonStateDeprecatedMassStorageContentChanged
 .text.ARCOMMANDS_Generator_GenerateCommonCommonStateMassStorageContent
                0x0003730e       0xb6 /home/ncs/CAPSTONE/out/arsdk-native/build/libARCommands/obj/gen/Sources/ARCOMMANDS_Generator.c.o
                0x0003730e                ARCOMMANDS_Generator_GenerateCommonCommonStateMassStorageContent
 .text.ARCOMMANDS_Generator_GenerateCommonCommonStateMassStorageContentForCurrentRun
                0x000373c4       0x92 /home/ncs/CAPSTONE/out/arsdk-native/build/libARCommands/obj/gen/Sources/ARCOMMANDS_Generator.c.o
                0x000373c4                ARCOMMANDS_Generator_GenerateCommonCommonStateMassStorageContentForCurrentRun
 .text.ARCOMMANDS_Generator_GenerateCommonOverHeatStateOverHeatChanged
                0x00037456       0x4a /home/ncs/CAPSTONE/out/arsdk-native/build/libARCommands/obj/gen/Sources/ARCOMMANDS_Generator.c.o
                0x00037456                ARCOMMANDS_Generator_GenerateCommonOverHeatStateOverHeatChanged
 .text.ARCOMMANDS_Generator_GenerateCommonOverHeatStateOverHeatRegulationChanged
                0x000374a0       0x5c /home/ncs/CAPSTONE/out/arsdk-native/build/libARCommands/obj/gen/Sources/ARCOMMANDS_Generator.c.o
                0x000374a0                ARCOMMANDS_Generator_GenerateCommonOverHeatStateOverHeatRegulationChanged
 .text.ARCOMMANDS_Generator_GenerateCommonWifiSettingsStateOutdoorSettingsChanged
                0x000374fc       0x5c /home/ncs/CAPSTONE/out/arsdk-native/build/libARCommands/obj/gen/Sources/ARCOMMANDS_Generator.c.o
                0x000374fc                ARCOMMANDS_Generator_GenerateCommonWifiSettingsStateOutdoorSettingsChanged
 .text.ARCOMMANDS_Generator_GenerateCommonMavlinkStateMavlinkFilePlayingStateChanged
                0x00037558       0x88 /home/ncs/CAPSTONE/out/arsdk-native/build/libARCommands/obj/gen/Sources/ARCOMMANDS_Generator.c.o
                0x00037558                ARCOMMANDS_Generator_GenerateCommonMavlinkStateMavlinkFilePlayingStateChanged
 .text.ARCOMMANDS_Generator_GenerateCommonMavlinkStateMavlinkPlayErrorStateChanged
                0x000375e0       0x5c /home/ncs/CAPSTONE/out/arsdk-native/build/libARCommands/obj/gen/Sources/ARCOMMANDS_Generator.c.o
                0x000375e0                ARCOMMANDS_Generator_GenerateCommonMavlinkStateMavlinkPlayErrorStateChanged
 .text.ARCOMMANDS_Generator_GenerateCommonCalibrationStateMagnetoCalibrationStateChanged
                0x0003763c       0x92 /home/ncs/CAPSTONE/out/arsdk-native/build/libARCommands/obj/gen/Sources/ARCOMMANDS_Generator.c.o
                0x0003763c                ARCOMMANDS_Generator_GenerateCommonCalibrationStateMagnetoCalibrationStateChanged
 .text.ARCOMMANDS_Generator_GenerateCommonCalibrationStateMagnetoCalibrationRequiredState
                0x000376ce       0x5c /home/ncs/CAPSTONE/out/arsdk-native/build/libARCommands/obj/gen/Sources/ARCOMMANDS_Generator.c.o
                0x000376ce                ARCOMMANDS_Generator_GenerateCommonCalibrationStateMagnetoCalibrationRequiredState
 .text.ARCOMMANDS_Generator_GenerateCommonCalibrationStateMagnetoCalibrationAxisToCalibrateChanged
                0x0003772a       0x5c /home/ncs/CAPSTONE/out/arsdk-native/build/libARCommands/obj/gen/Sources/ARCOMMANDS_Generator.c.o
                0x0003772a                ARCOMMANDS_Generator_GenerateCommonCalibrationStateMagnetoCalibrationAxisToCalibrateChanged
 .text.ARCOMMANDS_Generator_GenerateCommonCalibrationStateMagnetoCalibrationStartedChanged
                0x00037786       0x5c /home/ncs/CAPSTONE/out/arsdk-native/build/libARCommands/obj/gen/Sources/ARCOMMANDS_Generator.c.o
                0x00037786                ARCOMMANDS_Generator_GenerateCommonCalibrationStateMagnetoCalibrationStartedChanged
 .text.ARCOMMANDS_Generator_GenerateCommonCalibrationStatePitotCalibrationStateChanged
                0x000377e2       0x6e /home/ncs/CAPSTONE/out/arsdk-native/build/libARCommands/obj/gen/Sources/ARCOMMANDS_Generator.c.o
                0x000377e2                ARCOMMANDS_Generator_GenerateCommonCalibrationStatePitotCalibrationStateChanged
 .text.ARCOMMANDS_Generator_GenerateCommonCameraSettingsStateCameraSettingsChanged
                0x00037850       0xc0 /home/ncs/CAPSTONE/out/arsdk-native/build/libARCommands/obj/gen/Sources/ARCOMMANDS_Generator.c.o
                0x00037850                ARCOMMANDS_Generator_GenerateCommonCameraSettingsStateCameraSettingsChanged
 .text.ARCOMMANDS_Generator_GenerateCommonFlightPlanStateAvailabilityStateChanged
                0x00037910       0x5c /home/ncs/CAPSTONE/out/arsdk-native/build/libARCommands/obj/gen/Sources/ARCOMMANDS_Generator.c.o
                0x00037910                ARCOMMANDS_Generator_GenerateCommonFlightPlanStateAvailabilityStateChanged
 .text.ARCOMMANDS_Generator_GenerateCommonFlightPlanStateComponentStateListChanged
                0x0003796c       0x6e /home/ncs/CAPSTONE/out/arsdk-native/build/libARCommands/obj/gen/Sources/ARCOMMANDS_Generator.c.o
                0x0003796c                ARCOMMANDS_Generator_GenerateCommonFlightPlanStateComponentStateListChanged
 .text.ARCOMMANDS_Generator_GenerateCommonFlightPlanStateLockStateChanged
                0x000379da       0x5c /home/ncs/CAPSTONE/out/arsdk-native/build/libARCommands/obj/gen/Sources/ARCOMMANDS_Generator.c.o
                0x000379da                ARCOMMANDS_Generator_GenerateCommonFlightPlanStateLockStateChanged
 .text.ARCOMMANDS_Generator_GenerateCommonFlightPlanEventStartingErrorEvent
                0x00037a36       0x4a /home/ncs/CAPSTONE/out/arsdk-native/build/libARCommands/obj/gen/Sources/ARCOMMANDS_Generator.c.o
                0x00037a36                ARCOMMANDS_Generator_GenerateCommonFlightPlanEventStartingErrorEvent
 .text.ARCOMMANDS_Generator_GenerateCommonFlightPlanEventSpeedBridleEvent
                0x00037a80       0x4a /home/ncs/CAPSTONE/out/arsdk-native/build/libARCommands/obj/gen/Sources/ARCOMMANDS_Generator.c.o
                0x00037a80                ARCOMMANDS_Generator_GenerateCommonFlightPlanEventSpeedBridleEvent
 .text.ARCOMMANDS_Generator_GenerateCommonARLibsVersionsStateControllerLibARCommandsVersion
                0x00037aca       0x5e /home/ncs/CAPSTONE/out/arsdk-native/build/libARCommands/obj/gen/Sources/ARCOMMANDS_Generator.c.o
                0x00037aca                ARCOMMANDS_Generator_GenerateCommonARLibsVersionsStateControllerLibARCommandsVersion
 .text.ARCOMMANDS_Generator_GenerateCommonARLibsVersionsStateSkyControllerLibARCommandsVersion
                0x00037b28       0x5e /home/ncs/CAPSTONE/out/arsdk-native/build/libARCommands/obj/gen/Sources/ARCOMMANDS_Generator.c.o
                0x00037b28                ARCOMMANDS_Generator_GenerateCommonARLibsVersionsStateSkyControllerLibARCommandsVersion
 .text.ARCOMMANDS_Generator_GenerateCommonARLibsVersionsStateDeviceLibARCommandsVersion
                0x00037b86       0x5e /home/ncs/CAPSTONE/out/arsdk-native/build/libARCommands/obj/gen/Sources/ARCOMMANDS_Generator.c.o
                0x00037b86                ARCOMMANDS_Generator_GenerateCommonARLibsVersionsStateDeviceLibARCommandsVersion
 .text.ARCOMMANDS_Generator_GenerateCommonAudioStateAudioStreamingRunning
                0x00037be4       0x5c /home/ncs/CAPSTONE/out/arsdk-native/build/libARCommands/obj/gen/Sources/ARCOMMANDS_Generator.c.o
                0x00037be4                ARCOMMANDS_Generator_GenerateCommonAudioStateAudioStreamingRunning
 .text.ARCOMMANDS_Generator_GenerateCommonHeadlightsStateIntensityChanged
                0x00037c40       0x6e /home/ncs/CAPSTONE/out/arsdk-native/build/libARCommands/obj/gen/Sources/ARCOMMANDS_Generator.c.o
                0x00037c40                ARCOMMANDS_Generator_GenerateCommonHeadlightsStateIntensityChanged
 .text.ARCOMMANDS_Generator_GenerateCommonAnimationsStateList
                0x00037cae       0x7c /home/ncs/CAPSTONE/out/arsdk-native/build/libARCommands/obj/gen/Sources/ARCOMMANDS_Generator.c.o
[...]
                0x00078ce0                ARCOMMANDS_ReadWrite_Read8FromBuffer
 *fill*         0x00078cfe        0x2 
 .text.ARCOMMANDS_ReadWrite_Read16FromBuffer
                0x00078d00       0x4c /home/ncs/CAPSTONE/out/arsdk-native/build/libARCommands/obj/gen/Sources/ARCOMMANDS_ReadWrite.c.o
                0x00078d00                ARCOMMANDS_ReadWrite_Read16FromBuffer
 .text.ARCOMMANDS_ReadWrite_Read32FromBuffer
                0x00078d4c       0x48 /home/ncs/CAPSTONE/out/arsdk-native/build/libARCommands/obj/gen/Sources/ARCOMMANDS_ReadWrite.c.o
                0x00078d4c                ARCOMMANDS_ReadWrite_Read32FromBuffer
 .text.ARCOMMANDS_ReadWrite_Read64FromBuffer
                0x00078d94       0x54 /home/ncs/CAPSTONE/out/arsdk-native/build/libARCommands/obj/gen/Sources/ARCOMMANDS_ReadWrite.c.o
                0x00078d94                ARCOMMANDS_ReadWrite_Read64FromBuffer
 .text.ARCOMMANDS_ReadWrite_ReadFloatFromBuffer
                0x00078de8       0x44 /home/ncs/CAPSTONE/out/arsdk-native/build/libARCommands/obj/gen/Sources/ARCOMMANDS_ReadWrite.c.o
                0x00078de8                ARCOMMANDS_ReadWrite_ReadFloatFromBuffer
 .text.ARCOMMANDS_ReadWrite_ReadDoubleFromBuffer
                0x00078e2c       0x54 /home/ncs/CAPSTONE/out/arsdk-native/build/libARCommands/obj/gen/Sources/ARCOMMANDS_ReadWrite.c.o
                0x00078e2c                ARCOMMANDS_ReadWrite_ReadDoubleFromBuffer
 .text.ARCOMMANDS_ReadWrite_ReadStringFromBuffer
                0x00078e80       0x22 /home/ncs/CAPSTONE/out/arsdk-native/build/libARCommands/obj/gen/Sources/ARCOMMANDS_ReadWrite.c.o
                0x00078e80                ARCOMMANDS_ReadWrite_ReadStringFromBuffer
 .text.ARCOMMANDS_ReadWrite_WriteString
                0x00078ea2       0x30 /home/ncs/CAPSTONE/out/arsdk-native/build/libARCommands/obj/gen/Sources/ARCOMMANDS_ReadWrite.c.o
                0x00078ea2                ARCOMMANDS_ReadWrite_WriteString
 *fill*         0x00078ed2        0x2 
 .text.ARCOMMANDS_ReadWrite_PrintU8
                0x00078ed4       0x44 /home/ncs/CAPSTONE/out/arsdk-native/build/libARCommands/obj/gen/Sources/ARCOMMANDS_ReadWrite.c.o
                0x00078ed4                ARCOMMANDS_ReadWrite_PrintU8
 .text.ARCOMMANDS_ReadWrite_PrintI8
                0x00078f18       0x44 /home/ncs/CAPSTONE/out/arsdk-native/build/libARCommands/obj/gen/Sources/ARCOMMANDS_ReadWrite.c.o
                0x00078f18                ARCOMMANDS_ReadWrite_PrintI8
 .text.ARCOMMANDS_ReadWrite_PrintU16
                0x00078f5c       0x44 /home/ncs/CAPSTONE/out/arsdk-native/build/libARCommands/obj/gen/Sources/ARCOMMANDS_ReadWrite.c.o
                0x00078f5c                ARCOMMANDS_ReadWrite_PrintU16
 .text.ARCOMMANDS_ReadWrite_PrintI16
                0x00078fa0       0x44 /home/ncs/CAPSTONE/out/arsdk-native/build/libARCommands/obj/gen/Sources/ARCOMMANDS_ReadWrite.c.o
                0x00078fa0                ARCOMMANDS_ReadWrite_PrintI16
 .text.ARCOMMANDS_ReadWrite_PrintU32
                0x00078fe4       0x44 /home/ncs/CAPSTONE/out/arsdk-native/build/libARCommands/obj/gen/Sources/ARCOMMANDS_ReadWrite.c.o
                0x00078fe4                ARCOMMANDS_ReadWrite_PrintU32
 .text.ARCOMMANDS_ReadWrite_PrintI32
                0x00079028       0x44 /home/ncs/CAPSTONE/out/arsdk-native/build/libARCommands/obj/gen/Sources/ARCOMMANDS_ReadWrite.c.o
                0x00079028                ARCOMMANDS_ReadWrite_PrintI32
 .text.ARCOMMANDS_ReadWrite_PrintU64
                0x0007906c       0x50 /home/ncs/CAPSTONE/out/arsdk-native/build/libARCommands/obj/gen/Sources/ARCOMMANDS_ReadWrite.c.o
                0x0007906c                ARCOMMANDS_ReadWrite_PrintU64
 .text.ARCOMMANDS_ReadWrite_PrintFloat
                0x000790bc       0x50 /home/ncs/CAPSTONE/out/arsdk-native/build/libARCommands/obj/gen/Sources/ARCOMMANDS_ReadWrite.c.o
                0x000790bc                ARCOMMANDS_ReadWrite_PrintFloat
 .text.ARCOMMANDS_ReadWrite_PrintDouble
                0x0007910c       0x4c /home/ncs/CAPSTONE/out/arsdk-native/build/libARCommands/obj/gen/Sources/ARCOMMANDS_ReadWrite.c.o
                0x0007910c                ARCOMMANDS_ReadWrite_PrintDouble
 .text.ARCOMMANDS_ReadWrite_PrintString
                0x00079158       0x26 /home/ncs/CAPSTONE/out/arsdk-native/build/libARCommands/obj/gen/Sources/ARCOMMANDS_ReadWrite.c.o
                0x00079158                ARCOMMANDS_ReadWrite_PrintString
 *fill*         0x0007917e        0x2 
 .text.ARCOMMANDS_ReadWrite_PrintString.__stub
                0x00079180        0x4 linker stubs
 *(.gnu.warning)
 *(.glue_7t)
 .glue_7t       0x00079184        0x0 linker stubs
 *(.glue_7)
 .glue_7        0x00079184        0x0 linker stubs
 *(.vfp11_veneer)
 .vfp11_veneer  0x00079184        0x0 linker stubs
 *(.v4_bx)
 .v4_bx         0x00079184        0x0 linker stubs

.fini           0x00079184        0x8
 *(SORT(.fini))
 .fini          0x00079184        0x4 /usr/lib/gcc/arm-linux-gnueabihf/5/../../../arm-linux-gnueabihf/crti.o
                0x00079184                _fini
 .fini          0x00079188        0x4 /usr/lib/gcc/arm-linux-gnueabihf/5/../../../arm-linux-gnueabihf/crtn.o
                [!provide]                PROVIDE (__etext, .)
                [!provide]                PROVIDE (_etext, .)
                [!provide]                PROVIDE (etext, .)

.rodata         0x0007918c     0x805e
 *(.rodata .rodata.* .gnu.linkonce.r.*)
 .rodata.str1.1
                0x0007918c        0xc /home/ncs/CAPSTONE/out/arsdk-native/build/libARCommands/obj/Sources/ARCOMMANDS_Version.c.o
 .rodata.str1.1
                0x00079198     0x8044 /home/ncs/CAPSTONE/out/arsdk-native/build/libARCommands/obj/gen/Sources/ARCOMMANDS_Decoder.c.o
                               0x805f (size before relaxing)
 .rodata.str1.1
                0x000811dc        0xe /home/ncs/CAPSTONE/out/arsdk-native/build/libARCommands/obj/gen/Sources/ARCOMMANDS_ReadWrite.c.o

.rodata1
 *(.rodata1)

.ARM.extab
 *(.ARM.extab* .gnu.linkonce.armextab.*)
                [!provide]                PROVIDE (__exidx_start, .)

.ARM.exidx
 *(.ARM.exidx* .gnu.linkonce.armexidx.*)
                [!provide]                PROVIDE (__exidx_end, .)

.eh_frame_hdr
 *(.eh_frame_hdr)
 *(.eh_frame_entry .eh_frame_entry.*)

.eh_frame       0x000811ec        0x4
 *(.eh_frame)
 .eh_frame      0x000811ec        0x4 /usr/lib/gcc/arm-linux-gnueabihf/5/crtendS.o
 *(.eh_frame.*)

.gcc_except_table
 *(.gcc_except_table .gcc_except_table.*)

.gnu_extab
 *(.gnu_extab*)

.exception_ranges
 *(.exception_ranges .exception_ranges*)
                0x00091efc                . = DATA_SEGMENT_ALIGN (0x10000, 0x1000)

.eh_frame
 *(.eh_frame)
 *(.eh_frame.*)

.gnu_extab
 *(.gnu_extab)

.gcc_except_table
 *(.gcc_except_table .gcc_except_table.*)

.exception_ranges
 *(.exception_ranges .exception_ranges*)

.tdata
 *(.tdata .tdata.* .gnu.linkonce.td.*)

.tbss
 *(.tbss .tbss.* .gnu.linkonce.tb.*)
 *(.tcommon)

.preinit_array
 *(.preinit_array)

.init_array     0x00091efc        0x4
 *(SORT(.init_array.*) SORT(.ctors.*))
 *(.init_array EXCLUDE_FILE(*crtend?.o *crtend.o *crtbegin?.o *crtbegin.o) .ctors)
 .init_array    0x00091efc        0x4 /usr/lib/gcc/arm-linux-gnueabihf/5/crtbeginS.o

.fini_array     0x00091f00        0x4
 *(SORT(.fini_array.*) SORT(.dtors.*))
 *(.fini_array EXCLUDE_FILE(*crtend?.o *crtend.o *crtbegin?.o *crtbegin.o) .dtors)
 .fini_array    0x00091f00        0x4 /usr/lib/gcc/arm-linux-gnueabihf/5/crtbeginS.o

.ctors
 *crtbegin.o(.ctors)
 *crtbegin?.o(.ctors)
 *(EXCLUDE_FILE(*crtend?.o *crtend.o) .ctors)
 *(SORT(.ctors.*))
 *(.ctors)

.dtors
 *crtbegin.o(.dtors)
 *crtbegin?.o(.dtors)
 *(EXCLUDE_FILE(*crtend?.o *crtend.o) .dtors)
 *(SORT(.dtors.*))
 *(.dtors)

.jcr            0x00091f04        0x4
 *(.jcr)
 .jcr           0x00091f04        0x0 /usr/lib/gcc/arm-linux-gnueabihf/5/crtbeginS.o
 .jcr           0x00091f04        0x4 /usr/lib/gcc/arm-linux-gnueabihf/5/crtendS.o

.data.rel.ro
 *(.data.rel.ro.local* .gnu.linkonce.d.rel.ro.local.*)
 *(.data.rel.ro .data.rel.ro.* .gnu.linkonce.d.rel.ro.*)

.dynamic        0x00091f08       0xf8
 *(.dynamic)
 .dynamic       0x00091f08       0xf8 /usr/lib/gcc/arm-linux-gnueabihf/5/../../../arm-linux-gnueabihf/crti.o
                0x00091f08                _DYNAMIC
                0x00092000                . = DATA_SEGMENT_RELRO_END (., 0x0)

.got            0x00092000       0xcc
 *(.got.plt)
 .got.plt       0x00092000       0xb4 /usr/lib/gcc/arm-linux-gnueabihf/5/../../../arm-linux-gnueabihf/crti.o
                0x00092000                _GLOBAL_OFFSET_TABLE_
 *(.igot.plt)
 .igot.plt      0x000920b4        0x0 /usr/lib/gcc/arm-linux-gnueabihf/5/../../../arm-linux-gnueabihf/crti.o
 *(.got)
 .got           0x000920b4       0x18 /usr/lib/gcc/arm-linux-gnueabihf/5/../../../arm-linux-gnueabihf/crti.o
 *(.igot)

.data           0x000920cc        0x4
                [!provide]                PROVIDE (__data_start, .)
 *(.data .data.* .gnu.linkonce.d.*)
 .data.rel.local
                0x000920cc        0x4 /usr/lib/gcc/arm-linux-gnueabihf/5/crtbeginS.o
                0x000920cc                __dso_handle

.tm_clone_table
                0x000920d0        0x0
 .tm_clone_table
                0x000920d0        0x0 /usr/lib/gcc/arm-linux-gnueabihf/5/crtbeginS.o
 .tm_clone_table
                0x000920d0        0x0 /usr/lib/gcc/arm-linux-gnueabihf/5/crtendS.o

.data1
 *(.data1)
                0x000920d0                _edata = .
                [!provide]                PROVIDE (edata, .)
                0x000920d0                . = .
                0x000920d0                __bss_start = .
                0x000920d0                __bss_start__ = .

.bss            0x000920d0     0x100c
 *(.dynbss)
 .dynbss        0x000920d0        0x0 /usr/lib/gcc/arm-linux-gnueabihf/5/../../../arm-linux-gnueabihf/crti.o
 *(.bss .bss.* .gnu.linkonce.b.*)
 .bss           0x000920d0        0x1 /usr/lib/gcc/arm-linux-gnueabihf/5/crtbeginS.o
 *fill*         0x000920d1        0x3 
 .bss           0x000920d4     0x1008 /home/ncs/CAPSTONE/out/arsdk-native/build/libARCommands/obj/gen/Sources/ARCOMMANDS_Decoder.c.o
 *(COMMON)
                0x000930dc                . = ALIGN ((. != 0x0)?0x4:0x1)
                0x000930dc                _bss_end__ = .
                0x000930dc                __bss_end__ = .
                0x000930dc                . = ALIGN (0x4)
                0x000930dc                . = SEGMENT_START ("ldata-segment", .)
                0x000930dc                . = ALIGN (0x4)
                0x000930dc                __end__ = .
                0x000930dc                _end = .
                [!provide]                PROVIDE (end, .)
                0x000930dc                . = DATA_SEGMENT_END (.)

.stab
 *(.stab)

.stabstr
 *(.stabstr)

.stab.excl
 *(.stab.excl)

.stab.exclstr
 *(.stab.exclstr)

.stab.index
 *(.stab.index)

.stab.indexstr
 *(.stab.indexstr)

.comment        0x00000000       0x3b
 *(.comment)
 .comment       0x00000000       0x3b /usr/lib/gcc/arm-linux-gnueabihf/5/crtbeginS.o
                                 0x3c (size before relaxing)
 .comment       0x0000003b       0x3c /home/ncs/CAPSTONE/out/arsdk-native/build/libARCommands/obj/Sources/ARCOMMANDS_Version.c.o
 .comment       0x0000003b       0x3c /home/ncs/CAPSTONE/out/arsdk-native/build/libARCommands/obj/gen/Sources/ARCOMMANDS_Generator.c.o
 .comment       0x0000003b       0x3c /home/ncs/CAPSTONE/out/arsdk-native/build/libARCommands/obj/gen/Sources/ARCOMMANDS_Decoder.c.o
 .comment       0x0000003b       0x3c /home/ncs/CAPSTONE/out/arsdk-native/build/libARCommands/obj/gen/Sources/ARCOMMANDS_Filter.c.o
 .comment       0x0000003b       0x3c /home/ncs/CAPSTONE/out/arsdk-native/build/libARCommands/obj/gen/Sources/ARCOMMANDS_ReadWrite.c.o
 .comment       0x0000003b       0x3c /usr/lib/gcc/arm-linux-gnueabihf/5/crtendS.o

.ARM.attributes
                0x00000000       0x31
 .ARM.attributes
                0x00000000       0x27 /usr/lib/gcc/arm-linux-gnueabihf/5/../../../arm-linux-gnueabihf/crti.o
 .ARM.attributes
                0x00000027       0x33 /usr/lib/gcc/arm-linux-gnueabihf/5/crtbeginS.o
 .ARM.attributes
                0x0000005a       0x33 /home/ncs/CAPSTONE/out/arsdk-native/build/libARCommands/obj/Sources/ARCOMMANDS_Version.c.o
 .ARM.attributes
                0x0000008d       0x33 /home/ncs/CAPSTONE/out/arsdk-native/build/libARCommands/obj/gen/Sources/ARCOMMANDS_Generator.c.o
 .ARM.attributes
                0x000000c0       0x33 /home/ncs/CAPSTONE/out/arsdk-native/build/libARCommands/obj/gen/Sources/ARCOMMANDS_Decoder.c.o
 .ARM.attributes
                0x000000f3       0x33 /home/ncs/CAPSTONE/out/arsdk-native/build/libARCommands/obj/gen/Sources/ARCOMMANDS_Filter.c.o
 .ARM.attributes
                0x00000126       0x33 /home/ncs/CAPSTONE/out/arsdk-native/build/libARCommands/obj/gen/Sources/ARCOMMANDS_ReadWrite.c.o
 .ARM.attributes
                0x00000159       0x33 /usr/lib/gcc/arm-linux-gnueabihf/5/crtendS.o
 .ARM.attributes
                0x0000018c       0x27 /usr/lib/gcc/arm-linux-gnueabihf/5/../../../arm-linux-gnueabihf/crtn.o

.debug
 *(.debug)

.line
 *(.line)

.debug_srcinfo
 *(.debug_srcinfo)

.debug_sfnames
 *(.debug_sfnames)

.debug_aranges  0x00000000     0x4500
 *(.debug_aranges)
 .debug_aranges
                0x00000000       0x28 /home/ncs/CAPSTONE/out/arsdk-native/build/libARCommands/obj/Sources/ARCOMMANDS_Version.c.o
 .debug_aranges
                0x00000028     0x1018 /home/ncs/CAPSTONE/out/arsdk-native/build/libARCommands/obj/gen/Sources/ARCOMMANDS_Generator.c.o
 .debug_aranges
                0x00001040     0x2048 /home/ncs/CAPSTONE/out/arsdk-native/build/libARCommands/obj/gen/Sources/ARCOMMANDS_Decoder.c.o
 .debug_aranges
                0x00003088     0x1398 /home/ncs/CAPSTONE/out/arsdk-native/build/libARCommands/obj/gen/Sources/ARCOMMANDS_Filter.c.o
 .debug_aranges
                0x00004420       0xe0 /home/ncs/CAPSTONE/out/arsdk-native/build/libARCommands/obj/gen/Sources/ARCOMMANDS_ReadWrite.c.o

.debug_pubnames
 *(.debug_pubnames)

.debug_info     0x00000000    0x90986
 *(.debug_info .gnu.linkonce.wi.*)
 .debug_info    0x00000000      0x256 /home/ncs/CAPSTONE/out/arsdk-native/build/libARCommands/obj/Sources/ARCOMMANDS_Version.c.o
 .debug_info    0x00000256    0x2802a /home/ncs/CAPSTONE/out/arsdk-native/build/libARCommands/obj/gen/Sources/ARCOMMANDS_Generator.c.o
 .debug_info    0x00028280    0x586e6 /home/ncs/CAPSTONE/out/arsdk-native/build/libARCommands/obj/gen/Sources/ARCOMMANDS_Decoder.c.o
 .debug_info    0x00080966     0xe7fe /home/ncs/CAPSTONE/out/arsdk-native/build/libARCommands/obj/gen/Sources/ARCOMMANDS_Filter.c.o
 .debug_info    0x0008f164     0x1822 /home/ncs/CAPSTONE/out/arsdk-native/build/libARCommands/obj/gen/Sources/ARCOMMANDS_ReadWrite.c.o

.debug_abbrev   0x00000000      0x862
 *(.debug_abbrev)
 .debug_abbrev  0x00000000       0xd6 /home/ncs/CAPSTONE/out/arsdk-native/build/libARCommands/obj/Sources/ARCOMMANDS_Version.c.o
 .debug_abbrev  0x000000d6      0x151 /home/ncs/CAPSTONE/out/arsdk-native/build/libARCommands/obj/gen/Sources/ARCOMMANDS_Generator.c.o
 .debug_abbrev  0x00000227      0x237 /home/ncs/CAPSTONE/out/arsdk-native/build/libARCommands/obj/gen/Sources/ARCOMMANDS_Decoder.c.o
 .debug_abbrev  0x0000045e      0x182 /home/ncs/CAPSTONE/out/arsdk-native/build/libARCommands/obj/gen/Sources/ARCOMMANDS_Filter.c.o
 .debug_abbrev  0x000005e0      0x282 /home/ncs/CAPSTONE/out/arsdk-native/build/libARCommands/obj/gen/Sources/ARCOMMANDS_ReadWrite.c.o

.debug_line     0x00000000    0x185c5
 *(.debug_line .debug_line.* .debug_line_end)
 .debug_line    0x00000000       0xa4 /home/ncs/CAPSTONE/out/arsdk-native/build/libARCommands/obj/Sources/ARCOMMANDS_Version.c.o
 .debug_line    0x000000a4     0x6bb2 /home/ncs/CAPSTONE/out/arsdk-native/build/libARCommands/obj/gen/Sources/ARCOMMANDS_Generator.c.o
 .debug_line    0x00006c56     0xcab7 /home/ncs/CAPSTONE/out/arsdk-native/build/libARCommands/obj/gen/Sources/ARCOMMANDS_Decoder.c.o
 .debug_line    0x0001370d     0x4974 /home/ncs/CAPSTONE/out/arsdk-native/build/libARCommands/obj/gen/Sources/ARCOMMANDS_Filter.c.o
 .debug_line    0x00018081      0x544 /home/ncs/CAPSTONE/out/arsdk-native/build/libARCommands/obj/gen/Sources/ARCOMMANDS_ReadWrite.c.o

.debug_frame    0x00000000    0x11d34
 *(.debug_frame)
 .debug_frame   0x00000000       0x50 /home/ncs/CAPSTONE/out/arsdk-native/build/libARCommands/obj/Sources/ARCOMMANDS_Version.c.o
 .debug_frame   0x00000050     0x4620 /home/ncs/CAPSTONE/out/arsdk-native/build/libARCommands/obj/gen/Sources/ARCOMMANDS_Generator.c.o
 .debug_frame   0x00004670     0xa900 /home/ncs/CAPSTONE/out/arsdk-native/build/libARCommands/obj/gen/Sources/ARCOMMANDS_Decoder.c.o
 .debug_frame   0x0000ef70     0x2a84 /home/ncs/CAPSTONE/out/arsdk-native/build/libARCommands/obj/gen/Sources/ARCOMMANDS_Filter.c.o
 .debug_frame   0x000119f4      0x340 /home/ncs/CAPSTONE/out/arsdk-native/build/libARCommands/obj/gen/Sources/ARCOMMANDS_ReadWrite.c.o

.debug_str      0x00000000    0x5c71a
 *(.debug_str)
 .debug_str     0x00000000      0x214 /home/ncs/CAPSTONE/out/arsdk-native/build/libARCommands/obj/Sources/ARCOMMANDS_Version.c.o
                                0x254 (size before relaxing)
 .debug_str     0x00000214    0x244d7 /home/ncs/CAPSTONE/out/arsdk-native/build/libARCommands/obj/gen/Sources/ARCOMMANDS_Generator.c.o
                              0x24727 (size before relaxing)
 .debug_str     0x000246eb    0x28050 /home/ncs/CAPSTONE/out/arsdk-native/build/libARCommands/obj/gen/Sources/ARCOMMANDS_Decoder.c.o
                              0x4f30f (size before relaxing)
 .debug_str     0x0004c73b     0xfeb2 /home/ncs/CAPSTONE/out/arsdk-native/build/libARCommands/obj/gen/Sources/ARCOMMANDS_Filter.c.o
                              0x18f95 (size before relaxing)
 .debug_str     0x0005c5ed      0x12d /home/ncs/CAPSTONE/out/arsdk-native/build/libARCommands/obj/gen/Sources/ARCOMMANDS_ReadWrite.c.o
                                0x6e0 (size before relaxing)

.debug_loc      0x00000000    0xb08cc
 *(.debug_loc)
 .debug_loc     0x00000000       0xe2 /home/ncs/CAPSTONE/out/arsdk-native/build/libARCommands/obj/Sources/ARCOMMANDS_Version.c.o
 .debug_loc     0x000000e2    0x3884c /home/ncs/CAPSTONE/out/arsdk-native/build/libARCommands/obj/gen/Sources/ARCOMMANDS_Generator.c.o
 .debug_loc     0x0003892e    0x5d30f /home/ncs/CAPSTONE/out/arsdk-native/build/libARCommands/obj/gen/Sources/ARCOMMANDS_Decoder.c.o
 .debug_loc     0x00095c3d    0x18d41 /home/ncs/CAPSTONE/out/arsdk-native/build/libARCommands/obj/gen/Sources/ARCOMMANDS_Filter.c.o
 .debug_loc     0x000ae97e     0x1f4e /home/ncs/CAPSTONE/out/arsdk-native/build/libARCommands/obj/gen/Sources/ARCOMMANDS_ReadWrite.c.o

.debug_macinfo
 *(.debug_macinfo)

.debug_weaknames
 *(.debug_weaknames)

.debug_funcnames
 *(.debug_funcnames)

.debug_typenames
 *(.debug_typenames)

.debug_varnames
 *(.debug_varnames)

.debug_pubtypes
 *(.debug_pubtypes)

.debug_ranges   0x00000000     0xb430
 *(.debug_ranges)
 .debug_ranges  0x00000000       0x18 /home/ncs/CAPSTONE/out/arsdk-native/build/libARCommands/obj/Sources/ARCOMMANDS_Version.c.o
 .debug_ranges  0x00000018     0x1008 /home/ncs/CAPSTONE/out/arsdk-native/build/libARCommands/obj/gen/Sources/ARCOMMANDS_Generator.c.o
 .debug_ranges  0x00001020     0x8dd0 /home/ncs/CAPSTONE/out/arsdk-native/build/libARCommands/obj/gen/Sources/ARCOMMANDS_Decoder.c.o
 .debug_ranges  0x00009df0     0x1388 /home/ncs/CAPSTONE/out/arsdk-native/build/libARCommands/obj/gen/Sources/ARCOMMANDS_Filter.c.o
 .debug_ranges  0x0000b178      0x2b8 /home/ncs/CAPSTONE/out/arsdk-native/build/libARCommands/obj/gen/Sources/ARCOMMANDS_ReadWrite.c.o

.debug_macro
 *(.debug_macro)

.gnu.attributes
 *(.gnu.attributes)

.note.gnu.arm.ident
 *(.note.gnu.arm.ident)

/DISCARD/
 *(.note.GNU-stack)
 *(.gnu_debuglink)
 *(.gnu.lto_*)
OUTPUT(out/arsdk-native/build/libARCommands/libarcommands.so elf32-littlearm)
