
As-needed library included to satisfy reference by file (symbol)

libarsal.so                   /home/ncs/CAPSTONE/out/arsdk-native/build/libARDataTransfer/obj/Sources/ARDATATRANSFER_MediasDownloader.c.o (ARSAL_Mutex_Destroy)
libardiscovery.so             /home/ncs/CAPSTONE/out/arsdk-native/build/libARDataTransfer/obj/Sources/ARDATATRANSFER_DataDownloader.c.o (ARDISCOVERY_getProductPathName)
libarutils.so                 /home/ncs/CAPSTONE/out/arsdk-native/build/libARDataTransfer/obj/Sources/ARDATATRANSFER_DataDownloader.c.o (ARUTILS_Manager_Ftp_Rename)
libgcc_s.so.1                 /home/ncs/CAPSTONE/out/arsdk-native/build/libARDataTransfer/obj/Sources/ARDATATRANSFER_DataDownloader.c.o (__aeabi_idiv@@GCC_3.5)
libpthread.so.0               /home/ncs/CAPSTONE/out/arsdk-native/build/libARDataTransfer/obj/Sources/ARDATATRANSFER_DataDownloader.c.o (__errno_location@@GLIBC_2.4)
libc.so.6                     /home/ncs/CAPSTONE/out/arsdk-native/build/libARDataTransfer/obj/Sources/ARDATATRANSFER_DataDownloader.c.o (readdir@@GLIBC_2.4)
ld-linux-armhf.so.3           /home/ncs/CAPSTONE/out/arsdk-native/build/libARDataTransfer/obj/Sources/ARDATATRANSFER_DataDownloader.c.o (__stack_chk_guard@@GLIBC_2.4)

Discarded input sections

 .data          0x00000000        0x0 /usr/lib/gcc/arm-linux-gnueabihf/5/../../../arm-linux-gnueabihf/crti.o
 .bss           0x00000000        0x0 /usr/lib/gcc/arm-linux-gnueabihf/5/../../../arm-linux-gnueabihf/crti.o
 .note.GNU-stack
                0x00000000        0x0 /usr/lib/gcc/arm-linux-gnueabihf/5/../../../arm-linux-gnueabihf/crti.o
 .data          0x00000000        0x0 /usr/lib/gcc/arm-linux-gnueabihf/5/crtbeginS.o
 .note.GNU-stack
                0x00000000        0x0 /usr/lib/gcc/arm-linux-gnueabihf/5/crtbeginS.o
 .text          0x00000000        0x0 /home/ncs/CAPSTONE/out/arsdk-native/build/libARDataTransfer/obj/Sources/ARDATATRANSFER_DataDownloader.c.o
 .data          0x00000000        0x0 /home/ncs/CAPSTONE/out/arsdk-native/build/libARDataTransfer/obj/Sources/ARDATATRANSFER_DataDownloader.c.o
 .note.GNU-stack
                0x00000000        0x0 /home/ncs/CAPSTONE/out/arsdk-native/build/libARDataTransfer/obj/Sources/ARDATATRANSFER_DataDownloader.c.o
 .text          0x00000000        0x0 /home/ncs/CAPSTONE/out/arsdk-native/build/libARDataTransfer/obj/Sources/ARDATATRANSFER_Downloader.c.o
 .data          0x00000000        0x0 /home/ncs/CAPSTONE/out/arsdk-native/build/libARDataTransfer/obj/Sources/ARDATATRANSFER_Downloader.c.o
 .bss           0x00000000        0x0 /home/ncs/CAPSTONE/out/arsdk-native/build/libARDataTransfer/obj/Sources/ARDATATRANSFER_Downloader.c.o
 .note.GNU-stack
                0x00000000        0x0 /home/ncs/CAPSTONE/out/arsdk-native/build/libARDataTransfer/obj/Sources/ARDATATRANSFER_Downloader.c.o
 .text          0x00000000        0x0 /home/ncs/CAPSTONE/out/arsdk-native/build/libARDataTransfer/obj/Sources/ARDATATRANSFER_Manager.c.o
 .data          0x00000000        0x0 /home/ncs/CAPSTONE/out/arsdk-native/build/libARDataTransfer/obj/Sources/ARDATATRANSFER_Manager.c.o
 .bss           0x00000000        0x0 /home/ncs/CAPSTONE/out/arsdk-native/build/libARDataTransfer/obj/Sources/ARDATATRANSFER_Manager.c.o
 .note.GNU-stack
                0x00000000        0x0 /home/ncs/CAPSTONE/out/arsdk-native/build/libARDataTransfer/obj/Sources/ARDATATRANSFER_Manager.c.o
 .text          0x00000000        0x0 /home/ncs/CAPSTONE/out/arsdk-native/build/libARDataTransfer/obj/Sources/ARDATATRANSFER_MediasDownloader.c.o
 .data          0x00000000        0x0 /home/ncs/CAPSTONE/out/arsdk-native/build/libARDataTransfer/obj/Sources/ARDATATRANSFER_MediasDownloader.c.o
 .bss           0x00000000        0x0 /home/ncs/CAPSTONE/out/arsdk-native/build/libARDataTransfer/obj/Sources/ARDATATRANSFER_MediasDownloader.c.o
 .note.GNU-stack
                0x00000000        0x0 /home/ncs/CAPSTONE/out/arsdk-native/build/libARDataTransfer/obj/Sources/ARDATATRANSFER_MediasDownloader.c.o
 .text          0x00000000        0x0 /home/ncs/CAPSTONE/out/arsdk-native/build/libARDataTransfer/obj/Sources/ARDATATRANSFER_MediasQueue.c.o
 .data          0x00000000        0x0 /home/ncs/CAPSTONE/out/arsdk-native/build/libARDataTransfer/obj/Sources/ARDATATRANSFER_MediasQueue.c.o
 .bss           0x00000000        0x0 /home/ncs/CAPSTONE/out/arsdk-native/build/libARDataTransfer/obj/Sources/ARDATATRANSFER_MediasQueue.c.o
 .note.GNU-stack
                0x00000000        0x0 /home/ncs/CAPSTONE/out/arsdk-native/build/libARDataTransfer/obj/Sources/ARDATATRANSFER_MediasQueue.c.o
 .text          0x00000000        0x0 /home/ncs/CAPSTONE/out/arsdk-native/build/libARDataTransfer/obj/Sources/ARDATATRANSFER_Uploader.c.o
 .data          0x00000000        0x0 /home/ncs/CAPSTONE/out/arsdk-native/build/libARDataTransfer/obj/Sources/ARDATATRANSFER_Uploader.c.o
 .bss           0x00000000        0x0 /home/ncs/CAPSTONE/out/arsdk-native/build/libARDataTransfer/obj/Sources/ARDATATRANSFER_Uploader.c.o
 .note.GNU-stack
                0x00000000        0x0 /home/ncs/CAPSTONE/out/arsdk-native/build/libARDataTransfer/obj/Sources/ARDATATRANSFER_Uploader.c.o
 .text          0x00000000        0x0 /home/ncs/CAPSTONE/out/arsdk-native/build/libARDataTransfer/obj/gen/Sources/ARDATATRANSFER_Error.c.o
 .data          0x00000000        0x0 /home/ncs/CAPSTONE/out/arsdk-native/build/libARDataTransfer/obj/gen/Sources/ARDATATRANSFER_Error.c.o
 .bss           0x00000000        0x0 /home/ncs/CAPSTONE/out/arsdk-native/build/libARDataTransfer/obj/gen/Sources/ARDATATRANSFER_Error.c.o
 .note.GNU-stack
                0x00000000        0x0 /home/ncs/CAPSTONE/out/arsdk-native/build/libARDataTransfer/obj/gen/Sources/ARDATATRANSFER_Error.c.o
 .text          0x00000000        0x0 /usr/lib/gcc/arm-linux-gnueabihf/5/crtendS.o
 .data          0x00000000        0x0 /usr/lib/gcc/arm-linux-gnueabihf/5/crtendS.o
 .bss           0x00000000        0x0 /usr/lib/gcc/arm-linux-gnueabihf/5/crtendS.o
 .note.GNU-stack
                0x00000000        0x0 /usr/lib/gcc/arm-linux-gnueabihf/5/crtendS.o
 .text          0x00000000        0x0 /usr/lib/gcc/arm-linux-gnueabihf/5/../../../arm-linux-gnueabihf/crtn.o
 .data          0x00000000        0x0 /usr/lib/gcc/arm-linux-gnueabihf/5/../../../arm-linux-gnueabihf/crtn.o
 .bss           0x00000000        0x0 /usr/lib/gcc/arm-linux-gnueabihf/5/../../../arm-linux-gnueabihf/crtn.o
 .note.GNU-stack
                0x00000000        0x0 /usr/lib/gcc/arm-linux-gnueabihf/5/../../../arm-linux-gnueabihf/crtn.o

Memory Configuration

Name             Origin             Length             Attributes
*default*        0x00000000         0xffffffff

Linker script and memory map

LOAD /usr/lib/gcc/arm-linux-gnueabihf/5/../../../arm-linux-gnueabihf/crti.o
LOAD /usr/lib/gcc/arm-linux-gnueabihf/5/crtbeginS.o
LOAD /home/ncs/CAPSTONE/out/arsdk-native/build/libARDataTransfer/obj/Sources/ARDATATRANSFER_DataDownloader.c.o
LOAD /home/ncs/CAPSTONE/out/arsdk-native/build/libARDataTransfer/obj/Sources/ARDATATRANSFER_Downloader.c.o
LOAD /home/ncs/CAPSTONE/out/arsdk-native/build/libARDataTransfer/obj/Sources/ARDATATRANSFER_Manager.c.o
LOAD /home/ncs/CAPSTONE/out/arsdk-native/build/libARDataTransfer/obj/Sources/ARDATATRANSFER_MediasDownloader.c.o
LOAD /home/ncs/CAPSTONE/out/arsdk-native/build/libARDataTransfer/obj/Sources/ARDATATRANSFER_MediasQueue.c.o
LOAD /home/ncs/CAPSTONE/out/arsdk-native/build/libARDataTransfer/obj/Sources/ARDATATRANSFER_Uploader.c.o
LOAD /home/ncs/CAPSTONE/out/arsdk-native/build/libARDataTransfer/obj/gen/Sources/ARDATATRANSFER_Error.c.o
LOAD /home/ncs/CAPSTONE/out/arsdk-native/staging/usr/lib/libarsal.so
LOAD /home/ncs/CAPSTONE/out/arsdk-native/staging/usr/lib/libardiscovery.so
LOAD /home/ncs/CAPSTONE/out/arsdk-native/staging/usr/lib/libarcommands.so
LOAD /home/ncs/CAPSTONE/out/arsdk-native/staging/usr/lib/libarutils.so
LOAD /usr/lib/gcc/arm-linux-gnueabihf/5/../../../arm-linux-gnueabihf/librt.so
LOAD /usr/lib/gcc/arm-linux-gnueabihf/5/libstdc++.so
LOAD /usr/lib/gcc/arm-linux-gnueabihf/5/../../../arm-linux-gnueabihf/libm.so
LOAD /usr/lib/gcc/arm-linux-gnueabihf/5/libgcc_s.so
START GROUP
LOAD /usr/lib/gcc/arm-linux-gnueabihf/5/libgcc_s.so.1
LOAD /usr/lib/gcc/arm-linux-gnueabihf/5/libgcc.a
END GROUP
LOAD /usr/lib/gcc/arm-linux-gnueabihf/5/../../../arm-linux-gnueabihf/libpthread.so
START GROUP
LOAD /lib/arm-linux-gnueabihf/libpthread.so.0
LOAD /usr/lib/arm-linux-gnueabihf/libpthread_nonshared.a
END GROUP
LOAD /usr/lib/gcc/arm-linux-gnueabihf/5/../../../arm-linux-gnueabihf/libc.so
START GROUP
LOAD /lib/arm-linux-gnueabihf/libc.so.6
LOAD /usr/lib/arm-linux-gnueabihf/libc_nonshared.a
LOAD /lib/arm-linux-gnueabihf/ld-linux-armhf.so.3
END GROUP
LOAD /usr/lib/gcc/arm-linux-gnueabihf/5/libgcc_s.so
START GROUP
LOAD /usr/lib/gcc/arm-linux-gnueabihf/5/libgcc_s.so.1
LOAD /usr/lib/gcc/arm-linux-gnueabihf/5/libgcc.a
END GROUP
LOAD /usr/lib/gcc/arm-linux-gnueabihf/5/crtendS.o
LOAD /usr/lib/gcc/arm-linux-gnueabihf/5/../../../arm-linux-gnueabihf/crtn.o
                0x000000f4                . = (0x0 + SIZEOF_HEADERS)

.note.gnu.build-id
                0x000000f4       0x24
 *(.note.gnu.build-id)
 .note.gnu.build-id
                0x000000f4       0x24 linker stubs

.hash
 *(.hash)

.gnu.hash       0x00000118      0x1c4
 *(.gnu.hash)
 .gnu.hash      0x00000118      0x1c4 /usr/lib/gcc/arm-linux-gnueabihf/5/../../../arm-linux-gnueabihf/crti.o

.dynsym         0x000002dc      0x830
 *(.dynsym)
 .dynsym        0x000002dc      0x830 /usr/lib/gcc/arm-linux-gnueabihf/5/../../../arm-linux-gnueabihf/crti.o

.dynstr         0x00000b0c      0xeaa
 *(.dynstr)
 .dynstr        0x00000b0c      0xeaa /usr/lib/gcc/arm-linux-gnueabihf/5/../../../arm-linux-gnueabihf/crti.o

.gnu.version    0x000019b6      0x106
 *(.gnu.version)
 .gnu.version   0x000019b6      0x106 /usr/lib/gcc/arm-linux-gnueabihf/5/../../../arm-linux-gnueabihf/crti.o

.gnu.version_d  0x00001abc        0x0
 *(.gnu.version_d)
 .gnu.version_d
                0x00001abc        0x0 /usr/lib/gcc/arm-linux-gnueabihf/5/../../../arm-linux-gnueabihf/crti.o

.gnu.version_r  0x00001abc       0x90
 *(.gnu.version_r)
 .gnu.version_r
                0x00001abc       0x90 /usr/lib/gcc/arm-linux-gnueabihf/5/../../../arm-linux-gnueabihf/crti.o

.rel.dyn        0x00001b4c       0x60
 *(.rel.init)
 *(.rel.text .rel.text.* .rel.gnu.linkonce.t.*)
 .rel.text      0x00001b4c        0x0 /usr/lib/gcc/arm-linux-gnueabihf/5/../../../arm-linux-gnueabihf/crti.o
 *(.rel.fini)
 *(.rel.rodata .rel.rodata.* .rel.gnu.linkonce.r.*)
 *(.rel.data.rel.ro .rel.data.rel.ro.* .rel.gnu.linkonce.d.rel.ro.*)
 *(.rel.data .rel.data.* .rel.gnu.linkonce.d.*)
 .rel.data.rel.local
                0x00001b4c        0x8 /usr/lib/gcc/arm-linux-gnueabihf/5/../../../arm-linux-gnueabihf/crti.o
 *(.rel.tdata .rel.tdata.* .rel.gnu.linkonce.td.*)
 *(.rel.tbss .rel.tbss.* .rel.gnu.linkonce.tb.*)
 *(.rel.ctors)
 *(.rel.dtors)
 *(.rel.got)
 .rel.got       0x00001b54       0x48 /usr/lib/gcc/arm-linux-gnueabihf/5/../../../arm-linux-gnueabihf/crti.o
 *(.rel.bss .rel.bss.* .rel.gnu.linkonce.b.*)
 *(.rel.iplt)
 .rel.iplt      0x00001b9c        0x0 /usr/lib/gcc/arm-linux-gnueabihf/5/../../../arm-linux-gnueabihf/crti.o
 .rel.fini_array
                0x00001b9c        0x8 /usr/lib/gcc/arm-linux-gnueabihf/5/../../../arm-linux-gnueabihf/crti.o
 .rel.init_array
                0x00001ba4        0x8 /usr/lib/gcc/arm-linux-gnueabihf/5/../../../arm-linux-gnueabihf/crti.o

.rela.dyn
 *(.rela.init)
 *(.rela.text .rela.text.* .rela.gnu.linkonce.t.*)
 *(.rela.fini)
 *(.rela.rodata .rela.rodata.* .rela.gnu.linkonce.r.*)
 *(.rela.data .rela.data.* .rela.gnu.linkonce.d.*)
 *(.rela.tdata .rela.tdata.* .rela.gnu.linkonce.td.*)
 *(.rela.tbss .rela.tbss.* .rela.gnu.linkonce.tb.*)
 *(.rela.ctors)
 *(.rela.dtors)
 *(.rela.got)
 *(.rela.bss .rela.bss.* .rela.gnu.linkonce.b.*)
 *(.rela.iplt)

.rel.plt        0x00001bac      0x2b0
 *(.rel.plt)
 .rel.plt       0x00001bac      0x2b0 /usr/lib/gcc/arm-linux-gnueabihf/5/../../../arm-linux-gnueabihf/crti.o

.rela.plt
 *(.rela.plt)

.init           0x00001e5c        0xc
 *(SORT(.init))
 .init          0x00001e5c        0x8 /usr/lib/gcc/arm-linux-gnueabihf/5/../../../arm-linux-gnueabihf/crti.o
                0x00001e5c                _init
 .init          0x00001e64        0x4 /usr/lib/gcc/arm-linux-gnueabihf/5/../../../arm-linux-gnueabihf/crtn.o

.plt            0x00001e68      0x424
 *(.plt)
 .plt           0x00001e68      0x424 /usr/lib/gcc/arm-linux-gnueabihf/5/../../../arm-linux-gnueabihf/crti.o

.iplt           0x0000228c        0x0
 *(.iplt)
 .iplt          0x0000228c        0x0 /usr/lib/gcc/arm-linux-gnueabihf/5/../../../arm-linux-gnueabihf/crti.o

.text           0x00002290     0x44d4
 *(.text.unlikely .text.*_unlikely .text.unlikely.*)
 *(.text.exit .text.exit.*)
 *(.text.startup .text.startup.*)
 *(.text.hot .text.hot.*)
 *(.text .stub .text.* .gnu.linkonce.t.*)
 .text          0x00002290       0x24 /usr/lib/gcc/arm-linux-gnueabihf/5/../../../arm-linux-gnueabihf/crti.o
 .text          0x000022b4       0xd0 /usr/lib/gcc/arm-linux-gnueabihf/5/crtbeginS.o
 .text.ARDATATRANSFER_DataDownloader_UsedMemoryCallback
                0x00002384       0x24 /home/ncs/CAPSTONE/out/arsdk-native/build/libARDataTransfer/obj/Sources/ARDATATRANSFER_DataDownloader.c.o
 .text.ARDATATRANSFER_DataDownloader_RemoveDataCallback
                0x000023a8       0x5c /home/ncs/CAPSTONE/out/arsdk-native/build/libARDataTransfer/obj/Sources/ARDATATRANSFER_DataDownloader.c.o
 .text.ARDATATRANSFER_DataDownloader_CancelAvailableFiles
                0x00002404       0xa4 /home/ncs/CAPSTONE/out/arsdk-native/build/libARDataTransfer/obj/Sources/ARDATATRANSFER_DataDownloader.c.o
                0x00002404                ARDATATRANSFER_DataDownloader_CancelAvailableFiles
 .text.ARDATATRANSFER_DataDownloader_CancelThread
                0x000024a8       0xc0 /home/ncs/CAPSTONE/out/arsdk-native/build/libARDataTransfer/obj/Sources/ARDATATRANSFER_DataDownloader.c.o
                0x000024a8                ARDATATRANSFER_DataDownloader_CancelThread
 .text.ARDATATRANSFER_DataDownloader_Initialize
                0x00002568      0x200 /home/ncs/CAPSTONE/out/arsdk-native/build/libARDataTransfer/obj/Sources/ARDATATRANSFER_DataDownloader.c.o
                0x00002568                ARDATATRANSFER_DataDownloader_Initialize
 .text.ARDATATRANSFER_DataDownloader_Clear
                0x00002768       0x98 /home/ncs/CAPSTONE/out/arsdk-native/build/libARDataTransfer/obj/Sources/ARDATATRANSFER_DataDownloader.c.o
                0x00002768                ARDATATRANSFER_DataDownloader_Clear
 .text.ARDATATRANSFER_DataDownloader_Delete
                0x00002800       0xb8 /home/ncs/CAPSTONE/out/arsdk-native/build/libARDataTransfer/obj/Sources/ARDATATRANSFER_DataDownloader.c.o
                0x00002800                ARDATATRANSFER_DataDownloader_Delete
 .text.ARDATATRANSFER_DataDownloader_New
                0x000028b8      0x118 /home/ncs/CAPSTONE/out/arsdk-native/build/libARDataTransfer/obj/Sources/ARDATATRANSFER_DataDownloader.c.o
                0x000028b8                ARDATATRANSFER_DataDownloader_New
 .text.ARDATATRANSFER_DataDownloader_CompareFileExtension
                0x000029d0       0x38 /home/ncs/CAPSTONE/out/arsdk-native/build/libARDataTransfer/obj/Sources/ARDATATRANSFER_DataDownloader.c.o
                0x000029d0                ARDATATRANSFER_DataDownloader_CompareFileExtension
 .text.ARDATATRANSFER_DataDownloader_GetAvailableFiles
                0x00002a08      0x238 /home/ncs/CAPSTONE/out/arsdk-native/build/libARDataTransfer/obj/Sources/ARDATATRANSFER_DataDownloader.c.o
                0x00002a08                ARDATATRANSFER_DataDownloader_GetAvailableFiles
 .text.ARDATATRANSFER_DataDownloader_DownloadPudFiles
                0x00002c40      0x56c /home/ncs/CAPSTONE/out/arsdk-native/build/libARDataTransfer/obj/Sources/ARDATATRANSFER_DataDownloader.c.o
                0x00002c40                ARDATATRANSFER_DataDownloader_DownloadPudFiles
 *fill*         0x000031ac        0x4 
 .text.ARDATATRANSFER_DataDownloader_CheckUsedMemory
                0x000031b0      0x1b8 /home/ncs/CAPSTONE/out/arsdk-native/build/libARDataTransfer/obj/Sources/ARDATATRANSFER_DataDownloader.c.o
                0x000031b0                ARDATATRANSFER_DataDownloader_CheckUsedMemory
 .text.ARDATATRANSFER_DataDownloader_GetCrashReportIndex
                0x00003368       0x90 /home/ncs/CAPSTONE/out/arsdk-native/build/libARDataTransfer/obj/Sources/ARDATATRANSFER_DataDownloader.c.o
                0x00003368                ARDATATRANSFER_DataDownloader_GetCrashReportIndex
 .text.ARDATATRANSFER_DataDownloader_RemoveRemoteDir
                0x000033f8      0x104 /home/ncs/CAPSTONE/out/arsdk-native/build/libARDataTransfer/obj/Sources/ARDATATRANSFER_DataDownloader.c.o
                0x000033f8                ARDATATRANSFER_DataDownloader_RemoveRemoteDir
 .text.ARDATATRANSFER_DataDownloader_DownloadCrashReports
                0x000034fc      0x434 /home/ncs/CAPSTONE/out/arsdk-native/build/libARDataTransfer/obj/Sources/ARDATATRANSFER_DataDownloader.c.o
                0x000034fc                ARDATATRANSFER_DataDownloader_DownloadCrashReports
 .text.ARDATATRANSFER_DataDownloader_ThreadRun
                0x00003930      0x1a0 /home/ncs/CAPSTONE/out/arsdk-native/build/libARDataTransfer/obj/Sources/ARDATATRANSFER_DataDownloader.c.o
                0x00003930                ARDATATRANSFER_DataDownloader_ThreadRun
 .text.ARDATATRANSFER_Downloader_Ftp_ProgressCallback
                0x00003ad0       0x9c /home/ncs/CAPSTONE/out/arsdk-native/build/libARDataTransfer/obj/Sources/ARDATATRANSFER_Downloader.c.o
                0x00003ad0                ARDATATRANSFER_Downloader_Ftp_ProgressCallback
 .text.ARDATATRANSFER_Downloader_New
                0x00003b6c      0x10c /home/ncs/CAPSTONE/out/arsdk-native/build/libARDataTransfer/obj/Sources/ARDATATRANSFER_Downloader.c.o
                0x00003b6c                ARDATATRANSFER_Downloader_New
 .text.ARDATATRANSFER_Downloader_Delete
                0x00003c78       0x9c /home/ncs/CAPSTONE/out/arsdk-native/build/libARDataTransfer/obj/Sources/ARDATATRANSFER_Downloader.c.o
                0x00003c78                ARDATATRANSFER_Downloader_Delete
 .text.ARDATATRANSFER_Downloader_GetSize
                0x00003d14       0xa8 /home/ncs/CAPSTONE/out/arsdk-native/build/libARDataTransfer/obj/Sources/ARDATATRANSFER_Downloader.c.o
                0x00003d14                ARDATATRANSFER_Downloader_GetSize
 .text.ARDATATRANSFER_Downloader_ThreadRun
                0x00003dbc      0x124 /home/ncs/CAPSTONE/out/arsdk-native/build/libARDataTransfer/obj/Sources/ARDATATRANSFER_Downloader.c.o
                0x00003dbc                ARDATATRANSFER_Downloader_ThreadRun
 .text.ARDATATRANSFER_Downloader_CancelThread
                0x00003ee0       0xa4 /home/ncs/CAPSTONE/out/arsdk-native/build/libARDataTransfer/obj/Sources/ARDATATRANSFER_Downloader.c.o
                0x00003ee0                ARDATATRANSFER_Downloader_CancelThread
 .text.ARDATATRANSFER_Manager_Delete
                0x00003f84       0x8c /home/ncs/CAPSTONE/out/arsdk-native/build/libARDataTransfer/obj/Sources/ARDATATRANSFER_Manager.c.o
                0x00003f84                ARDATATRANSFER_Manager_Delete
 .text.ARDATATRANSFER_Manager_New
                0x00004010       0xa0 /home/ncs/CAPSTONE/out/arsdk-native/build/libARDataTransfer/obj/Sources/ARDATATRANSFER_Manager.c.o
                0x00004010                ARDATATRANSFER_Manager_New
 .text.ARDATATRANSFER_MediasDownloader_FtpProgressCallback
                0x000040b0       0x12 /home/ncs/CAPSTONE/out/arsdk-native/build/libARDataTransfer/obj/Sources/ARDATATRANSFER_MediasDownloader.c.o
                0x000040b0                ARDATATRANSFER_MediasDownloader_FtpProgressCallback
 *fill*         0x000040c2        0x2 
 .text.ARDATATRANSFER_MediasDownloader_GetAvailableMediaAtIndex
                0x000040c4       0x54 /home/ncs/CAPSTONE/out/arsdk-native/build/libARDataTransfer/obj/Sources/ARDATATRANSFER_MediasDownloader.c.o
                0x000040c4                ARDATATRANSFER_MediasDownloader_GetAvailableMediaAtIndex
 .text.ARDATATRANSFER_MediasDownloader_AddMediaToQueue
                0x00004118      0x17c /home/ncs/CAPSTONE/out/arsdk-native/build/libARDataTransfer/obj/Sources/ARDATATRANSFER_MediasDownloader.c.o
                0x00004118                ARDATATRANSFER_MediasDownloader_AddMediaToQueue
 .text.ARDATATRANSFER_MediasDownloader_ResetQueueThread
                0x00004294       0xc0 /home/ncs/CAPSTONE/out/arsdk-native/build/libARDataTransfer/obj/Sources/ARDATATRANSFER_MediasDownloader.c.o
                0x00004294                ARDATATRANSFER_MediasDownloader_ResetQueueThread
 .text.ARDATATRANSFER_MediasDownloader_CancelQueueThread
                0x00004354       0xe0 /home/ncs/CAPSTONE/out/arsdk-native/build/libARDataTransfer/obj/Sources/ARDATATRANSFER_MediasDownloader.c.o
                0x00004354                ARDATATRANSFER_MediasDownloader_CancelQueueThread
 .text.ARDATATRANSFER_MediasDownloader_ResetGetAvailableMedias
                0x00004434       0xa8 /home/ncs/CAPSTONE/out/arsdk-native/build/libARDataTransfer/obj/Sources/ARDATATRANSFER_MediasDownloader.c.o
                0x00004434                ARDATATRANSFER_MediasDownloader_ResetGetAvailableMedias
 .text.ARDATATRANSFER_MediasDownloader_CancelGetAvailableMedias
                0x000044dc       0xa8 /home/ncs/CAPSTONE/out/arsdk-native/build/libARDataTransfer/obj/Sources/ARDATATRANSFER_MediasDownloader.c.o
                0x000044dc                ARDATATRANSFER_MediasDownloader_CancelGetAvailableMedias
 .text.ARDATATRANSFER_MediasDownloader_Initialize
                0x00004584      0x19c /home/ncs/CAPSTONE/out/arsdk-native/build/libARDataTransfer/obj/Sources/ARDATATRANSFER_MediasDownloader.c.o
                0x00004584                ARDATATRANSFER_MediasDownloader_Initialize
 .text.ARDATATRANSFER_MediasDownloader_Clear
                0x00004720       0x8c /home/ncs/CAPSTONE/out/arsdk-native/build/libARDataTransfer/obj/Sources/ARDATATRANSFER_MediasDownloader.c.o
                0x00004720                ARDATATRANSFER_MediasDownloader_Clear
 .text.ARDATATRANSFER_MediasDownloader_GetThumbnail
                0x000047ac       0xb8 /home/ncs/CAPSTONE/out/arsdk-native/build/libARDataTransfer/obj/Sources/ARDATATRANSFER_MediasDownloader.c.o
                0x000047ac                ARDATATRANSFER_MediasDownloader_GetThumbnail
 .text.ARDATATRANSFER_MediasDownloader_DownloadMedia
                0x00004864      0x158 /home/ncs/CAPSTONE/out/arsdk-native/build/libARDataTransfer/obj/Sources/ARDATATRANSFER_MediasDownloader.c.o
                0x00004864                ARDATATRANSFER_MediasDownloader_DownloadMedia
 .text.ARDATATRANSFER_MediasDownloader_QueueThreadRun
                0x000049bc      0x178 /home/ncs/CAPSTONE/out/arsdk-native/build/libARDataTransfer/obj/Sources/ARDATATRANSFER_MediasDownloader.c.o
                0x000049bc                ARDATATRANSFER_MediasDownloader_QueueThreadRun
 .text.ARDATATRANSFER_MediasDownloader_RemoveMediaFromMediaList
                0x00004b34       0x84 /home/ncs/CAPSTONE/out/arsdk-native/build/libARDataTransfer/obj/Sources/ARDATATRANSFER_MediasDownloader.c.o
                0x00004b34                ARDATATRANSFER_MediasDownloader_RemoveMediaFromMediaList
 .text.ARDATATRANSFER_MediasDownloader_DeleteMedia
                0x00004bb8       0x60 /home/ncs/CAPSTONE/out/arsdk-native/build/libARDataTransfer/obj/Sources/ARDATATRANSFER_MediasDownloader.c.o
                0x00004bb8                ARDATATRANSFER_MediasDownloader_DeleteMedia
 .text.ARDATATRANSFER_MediasDownloader_FreeMediaList
                0x00004c18       0xb4 /home/ncs/CAPSTONE/out/arsdk-native/build/libARDataTransfer/obj/Sources/ARDATATRANSFER_MediasDownloader.c.o
                0x00004c18                ARDATATRANSFER_MediasDownloader_FreeMediaList
 .text.ARDATATRANSFER_MediasDownloader_Delete
                0x00004ccc       0xe4 /home/ncs/CAPSTONE/out/arsdk-native/build/libARDataTransfer/obj/Sources/ARDATATRANSFER_MediasDownloader.c.o
                0x00004ccc                ARDATATRANSFER_MediasDownloader_Delete
 .text.ARDATATRANSFER_MediasDownloader_New
                0x00004db0      0x148 /home/ncs/CAPSTONE/out/arsdk-native/build/libARDataTransfer/obj/Sources/ARDATATRANSFER_MediasDownloader.c.o
                0x00004db0                ARDATATRANSFER_MediasDownloader_New
 .text.ARDATATRANSFER_MediasDownloader_GetAvailableMediasSync
                0x00004ef8      0xd70 /home/ncs/CAPSTONE/out/arsdk-native/build/libARDataTransfer/obj/Sources/ARDATATRANSFER_MediasDownloader.c.o
                0x00004ef8                ARDATATRANSFER_MediasDownloader_GetAvailableMediasSync
 .text.ARDATATRANSFER_MediasDownloader_GetAvailableMediasAsync
                0x00005c68      0x144 /home/ncs/CAPSTONE/out/arsdk-native/build/libARDataTransfer/obj/Sources/ARDATATRANSFER_MediasDownloader.c.o
                0x00005c68                ARDATATRANSFER_MediasDownloader_GetAvailableMediasAsync
 .text.ARDATATRANSFER_MediasQueue_Delete
                0x00005dac       0xc8 /home/ncs/CAPSTONE/out/arsdk-native/build/libARDataTransfer/obj/Sources/ARDATATRANSFER_MediasQueue.c.o
                0x00005dac                ARDATATRANSFER_MediasQueue_Delete
 .text.ARDATATRANSFER_MediasQueue_New
                0x00005e74       0xc4 /home/ncs/CAPSTONE/out/arsdk-native/build/libARDataTransfer/obj/Sources/ARDATATRANSFER_MediasQueue.c.o
                0x00005e74                ARDATATRANSFER_MediasQueue_New
 .text.ARDATATRANSFER_MediasQueue_RemoveAll
                0x00005f38       0xc0 /home/ncs/CAPSTONE/out/arsdk-native/build/libARDataTransfer/obj/Sources/ARDATATRANSFER_MediasQueue.c.o
                0x00005f38                ARDATATRANSFER_MediasQueue_RemoveAll
 .text.ARDATATRANSFER_MediasQueue_Pop
                0x00005ff8      0x128 /home/ncs/CAPSTONE/out/arsdk-native/build/libARDataTransfer/obj/Sources/ARDATATRANSFER_MediasQueue.c.o
                0x00005ff8                ARDATATRANSFER_MediasQueue_Pop
 .text.ARDATATRANSFER_MediasQueue_GetFreeIndex
                0x00006120       0x78 /home/ncs/CAPSTONE/out/arsdk-native/build/libARDataTransfer/obj/Sources/ARDATATRANSFER_MediasQueue.c.o
                0x00006120                ARDATATRANSFER_MediasQueue_GetFreeIndex
 .text.ARDATATRANSFER_MediasQueue_Add
                0x00006198       0xc0 /home/ncs/CAPSTONE/out/arsdk-native/build/libARDataTransfer/obj/Sources/ARDATATRANSFER_MediasQueue.c.o
                0x00006198                ARDATATRANSFER_MediasQueue_Add
 .text.ARDATATRANSFER_Uploader_Ftp_ProgressCallback
                0x00006258       0x10 /home/ncs/CAPSTONE/out/arsdk-native/build/libARDataTransfer/obj/Sources/ARDATATRANSFER_Uploader.c.o
                0x00006258                ARDATATRANSFER_Uploader_Ftp_ProgressCallback
 .text.ARDATATRANSFER_Uploader_New
                0x00006268      0x10c /home/ncs/CAPSTONE/out/arsdk-native/build/libARDataTransfer/obj/Sources/ARDATATRANSFER_Uploader.c.o
                0x00006268                ARDATATRANSFER_Uploader_New
 .text.ARDATATRANSFER_Uploader_Delete
                0x00006374       0x9c /home/ncs/CAPSTONE/out/arsdk-native/build/libARDataTransfer/obj/Sources/ARDATATRANSFER_Uploader.c.o
                0x00006374                ARDATATRANSFER_Uploader_Delete
 .text.ARDATATRANSFER_Uploader_ThreadRun
                0x00006410      0x124 /home/ncs/CAPSTONE/out/arsdk-native/build/libARDataTransfer/obj/Sources/ARDATATRANSFER_Uploader.c.o
                0x00006410                ARDATATRANSFER_Uploader_ThreadRun
 .text.ARDATATRANSFER_Uploader_CancelThread
                0x00006534       0xa4 /home/ncs/CAPSTONE/out/arsdk-native/build/libARDataTransfer/obj/Sources/ARDATATRANSFER_Uploader.c.o
                0x00006534                ARDATATRANSFER_Uploader_CancelThread
 .text.ARDATATRANSFER_Uploader_Rename
                0x000065d8       0xb0 /home/ncs/CAPSTONE/out/arsdk-native/build/libARDataTransfer/obj/Sources/ARDATATRANSFER_Uploader.c.o
                0x000065d8                ARDATATRANSFER_Uploader_Rename
 .text.ARDATATRANSFER_Error_ToString
                0x00006688       0xdc /home/ncs/CAPSTONE/out/arsdk-native/build/libARDataTransfer/obj/gen/Sources/ARDATATRANSFER_Error.c.o
                0x00006688                ARDATATRANSFER_Error_ToString
 *(.gnu.warning)
 *(.glue_7t)
 .glue_7t       0x00006764        0x0 linker stubs
 *(.glue_7)
 .glue_7        0x00006764        0x0 linker stubs
 *(.vfp11_veneer)
 .vfp11_veneer  0x00006764        0x0 linker stubs
 *(.v4_bx)
 .v4_bx         0x00006764        0x0 linker stubs

.fini           0x00006764        0x8
 *(SORT(.fini))
 .fini          0x00006764        0x4 /usr/lib/gcc/arm-linux-gnueabihf/5/../../../arm-linux-gnueabihf/crti.o
                0x00006764                _fini
 .fini          0x00006768        0x4 /usr/lib/gcc/arm-linux-gnueabihf/5/../../../arm-linux-gnueabihf/crtn.o
                [!provide]                PROVIDE (__etext, .)
                [!provide]                PROVIDE (_etext, .)
                [!provide]                PROVIDE (etext, .)

.rodata         0x0000676c      0xb8b
 *(.rodata .rodata.* .gnu.linkonce.r.*)
 .rodata        0x0000676c      0x1da /home/ncs/CAPSTONE/out/arsdk-native/build/libARDataTransfer/obj/Sources/ARDATATRANSFER_DataDownloader.c.o
 .rodata.str1.1
                0x00006946      0x1a7 /home/ncs/CAPSTONE/out/arsdk-native/build/libARDataTransfer/obj/Sources/ARDATATRANSFER_DataDownloader.c.o
                                0x1bd (size before relaxing)
 .rodata        0x00006aed       0xdb /home/ncs/CAPSTONE/out/arsdk-native/build/libARDataTransfer/obj/Sources/ARDATATRANSFER_Downloader.c.o
 .rodata.str1.1
                0x00006bc8       0x31 /home/ncs/CAPSTONE/out/arsdk-native/build/libARDataTransfer/obj/Sources/ARDATATRANSFER_Downloader.c.o
                                 0x59 (size before relaxing)
 .rodata        0x00006bf9       0x39 /home/ncs/CAPSTONE/out/arsdk-native/build/libARDataTransfer/obj/Sources/ARDATATRANSFER_Manager.c.o
 .rodata.str1.1
                0x00006c32        0x8 /home/ncs/CAPSTONE/out/arsdk-native/build/libARDataTransfer/obj/Sources/ARDATATRANSFER_Manager.c.o
                                 0x25 (size before relaxing)
 .rodata        0x00006c3a      0x28f /home/ncs/CAPSTONE/out/arsdk-native/build/libARDataTransfer/obj/Sources/ARDATATRANSFER_MediasDownloader.c.o
 .rodata.str1.1
                0x00006ec9      0x1c0 /home/ncs/CAPSTONE/out/arsdk-native/build/libARDataTransfer/obj/Sources/ARDATATRANSFER_MediasDownloader.c.o
                                0x233 (size before relaxing)
 .rodata        0x00007089       0xa4 /home/ncs/CAPSTONE/out/arsdk-native/build/libARDataTransfer/obj/Sources/ARDATATRANSFER_MediasQueue.c.o
 .rodata.str1.1
                0x0000712d       0x2d /home/ncs/CAPSTONE/out/arsdk-native/build/libARDataTransfer/obj/Sources/ARDATATRANSFER_MediasQueue.c.o
                                 0x4a (size before relaxing)
 .rodata        0x0000715a       0xa1 /home/ncs/CAPSTONE/out/arsdk-native/build/libARDataTransfer/obj/Sources/ARDATATRANSFER_Uploader.c.o
 .rodata.str1.1
                0x000071fb        0x9 /home/ncs/CAPSTONE/out/arsdk-native/build/libARDataTransfer/obj/Sources/ARDATATRANSFER_Uploader.c.o
                                 0x57 (size before relaxing)
 .rodata.str1.1
                0x00007204       0xf3 /home/ncs/CAPSTONE/out/arsdk-native/build/libARDataTransfer/obj/gen/Sources/ARDATATRANSFER_Error.c.o

.rodata1
 *(.rodata1)

.ARM.extab
 *(.ARM.extab* .gnu.linkonce.armextab.*)
                [!provide]                PROVIDE (__exidx_start, .)

.ARM.exidx
 *(.ARM.exidx* .gnu.linkonce.armexidx.*)
                [!provide]                PROVIDE (__exidx_end, .)

.eh_frame_hdr
 *(.eh_frame_hdr)
 *(.eh_frame_entry .eh_frame_entry.*)

.eh_frame       0x000072f8        0x4
 *(.eh_frame)
 .eh_frame      0x000072f8        0x4 /usr/lib/gcc/arm-linux-gnueabihf/5/crtendS.o
 *(.eh_frame.*)

.gcc_except_table
 *(.gcc_except_table .gcc_except_table.*)

.gnu_extab
 *(.gnu_extab*)

.exception_ranges
 *(.exception_ranges .exception_ranges*)
                0x00017edc                . = DATA_SEGMENT_ALIGN (0x10000, 0x1000)

.eh_frame
 *(.eh_frame)
 *(.eh_frame.*)

.gnu_extab
 *(.gnu_extab)

.gcc_except_table
 *(.gcc_except_table .gcc_except_table.*)

.exception_ranges
 *(.exception_ranges .exception_ranges*)

.tdata
 *(.tdata .tdata.* .gnu.linkonce.td.*)

.tbss
 *(.tbss .tbss.* .gnu.linkonce.tb.*)
 *(.tcommon)

.preinit_array
 *(.preinit_array)

.init_array     0x00017edc        0x4
 *(SORT(.init_array.*) SORT(.ctors.*))
 *(.init_array EXCLUDE_FILE(*crtend?.o *crtend.o *crtbegin?.o *crtbegin.o) .ctors)
 .init_array    0x00017edc        0x4 /usr/lib/gcc/arm-linux-gnueabihf/5/crtbeginS.o

.fini_array     0x00017ee0        0x4
 *(SORT(.fini_array.*) SORT(.dtors.*))
 *(.fini_array EXCLUDE_FILE(*crtend?.o *crtend.o *crtbegin?.o *crtbegin.o) .dtors)
 .fini_array    0x00017ee0        0x4 /usr/lib/gcc/arm-linux-gnueabihf/5/crtbeginS.o

.ctors
 *crtbegin.o(.ctors)
 *crtbegin?.o(.ctors)
 *(EXCLUDE_FILE(*crtend?.o *crtend.o) .ctors)
 *(SORT(.ctors.*))
 *(.ctors)

.dtors
 *crtbegin.o(.dtors)
 *crtbegin?.o(.dtors)
 *(EXCLUDE_FILE(*crtend?.o *crtend.o) .dtors)
 *(SORT(.dtors.*))
 *(.dtors)

.jcr            0x00017ee4        0x4
 *(.jcr)
 .jcr           0x00017ee4        0x0 /usr/lib/gcc/arm-linux-gnueabihf/5/crtbeginS.o
 .jcr           0x00017ee4        0x4 /usr/lib/gcc/arm-linux-gnueabihf/5/crtendS.o

.data.rel.ro
 *(.data.rel.ro.local* .gnu.linkonce.d.rel.ro.local.*)
 *(.data.rel.ro .data.rel.ro.* .gnu.linkonce.d.rel.ro.*)

.dynamic        0x00017ee8      0x118
 *(.dynamic)
 .dynamic       0x00017ee8      0x118 /usr/lib/gcc/arm-linux-gnueabihf/5/../../../arm-linux-gnueabihf/crti.o
                0x00017ee8                _DYNAMIC
                0x00018000                . = DATA_SEGMENT_RELRO_END (., 0x0)

.got            0x00018000      0x188
 *(.got.plt)
 .got.plt       0x00018000      0x164 /usr/lib/gcc/arm-linux-gnueabihf/5/../../../arm-linux-gnueabihf/crti.o
                0x00018000                _GLOBAL_OFFSET_TABLE_
 *(.igot.plt)
 .igot.plt      0x00018164        0x0 /usr/lib/gcc/arm-linux-gnueabihf/5/../../../arm-linux-gnueabihf/crti.o
 *(.got)
 .got           0x00018164       0x24 /usr/lib/gcc/arm-linux-gnueabihf/5/../../../arm-linux-gnueabihf/crti.o
 *(.igot)

.data           0x00018188        0x4
                [!provide]                PROVIDE (__data_start, .)
 *(.data .data.* .gnu.linkonce.d.*)
 .data.rel.local
                0x00018188        0x4 /usr/lib/gcc/arm-linux-gnueabihf/5/crtbeginS.o
                0x00018188                __dso_handle

.tm_clone_table
                0x0001818c        0x0
 .tm_clone_table
                0x0001818c        0x0 /usr/lib/gcc/arm-linux-gnueabihf/5/crtbeginS.o
 .tm_clone_table
                0x0001818c        0x0 /usr/lib/gcc/arm-linux-gnueabihf/5/crtendS.o

.data1
 *(.data1)
                0x0001818c                _edata = .
                [!provide]                PROVIDE (edata, .)
                0x0001818c                . = .
                0x0001818c                __bss_start = .
                0x0001818c                __bss_start__ = .

.bss            0x00018190      0x118
 *(.dynbss)
 .dynbss        0x00018190        0x0 /usr/lib/gcc/arm-linux-gnueabihf/5/../../../arm-linux-gnueabihf/crti.o
 *(.bss .bss.* .gnu.linkonce.b.*)
 .bss           0x00018190        0x1 /usr/lib/gcc/arm-linux-gnueabihf/5/crtbeginS.o
 *fill*         0x00018191        0x7 
 .bss           0x00018198      0x110 /home/ncs/CAPSTONE/out/arsdk-native/build/libARDataTransfer/obj/Sources/ARDATATRANSFER_DataDownloader.c.o
 *(COMMON)
                0x000182a8                . = ALIGN ((. != 0x0)?0x4:0x1)
                0x000182a8                _bss_end__ = .
                0x000182a8                __bss_end__ = .
                0x000182a8                . = ALIGN (0x4)
                0x000182a8                . = SEGMENT_START ("ldata-segment", .)
                0x000182a8                . = ALIGN (0x4)
                0x000182a8                __end__ = .
                0x000182a8                _end = .
                [!provide]                PROVIDE (end, .)
                0x000182a8                . = DATA_SEGMENT_END (.)

.stab
 *(.stab)

.stabstr
 *(.stabstr)

.stab.excl
 *(.stab.excl)

.stab.exclstr
 *(.stab.exclstr)

.stab.index
 *(.stab.index)

.stab.indexstr
 *(.stab.indexstr)

.comment        0x00000000       0x3b
 *(.comment)
 .comment       0x00000000       0x3b /usr/lib/gcc/arm-linux-gnueabihf/5/crtbeginS.o
                                 0x3c (size before relaxing)
 .comment       0x0000003b       0x3c /home/ncs/CAPSTONE/out/arsdk-native/build/libARDataTransfer/obj/Sources/ARDATATRANSFER_DataDownloader.c.o
 .comment       0x0000003b       0x3c /home/ncs/CAPSTONE/out/arsdk-native/build/libARDataTransfer/obj/Sources/ARDATATRANSFER_Downloader.c.o
 .comment       0x0000003b       0x3c /home/ncs/CAPSTONE/out/arsdk-native/build/libARDataTransfer/obj/Sources/ARDATATRANSFER_Manager.c.o
 .comment       0x0000003b       0x3c /home/ncs/CAPSTONE/out/arsdk-native/build/libARDataTransfer/obj/Sources/ARDATATRANSFER_MediasDownloader.c.o
 .comment       0x0000003b       0x3c /home/ncs/CAPSTONE/out/arsdk-native/build/libARDataTransfer/obj/Sources/ARDATATRANSFER_MediasQueue.c.o
 .comment       0x0000003b       0x3c /home/ncs/CAPSTONE/out/arsdk-native/build/libARDataTransfer/obj/Sources/ARDATATRANSFER_Uploader.c.o
 .comment       0x0000003b       0x3c /home/ncs/CAPSTONE/out/arsdk-native/build/libARDataTransfer/obj/gen/Sources/ARDATATRANSFER_Error.c.o
 .comment       0x0000003b       0x3c /usr/lib/gcc/arm-linux-gnueabihf/5/crtendS.o

.ARM.attributes
                0x00000000       0x31
 .ARM.attributes
                0x00000000       0x27 /usr/lib/gcc/arm-linux-gnueabihf/5/../../../arm-linux-gnueabihf/crti.o
 .ARM.attributes
                0x00000027       0x33 /usr/lib/gcc/arm-linux-gnueabihf/5/crtbeginS.o
 .ARM.attributes
                0x0000005a       0x33 /home/ncs/CAPSTONE/out/arsdk-native/build/libARDataTransfer/obj/Sources/ARDATATRANSFER_DataDownloader.c.o
 .ARM.attributes
                0x0000008d       0x33 /home/ncs/CAPSTONE/out/arsdk-native/build/libARDataTransfer/obj/Sources/ARDATATRANSFER_Downloader.c.o
 .ARM.attributes
                0x000000c0       0x33 /home/ncs/CAPSTONE/out/arsdk-native/build/libARDataTransfer/obj/Sources/ARDATATRANSFER_Manager.c.o
 .ARM.attributes
                0x000000f3       0x33 /home/ncs/CAPSTONE/out/arsdk-native/build/libARDataTransfer/obj/Sources/ARDATATRANSFER_MediasDownloader.c.o
 .ARM.attributes
                0x00000126       0x33 /home/ncs/CAPSTONE/out/arsdk-native/build/libARDataTransfer/obj/Sources/ARDATATRANSFER_MediasQueue.c.o
 .ARM.attributes
                0x00000159       0x33 /home/ncs/CAPSTONE/out/arsdk-native/build/libARDataTransfer/obj/Sources/ARDATATRANSFER_Uploader.c.o
 .ARM.attributes
                0x0000018c       0x33 /home/ncs/CAPSTONE/out/arsdk-native/build/libARDataTransfer/obj/gen/Sources/ARDATATRANSFER_Error.c.o
 .ARM.attributes
                0x000001bf       0x33 /usr/lib/gcc/arm-linux-gnueabihf/5/crtendS.o
 .ARM.attributes
                0x000001f2       0x27 /usr/lib/gcc/arm-linux-gnueabihf/5/../../../arm-linux-gnueabihf/crtn.o

.debug
 *(.debug)

.line
 *(.line)

.debug_srcinfo
 *(.debug_srcinfo)

.debug_sfnames
 *(.debug_sfnames)

.debug_aranges  0x00000000      0x268
 *(.debug_aranges)
 .debug_aranges
                0x00000000       0x98 /home/ncs/CAPSTONE/out/arsdk-native/build/libARDataTransfer/obj/Sources/ARDATATRANSFER_DataDownloader.c.o
 .debug_aranges
                0x00000098       0x48 /home/ncs/CAPSTONE/out/arsdk-native/build/libARDataTransfer/obj/Sources/ARDATATRANSFER_Downloader.c.o
 .debug_aranges
                0x000000e0       0x28 /home/ncs/CAPSTONE/out/arsdk-native/build/libARDataTransfer/obj/Sources/ARDATATRANSFER_Manager.c.o
 .debug_aranges
                0x00000108       0xb0 /home/ncs/CAPSTONE/out/arsdk-native/build/libARDataTransfer/obj/Sources/ARDATATRANSFER_MediasDownloader.c.o
 .debug_aranges
                0x000001b8       0x48 /home/ncs/CAPSTONE/out/arsdk-native/build/libARDataTransfer/obj/Sources/ARDATATRANSFER_MediasQueue.c.o
 .debug_aranges
                0x00000200       0x48 /home/ncs/CAPSTONE/out/arsdk-native/build/libARDataTransfer/obj/Sources/ARDATATRANSFER_Uploader.c.o
 .debug_aranges
                0x00000248       0x20 /home/ncs/CAPSTONE/out/arsdk-native/build/libARDataTransfer/obj/gen/Sources/ARDATATRANSFER_Error.c.o

.debug_pubnames
 *(.debug_pubnames)

.debug_info     0x00000000     0xcf98
 *(.debug_info .gnu.linkonce.wi.*)
 .debug_info    0x00000000     0x412e /home/ncs/CAPSTONE/out/arsdk-native/build/libARDataTransfer/obj/Sources/ARDATATRANSFER_DataDownloader.c.o
 .debug_info    0x0000412e     0x14fa /home/ncs/CAPSTONE/out/arsdk-native/build/libARDataTransfer/obj/Sources/ARDATATRANSFER_Downloader.c.o
 .debug_info    0x00005628      0xea8 /home/ncs/CAPSTONE/out/arsdk-native/build/libARDataTransfer/obj/Sources/ARDATATRANSFER_Manager.c.o
 .debug_info    0x000064d0     0x4893 /home/ncs/CAPSTONE/out/arsdk-native/build/libARDataTransfer/obj/Sources/ARDATATRANSFER_MediasDownloader.c.o
 .debug_info    0x0000ad63      0xd20 /home/ncs/CAPSTONE/out/arsdk-native/build/libARDataTransfer/obj/Sources/ARDATATRANSFER_MediasQueue.c.o
 .debug_info    0x0000ba83     0x1442 /home/ncs/CAPSTONE/out/arsdk-native/build/libARDataTransfer/obj/Sources/ARDATATRANSFER_Uploader.c.o
 .debug_info    0x0000cec5       0xd3 /home/ncs/CAPSTONE/out/arsdk-native/build/libARDataTransfer/obj/gen/Sources/ARDATATRANSFER_Error.c.o

.debug_abbrev   0x00000000     0x1222
 *(.debug_abbrev)
 .debug_abbrev  0x00000000      0x3fe /home/ncs/CAPSTONE/out/arsdk-native/build/libARDataTransfer/obj/Sources/ARDATATRANSFER_DataDownloader.c.o
 .debug_abbrev  0x000003fe      0x2a0 /home/ncs/CAPSTONE/out/arsdk-native/build/libARDataTransfer/obj/Sources/ARDATATRANSFER_Downloader.c.o
 .debug_abbrev  0x0000069e      0x215 /home/ncs/CAPSTONE/out/arsdk-native/build/libARDataTransfer/obj/Sources/ARDATATRANSFER_Manager.c.o
 .debug_abbrev  0x000008b3      0x3f1 /home/ncs/CAPSTONE/out/arsdk-native/build/libARDataTransfer/obj/Sources/ARDATATRANSFER_MediasDownloader.c.o
 .debug_abbrev  0x00000ca4      0x24a /home/ncs/CAPSTONE/out/arsdk-native/build/libARDataTransfer/obj/Sources/ARDATATRANSFER_MediasQueue.c.o
 .debug_abbrev  0x00000eee      0x2a1 /home/ncs/CAPSTONE/out/arsdk-native/build/libARDataTransfer/obj/Sources/ARDATATRANSFER_Uploader.c.o
 .debug_abbrev  0x0000118f       0x93 /home/ncs/CAPSTONE/out/arsdk-native/build/libARDataTransfer/obj/gen/Sources/ARDATATRANSFER_Error.c.o

.debug_line     0x00000000     0x2d96
 *(.debug_line .debug_line.* .debug_line_end)
 .debug_line    0x00000000      0xc3b /home/ncs/CAPSTONE/out/arsdk-native/build/libARDataTransfer/obj/Sources/ARDATATRANSFER_DataDownloader.c.o
 .debug_line    0x00000c3b      0x527 /home/ncs/CAPSTONE/out/arsdk-native/build/libARDataTransfer/obj/Sources/ARDATATRANSFER_Downloader.c.o
 .debug_line    0x00001162      0x404 /home/ncs/CAPSTONE/out/arsdk-native/build/libARDataTransfer/obj/Sources/ARDATATRANSFER_Manager.c.o
 .debug_line    0x00001566      0xe52 /home/ncs/CAPSTONE/out/arsdk-native/build/libARDataTransfer/obj/Sources/ARDATATRANSFER_MediasDownloader.c.o
 .debug_line    0x000023b8      0x3e4 /home/ncs/CAPSTONE/out/arsdk-native/build/libARDataTransfer/obj/Sources/ARDATATRANSFER_MediasQueue.c.o
 .debug_line    0x0000279c      0x51b /home/ncs/CAPSTONE/out/arsdk-native/build/libARDataTransfer/obj/Sources/ARDATATRANSFER_Uploader.c.o
 .debug_line    0x00002cb7       0xdf /home/ncs/CAPSTONE/out/arsdk-native/build/libARDataTransfer/obj/gen/Sources/ARDATATRANSFER_Error.c.o

.debug_frame    0x00000000      0x918
 *(.debug_frame)
 .debug_frame   0x00000000      0x2b4 /home/ncs/CAPSTONE/out/arsdk-native/build/libARDataTransfer/obj/Sources/ARDATATRANSFER_DataDownloader.c.o
 .debug_frame   0x000002b4      0x10c /home/ncs/CAPSTONE/out/arsdk-native/build/libARDataTransfer/obj/Sources/ARDATATRANSFER_Downloader.c.o
 .debug_frame   0x000003c0       0x58 /home/ncs/CAPSTONE/out/arsdk-native/build/libARDataTransfer/obj/Sources/ARDATATRANSFER_Manager.c.o
 .debug_frame   0x00000418      0x2f8 /home/ncs/CAPSTONE/out/arsdk-native/build/libARDataTransfer/obj/Sources/ARDATATRANSFER_MediasDownloader.c.o
 .debug_frame   0x00000710       0xfc /home/ncs/CAPSTONE/out/arsdk-native/build/libARDataTransfer/obj/Sources/ARDATATRANSFER_MediasQueue.c.o
 .debug_frame   0x0000080c       0xec /home/ncs/CAPSTONE/out/arsdk-native/build/libARDataTransfer/obj/Sources/ARDATATRANSFER_Uploader.c.o
 .debug_frame   0x000008f8       0x20 /home/ncs/CAPSTONE/out/arsdk-native/build/libARDataTransfer/obj/gen/Sources/ARDATATRANSFER_Error.c.o

.debug_str      0x00000000     0x2927
 *(.debug_str)
 .debug_str     0x00000000     0x1d01 /home/ncs/CAPSTONE/out/arsdk-native/build/libARDataTransfer/obj/Sources/ARDATATRANSFER_DataDownloader.c.o
                               0x1da6 (size before relaxing)
 .debug_str     0x00001d01      0x14f /home/ncs/CAPSTONE/out/arsdk-native/build/libARDataTransfer/obj/Sources/ARDATATRANSFER_Downloader.c.o
                               0x14d1 (size before relaxing)
 .debug_str     0x00001e50       0x8f /home/ncs/CAPSTONE/out/arsdk-native/build/libARDataTransfer/obj/Sources/ARDATATRANSFER_Manager.c.o
                               0x139a (size before relaxing)
 .debug_str     0x00001edf      0x83f /home/ncs/CAPSTONE/out/arsdk-native/build/libARDataTransfer/obj/Sources/ARDATATRANSFER_MediasDownloader.c.o
                               0x1d93 (size before relaxing)
 .debug_str     0x0000271e       0x72 /home/ncs/CAPSTONE/out/arsdk-native/build/libARDataTransfer/obj/Sources/ARDATATRANSFER_MediasQueue.c.o
                                0xb55 (size before relaxing)
 .debug_str     0x00002790      0x13b /home/ncs/CAPSTONE/out/arsdk-native/build/libARDataTransfer/obj/Sources/ARDATATRANSFER_Uploader.c.o
                               0x14d3 (size before relaxing)
 .debug_str     0x000028cb       0x5c /home/ncs/CAPSTONE/out/arsdk-native/build/libARDataTransfer/obj/gen/Sources/ARDATATRANSFER_Error.c.o
                                0x30c (size before relaxing)

.debug_loc      0x00000000     0x5d02
 *(.debug_loc)
 .debug_loc     0x00000000     0x2031 /home/ncs/CAPSTONE/out/arsdk-native/build/libARDataTransfer/obj/Sources/ARDATATRANSFER_DataDownloader.c.o
 .debug_loc     0x00002031      0x4c7 /home/ncs/CAPSTONE/out/arsdk-native/build/libARDataTransfer/obj/Sources/ARDATATRANSFER_Downloader.c.o
 .debug_loc     0x000024f8       0x8d /home/ncs/CAPSTONE/out/arsdk-native/build/libARDataTransfer/obj/Sources/ARDATATRANSFER_Manager.c.o
 .debug_loc     0x00002585     0x2d0c /home/ncs/CAPSTONE/out/arsdk-native/build/libARDataTransfer/obj/Sources/ARDATATRANSFER_MediasDownloader.c.o
 .debug_loc     0x00005291      0x426 /home/ncs/CAPSTONE/out/arsdk-native/build/libARDataTransfer/obj/Sources/ARDATATRANSFER_MediasQueue.c.o
 .debug_loc     0x000056b7      0x4fe /home/ncs/CAPSTONE/out/arsdk-native/build/libARDataTransfer/obj/Sources/ARDATATRANSFER_Uploader.c.o
 .debug_loc     0x00005bb5      0x14d /home/ncs/CAPSTONE/out/arsdk-native/build/libARDataTransfer/obj/gen/Sources/ARDATATRANSFER_Error.c.o

.debug_macinfo
 *(.debug_macinfo)

.debug_weaknames
 *(.debug_weaknames)

.debug_funcnames
 *(.debug_funcnames)

.debug_typenames
 *(.debug_typenames)

.debug_varnames
 *(.debug_varnames)

.debug_pubtypes
 *(.debug_pubtypes)

.debug_ranges   0x00000000      0xf68
 *(.debug_ranges)
 .debug_ranges  0x00000000      0x598 /home/ncs/CAPSTONE/out/arsdk-native/build/libARDataTransfer/obj/Sources/ARDATATRANSFER_DataDownloader.c.o
 .debug_ranges  0x00000598      0x128 /home/ncs/CAPSTONE/out/arsdk-native/build/libARDataTransfer/obj/Sources/ARDATATRANSFER_Downloader.c.o
 .debug_ranges  0x000006c0       0x58 /home/ncs/CAPSTONE/out/arsdk-native/build/libARDataTransfer/obj/Sources/ARDATATRANSFER_Manager.c.o
 .debug_ranges  0x00000718      0x650 /home/ncs/CAPSTONE/out/arsdk-native/build/libARDataTransfer/obj/Sources/ARDATATRANSFER_MediasDownloader.c.o
 .debug_ranges  0x00000d68       0xe0 /home/ncs/CAPSTONE/out/arsdk-native/build/libARDataTransfer/obj/Sources/ARDATATRANSFER_MediasQueue.c.o
 .debug_ranges  0x00000e48      0x110 /home/ncs/CAPSTONE/out/arsdk-native/build/libARDataTransfer/obj/Sources/ARDATATRANSFER_Uploader.c.o
 .debug_ranges  0x00000f58       0x10 /home/ncs/CAPSTONE/out/arsdk-native/build/libARDataTransfer/obj/gen/Sources/ARDATATRANSFER_Error.c.o

.debug_macro
 *(.debug_macro)

.gnu.attributes
 *(.gnu.attributes)

.note.gnu.arm.ident
 *(.note.gnu.arm.ident)

/DISCARD/
 *(.note.GNU-stack)
 *(.gnu_debuglink)
 *(.gnu.lto_*)
OUTPUT(out/arsdk-native/build/libARDataTransfer/libardatatransfer.so elf32-littlearm)
