
As-needed library included to satisfy reference by file (symbol)

librt.so.1                    /home/ncs/CAPSTONE/out/arsdk-native/build/libARSAL/obj/Sources/ARSAL_Time.c.o (clock_gettime@@GLIBC_2.4)
libgcc_s.so.1                 /home/ncs/CAPSTONE/out/arsdk-native/build/libARSAL/obj/Sources/ARSAL_MD5.c.o (__aeabi_idiv@@GCC_3.5)
libpthread.so.0               /home/ncs/CAPSTONE/out/arsdk-native/build/libARSAL/obj/Sources/ARSAL_Sem.c.o (sem_post@@GLIBC_2.4)
libc.so.6                     /home/ncs/CAPSTONE/out/arsdk-native/build/libARSAL/obj/Sources/ARSAL_Socket.c.o (socket@@GLIBC_2.4)
ld-linux-armhf.so.3           /home/ncs/CAPSTONE/out/arsdk-native/build/libARSAL/obj/Sources/ARSAL_MD5.c.o (__stack_chk_guard@@GLIBC_2.4)

Discarded input sections

 .data          0x00000000        0x0 /usr/lib/gcc/arm-linux-gnueabihf/5/../../../arm-linux-gnueabihf/crti.o
 .bss           0x00000000        0x0 /usr/lib/gcc/arm-linux-gnueabihf/5/../../../arm-linux-gnueabihf/crti.o
 .note.GNU-stack
                0x00000000        0x0 /usr/lib/gcc/arm-linux-gnueabihf/5/../../../arm-linux-gnueabihf/crti.o
 .data          0x00000000        0x0 /usr/lib/gcc/arm-linux-gnueabihf/5/crtbeginS.o
 .note.GNU-stack
                0x00000000        0x0 /usr/lib/gcc/arm-linux-gnueabihf/5/crtbeginS.o
 .text          0x00000000        0x0 /home/ncs/CAPSTONE/out/arsdk-native/build/libARSAL/obj/Sources/ARSAL_Ftw.c.o
 .data          0x00000000        0x0 /home/ncs/CAPSTONE/out/arsdk-native/build/libARSAL/obj/Sources/ARSAL_Ftw.c.o
 .bss           0x00000000        0x0 /home/ncs/CAPSTONE/out/arsdk-native/build/libARSAL/obj/Sources/ARSAL_Ftw.c.o
 .note.GNU-stack
                0x00000000        0x0 /home/ncs/CAPSTONE/out/arsdk-native/build/libARSAL/obj/Sources/ARSAL_Ftw.c.o
 .text          0x00000000        0x0 /home/ncs/CAPSTONE/out/arsdk-native/build/libARSAL/obj/Sources/ARSAL_MD5.c.o
 .data          0x00000000        0x0 /home/ncs/CAPSTONE/out/arsdk-native/build/libARSAL/obj/Sources/ARSAL_MD5.c.o
 .bss           0x00000000        0x0 /home/ncs/CAPSTONE/out/arsdk-native/build/libARSAL/obj/Sources/ARSAL_MD5.c.o
 .note.GNU-stack
                0x00000000        0x0 /home/ncs/CAPSTONE/out/arsdk-native/build/libARSAL/obj/Sources/ARSAL_MD5.c.o
 .text          0x00000000        0x0 /home/ncs/CAPSTONE/out/arsdk-native/build/libARSAL/obj/Sources/ARSAL_MD5_Manager.c.o
 .data          0x00000000        0x0 /home/ncs/CAPSTONE/out/arsdk-native/build/libARSAL/obj/Sources/ARSAL_MD5_Manager.c.o
 .bss           0x00000000        0x0 /home/ncs/CAPSTONE/out/arsdk-native/build/libARSAL/obj/Sources/ARSAL_MD5_Manager.c.o
 .note.GNU-stack
                0x00000000        0x0 /home/ncs/CAPSTONE/out/arsdk-native/build/libARSAL/obj/Sources/ARSAL_MD5_Manager.c.o
 .text          0x00000000        0x0 /home/ncs/CAPSTONE/out/arsdk-native/build/libARSAL/obj/Sources/ARSAL_Mutex.c.o
 .data          0x00000000        0x0 /home/ncs/CAPSTONE/out/arsdk-native/build/libARSAL/obj/Sources/ARSAL_Mutex.c.o
 .bss           0x00000000        0x0 /home/ncs/CAPSTONE/out/arsdk-native/build/libARSAL/obj/Sources/ARSAL_Mutex.c.o
 .note.GNU-stack
                0x00000000        0x0 /home/ncs/CAPSTONE/out/arsdk-native/build/libARSAL/obj/Sources/ARSAL_Mutex.c.o
 .text          0x00000000        0x0 /home/ncs/CAPSTONE/out/arsdk-native/build/libARSAL/obj/Sources/ARSAL_Print.c.o
 .note.GNU-stack
                0x00000000        0x0 /home/ncs/CAPSTONE/out/arsdk-native/build/libARSAL/obj/Sources/ARSAL_Print.c.o
 .text          0x00000000        0x0 /home/ncs/CAPSTONE/out/arsdk-native/build/libARSAL/obj/Sources/ARSAL_Sem.c.o
 .data          0x00000000        0x0 /home/ncs/CAPSTONE/out/arsdk-native/build/libARSAL/obj/Sources/ARSAL_Sem.c.o
 .bss           0x00000000        0x0 /home/ncs/CAPSTONE/out/arsdk-native/build/libARSAL/obj/Sources/ARSAL_Sem.c.o
 .note.GNU-stack
                0x00000000        0x0 /home/ncs/CAPSTONE/out/arsdk-native/build/libARSAL/obj/Sources/ARSAL_Sem.c.o
 .text          0x00000000        0x0 /home/ncs/CAPSTONE/out/arsdk-native/build/libARSAL/obj/Sources/ARSAL_Socket.c.o
 .data          0x00000000        0x0 /home/ncs/CAPSTONE/out/arsdk-native/build/libARSAL/obj/Sources/ARSAL_Socket.c.o
 .bss           0x00000000        0x0 /home/ncs/CAPSTONE/out/arsdk-native/build/libARSAL/obj/Sources/ARSAL_Socket.c.o
 .note.GNU-stack
                0x00000000        0x0 /home/ncs/CAPSTONE/out/arsdk-native/build/libARSAL/obj/Sources/ARSAL_Socket.c.o
 .text          0x00000000        0x0 /home/ncs/CAPSTONE/out/arsdk-native/build/libARSAL/obj/Sources/ARSAL_Time.c.o
 .data          0x00000000        0x0 /home/ncs/CAPSTONE/out/arsdk-native/build/libARSAL/obj/Sources/ARSAL_Time.c.o
 .bss           0x00000000        0x0 /home/ncs/CAPSTONE/out/arsdk-native/build/libARSAL/obj/Sources/ARSAL_Time.c.o
 .note.GNU-stack
                0x00000000        0x0 /home/ncs/CAPSTONE/out/arsdk-native/build/libARSAL/obj/Sources/ARSAL_Time.c.o
 .text          0x00000000        0x0 /home/ncs/CAPSTONE/out/arsdk-native/build/libARSAL/obj/Sources/ARSAL_Thread.c.o
 .data          0x00000000        0x0 /home/ncs/CAPSTONE/out/arsdk-native/build/libARSAL/obj/Sources/ARSAL_Thread.c.o
 .bss           0x00000000        0x0 /home/ncs/CAPSTONE/out/arsdk-native/build/libARSAL/obj/Sources/ARSAL_Thread.c.o
 .note.GNU-stack
                0x00000000        0x0 /home/ncs/CAPSTONE/out/arsdk-native/build/libARSAL/obj/Sources/ARSAL_Thread.c.o
 .text          0x00000000        0x0 /home/ncs/CAPSTONE/out/arsdk-native/build/libARSAL/obj/Sources/md5.c.o
 .data          0x00000000        0x0 /home/ncs/CAPSTONE/out/arsdk-native/build/libARSAL/obj/Sources/md5.c.o
 .bss           0x00000000        0x0 /home/ncs/CAPSTONE/out/arsdk-native/build/libARSAL/obj/Sources/md5.c.o
 .note.GNU-stack
                0x00000000        0x0 /home/ncs/CAPSTONE/out/arsdk-native/build/libARSAL/obj/Sources/md5.c.o
 .text          0x00000000        0x0 /home/ncs/CAPSTONE/out/arsdk-native/build/libARSAL/obj/gen/Sources/ARSAL_Error.c.o
 .data          0x00000000        0x0 /home/ncs/CAPSTONE/out/arsdk-native/build/libARSAL/obj/gen/Sources/ARSAL_Error.c.o
 .bss           0x00000000        0x0 /home/ncs/CAPSTONE/out/arsdk-native/build/libARSAL/obj/gen/Sources/ARSAL_Error.c.o
 .note.GNU-stack
                0x00000000        0x0 /home/ncs/CAPSTONE/out/arsdk-native/build/libARSAL/obj/gen/Sources/ARSAL_Error.c.o
 .text          0x00000000        0x0 /usr/lib/gcc/arm-linux-gnueabihf/5/crtendS.o
 .data          0x00000000        0x0 /usr/lib/gcc/arm-linux-gnueabihf/5/crtendS.o
 .bss           0x00000000        0x0 /usr/lib/gcc/arm-linux-gnueabihf/5/crtendS.o
 .note.GNU-stack
                0x00000000        0x0 /usr/lib/gcc/arm-linux-gnueabihf/5/crtendS.o
 .text          0x00000000        0x0 /usr/lib/gcc/arm-linux-gnueabihf/5/../../../arm-linux-gnueabihf/crtn.o
 .data          0x00000000        0x0 /usr/lib/gcc/arm-linux-gnueabihf/5/../../../arm-linux-gnueabihf/crtn.o
 .bss           0x00000000        0x0 /usr/lib/gcc/arm-linux-gnueabihf/5/../../../arm-linux-gnueabihf/crtn.o
 .note.GNU-stack
                0x00000000        0x0 /usr/lib/gcc/arm-linux-gnueabihf/5/../../../arm-linux-gnueabihf/crtn.o

Memory Configuration

Name             Origin             Length             Attributes
*default*        0x00000000         0xffffffff

Linker script and memory map

LOAD /usr/lib/gcc/arm-linux-gnueabihf/5/../../../arm-linux-gnueabihf/crti.o
LOAD /usr/lib/gcc/arm-linux-gnueabihf/5/crtbeginS.o
LOAD /home/ncs/CAPSTONE/out/arsdk-native/build/libARSAL/obj/Sources/ARSAL_Ftw.c.o
LOAD /home/ncs/CAPSTONE/out/arsdk-native/build/libARSAL/obj/Sources/ARSAL_MD5.c.o
LOAD /home/ncs/CAPSTONE/out/arsdk-native/build/libARSAL/obj/Sources/ARSAL_MD5_Manager.c.o
LOAD /home/ncs/CAPSTONE/out/arsdk-native/build/libARSAL/obj/Sources/ARSAL_Mutex.c.o
LOAD /home/ncs/CAPSTONE/out/arsdk-native/build/libARSAL/obj/Sources/ARSAL_Print.c.o
LOAD /home/ncs/CAPSTONE/out/arsdk-native/build/libARSAL/obj/Sources/ARSAL_Sem.c.o
LOAD /home/ncs/CAPSTONE/out/arsdk-native/build/libARSAL/obj/Sources/ARSAL_Socket.c.o
LOAD /home/ncs/CAPSTONE/out/arsdk-native/build/libARSAL/obj/Sources/ARSAL_Time.c.o
LOAD /home/ncs/CAPSTONE/out/arsdk-native/build/libARSAL/obj/Sources/ARSAL_Thread.c.o
LOAD /home/ncs/CAPSTONE/out/arsdk-native/build/libARSAL/obj/Sources/md5.c.o
LOAD /home/ncs/CAPSTONE/out/arsdk-native/build/libARSAL/obj/gen/Sources/ARSAL_Error.c.o
LOAD /usr/lib/gcc/arm-linux-gnueabihf/5/../../../arm-linux-gnueabihf/librt.so
LOAD /usr/lib/gcc/arm-linux-gnueabihf/5/libstdc++.so
LOAD /usr/lib/gcc/arm-linux-gnueabihf/5/../../../arm-linux-gnueabihf/libm.so
LOAD /usr/lib/gcc/arm-linux-gnueabihf/5/libgcc_s.so
START GROUP
LOAD /usr/lib/gcc/arm-linux-gnueabihf/5/libgcc_s.so.1
LOAD /usr/lib/gcc/arm-linux-gnueabihf/5/libgcc.a
END GROUP
LOAD /usr/lib/gcc/arm-linux-gnueabihf/5/../../../arm-linux-gnueabihf/libpthread.so
START GROUP
LOAD /lib/arm-linux-gnueabihf/libpthread.so.0
LOAD /usr/lib/arm-linux-gnueabihf/libpthread_nonshared.a
END GROUP
LOAD /usr/lib/gcc/arm-linux-gnueabihf/5/../../../arm-linux-gnueabihf/libc.so
START GROUP
LOAD /lib/arm-linux-gnueabihf/libc.so.6
LOAD /usr/lib/arm-linux-gnueabihf/libc_nonshared.a
LOAD /lib/arm-linux-gnueabihf/ld-linux-armhf.so.3
END GROUP
LOAD /usr/lib/gcc/arm-linux-gnueabihf/5/libgcc_s.so
START GROUP
LOAD /usr/lib/gcc/arm-linux-gnueabihf/5/libgcc_s.so.1
LOAD /usr/lib/gcc/arm-linux-gnueabihf/5/libgcc.a
END GROUP
LOAD /usr/lib/gcc/arm-linux-gnueabihf/5/crtendS.o
LOAD /usr/lib/gcc/arm-linux-gnueabihf/5/../../../arm-linux-gnueabihf/crtn.o
                0x000000f4                . = (0x0 + SIZEOF_HEADERS)

.note.gnu.build-id
                0x000000f4       0x24
 *(.note.gnu.build-id)
 .note.gnu.build-id
                0x000000f4       0x24 linker stubs

.hash
 *(.hash)

.gnu.hash       0x00000118      0x280
 *(.gnu.hash)
 .gnu.hash      0x00000118      0x280 /usr/lib/gcc/arm-linux-gnueabihf/5/../../../arm-linux-gnueabihf/crti.o

.dynsym         0x00000398      0x950
 *(.dynsym)
 .dynsym        0x00000398      0x950 /usr/lib/gcc/arm-linux-gnueabihf/5/../../../arm-linux-gnueabihf/crti.o

.dynstr         0x00000ce8      0x93c
 *(.dynstr)
 .dynstr        0x00000ce8      0x93c /usr/lib/gcc/arm-linux-gnueabihf/5/../../../arm-linux-gnueabihf/crti.o

.gnu.version    0x00001624      0x12a
 *(.gnu.version)
 .gnu.version   0x00001624      0x12a /usr/lib/gcc/arm-linux-gnueabihf/5/../../../arm-linux-gnueabihf/crti.o

.gnu.version_d  0x00001750        0x0
 *(.gnu.version_d)
 .gnu.version_d
                0x00001750        0x0 /usr/lib/gcc/arm-linux-gnueabihf/5/../../../arm-linux-gnueabihf/crti.o

.gnu.version_r  0x00001750       0xa0
 *(.gnu.version_r)
 .gnu.version_r
                0x00001750       0xa0 /usr/lib/gcc/arm-linux-gnueabihf/5/../../../arm-linux-gnueabihf/crti.o

.rel.dyn        0x000017f0       0x90
 *(.rel.init)
 *(.rel.text .rel.text.* .rel.gnu.linkonce.t.*)
 .rel.text      0x000017f0        0x0 /usr/lib/gcc/arm-linux-gnueabihf/5/../../../arm-linux-gnueabihf/crti.o
 *(.rel.fini)
 *(.rel.rodata .rel.rodata.* .rel.gnu.linkonce.r.*)
 *(.rel.data.rel.ro .rel.data.rel.ro.* .rel.gnu.linkonce.d.rel.ro.*)
 .rel.data.rel.ro.local
                0x000017f0       0x30 /usr/lib/gcc/arm-linux-gnueabihf/5/../../../arm-linux-gnueabihf/crti.o
 *(.rel.data .rel.data.* .rel.gnu.linkonce.d.*)
 .rel.data.rel.local
                0x00001820        0x8 /usr/lib/gcc/arm-linux-gnueabihf/5/../../../arm-linux-gnueabihf/crti.o
 *(.rel.tdata .rel.tdata.* .rel.gnu.linkonce.td.*)
 *(.rel.tbss .rel.tbss.* .rel.gnu.linkonce.tb.*)
 *(.rel.ctors)
 *(.rel.dtors)
 *(.rel.got)
 .rel.got       0x00001828       0x48 /usr/lib/gcc/arm-linux-gnueabihf/5/../../../arm-linux-gnueabihf/crti.o
 *(.rel.bss .rel.bss.* .rel.gnu.linkonce.b.*)
 *(.rel.iplt)
 .rel.iplt      0x00001870        0x0 /usr/lib/gcc/arm-linux-gnueabihf/5/../../../arm-linux-gnueabihf/crti.o
 .rel.fini_array
                0x00001870        0x8 /usr/lib/gcc/arm-linux-gnueabihf/5/../../../arm-linux-gnueabihf/crti.o
 .rel.init_array
                0x00001878        0x8 /usr/lib/gcc/arm-linux-gnueabihf/5/../../../arm-linux-gnueabihf/crti.o

.rela.dyn
 *(.rela.init)
 *(.rela.text .rela.text.* .rela.gnu.linkonce.t.*)
 *(.rela.fini)
 *(.rela.rodata .rela.rodata.* .rela.gnu.linkonce.r.*)
 *(.rela.data .rela.data.* .rela.gnu.linkonce.d.*)
 *(.rela.tdata .rela.tdata.* .rela.gnu.linkonce.td.*)
 *(.rela.tbss .rela.tbss.* .rela.gnu.linkonce.tb.*)
 *(.rela.ctors)
 *(.rela.dtors)
 *(.rela.got)
 *(.rela.bss .rela.bss.* .rela.gnu.linkonce.b.*)
 *(.rela.iplt)

.rel.plt        0x00001880      0x260
 *(.rel.plt)
 .rel.plt       0x00001880      0x260 /usr/lib/gcc/arm-linux-gnueabihf/5/../../../arm-linux-gnueabihf/crti.o

.rela.plt
 *(.rela.plt)

.init           0x00001ae0        0xc
 *(SORT(.init))
 .init          0x00001ae0        0x8 /usr/lib/gcc/arm-linux-gnueabihf/5/../../../arm-linux-gnueabihf/crti.o
                0x00001ae0                _init
 .init          0x00001ae8        0x4 /usr/lib/gcc/arm-linux-gnueabihf/5/../../../arm-linux-gnueabihf/crtn.o

.plt            0x00001aec      0x40c
 *(.plt)
 .plt           0x00001aec      0x40c /usr/lib/gcc/arm-linux-gnueabihf/5/../../../arm-linux-gnueabihf/crti.o

.iplt           0x00001ef8        0x0
 *(.iplt)
 .iplt          0x00001ef8        0x0 /usr/lib/gcc/arm-linux-gnueabihf/5/../../../arm-linux-gnueabihf/crti.o

.text           0x00001ef8     0x1ae4
 *(.text.unlikely .text.*_unlikely .text.unlikely.*)
 *(.text.exit .text.exit.*)
 *(.text.startup .text.startup.*)
 *(.text.hot .text.hot.*)
 *(.text .stub .text.* .gnu.linkonce.t.*)
 .text          0x00001ef8       0x24 /usr/lib/gcc/arm-linux-gnueabihf/5/../../../arm-linux-gnueabihf/crti.o
 .text          0x00001f1c       0xd0 /usr/lib/gcc/arm-linux-gnueabihf/5/crtbeginS.o
 .text.ARSAL_Ftw
                0x00001fec        0x4 /home/ncs/CAPSTONE/out/arsdk-native/build/libARSAL/obj/Sources/ARSAL_Ftw.c.o
                0x00001fec                ARSAL_Ftw
 .text.ARSAL_Nftw
                0x00001ff0        0x4 /home/ncs/CAPSTONE/out/arsdk-native/build/libARSAL/obj/Sources/ARSAL_Ftw.c.o
                0x00001ff0                ARSAL_Nftw
 .text.ARSAL_MD5_Compute
                0x00001ff4       0xfc /home/ncs/CAPSTONE/out/arsdk-native/build/libARSAL/obj/Sources/ARSAL_MD5.c.o
                0x00001ff4                ARSAL_MD5_Compute
 .text.ARSAL_MD5_Manager_Init
                0x000020f0       0x9c /home/ncs/CAPSTONE/out/arsdk-native/build/libARSAL/obj/Sources/ARSAL_MD5.c.o
                0x000020f0                ARSAL_MD5_Manager_Init
 .text.ARSAL_MD5_Manager_Close
                0x0000218c       0x7c /home/ncs/CAPSTONE/out/arsdk-native/build/libARSAL/obj/Sources/ARSAL_MD5.c.o
                0x0000218c                ARSAL_MD5_Manager_Close
 .text.ARSAL_MD5_GetMd5AsTxt
                0x00002208       0x48 /home/ncs/CAPSTONE/out/arsdk-native/build/libARSAL/obj/Sources/ARSAL_MD5.c.o
                0x00002208                ARSAL_MD5_GetMd5AsTxt
 .text.ARSAL_MD5_Check
                0x00002250       0xcc /home/ncs/CAPSTONE/out/arsdk-native/build/libARSAL/obj/Sources/ARSAL_MD5.c.o
                0x00002250                ARSAL_MD5_Check
 .text.ARSAL_MD5_Manager_New
                0x0000231c       0x94 /home/ncs/CAPSTONE/out/arsdk-native/build/libARSAL/obj/Sources/ARSAL_MD5_Manager.c.o
                0x0000231c                ARSAL_MD5_Manager_New
 .text.ARSAL_MD5_Manager_Delete
                0x000023b0       0x8c /home/ncs/CAPSTONE/out/arsdk-native/build/libARSAL/obj/Sources/ARSAL_MD5_Manager.c.o
                0x000023b0                ARSAL_MD5_Manager_Delete
 .text.ARSAL_MD5_Manager_Check
                0x0000243c       0x10 /home/ncs/CAPSTONE/out/arsdk-native/build/libARSAL/obj/Sources/ARSAL_MD5_Manager.c.o
                0x0000243c                ARSAL_MD5_Manager_Check
 .text.ARSAL_MD5_Manager_Compute
                0x0000244c       0x1c /home/ncs/CAPSTONE/out/arsdk-native/build/libARSAL/obj/Sources/ARSAL_MD5_Manager.c.o
                0x0000244c                ARSAL_MD5_Manager_Compute
 .text.ARSAL_Mutex_Init
                0x00002468       0x16 /home/ncs/CAPSTONE/out/arsdk-native/build/libARSAL/obj/Sources/ARSAL_Mutex.c.o
                0x00002468                ARSAL_Mutex_Init
 .text.ARSAL_Mutex_Destroy
                0x0000247e       0x16 /home/ncs/CAPSTONE/out/arsdk-native/build/libARSAL/obj/Sources/ARSAL_Mutex.c.o
                0x0000247e                ARSAL_Mutex_Destroy
 .text.ARSAL_Mutex_Lock
                0x00002494       0xa4 /home/ncs/CAPSTONE/out/arsdk-native/build/libARSAL/obj/Sources/ARSAL_Mutex.c.o
                0x00002494                ARSAL_Mutex_Lock
 .text.ARSAL_Mutex_Trylock
                0x00002538       0xa8 /home/ncs/CAPSTONE/out/arsdk-native/build/libARSAL/obj/Sources/ARSAL_Mutex.c.o
                0x00002538                ARSAL_Mutex_Trylock
 .text.ARSAL_Mutex_Unlock
                0x000025e0       0xa4 /home/ncs/CAPSTONE/out/arsdk-native/build/libARSAL/obj/Sources/ARSAL_Mutex.c.o
                0x000025e0                ARSAL_Mutex_Unlock
 .text.ARSAL_Cond_Init
                0x00002684       0x16 /home/ncs/CAPSTONE/out/arsdk-native/build/libARSAL/obj/Sources/ARSAL_Mutex.c.o
                0x00002684                ARSAL_Cond_Init
 .text.ARSAL_Cond_Destroy
                0x0000269a       0x16 /home/ncs/CAPSTONE/out/arsdk-native/build/libARSAL/obj/Sources/ARSAL_Mutex.c.o
                0x0000269a                ARSAL_Cond_Destroy
 .text.ARSAL_Cond_Wait
                0x000026b0       0xa8 /home/ncs/CAPSTONE/out/arsdk-native/build/libARSAL/obj/Sources/ARSAL_Mutex.c.o
                0x000026b0                ARSAL_Cond_Wait
 .text.ARSAL_Cond_Timedwait
                0x00002758       0xfc /home/ncs/CAPSTONE/out/arsdk-native/build/libARSAL/obj/Sources/ARSAL_Mutex.c.o
                0x00002758                ARSAL_Cond_Timedwait
 .text.ARSAL_Cond_Signal
                0x00002854       0xa4 /home/ncs/CAPSTONE/out/arsdk-native/build/libARSAL/obj/Sources/ARSAL_Mutex.c.o
                0x00002854                ARSAL_Cond_Signal
 .text.ARSAL_Cond_Broadcast
                0x000028f8       0xa8 /home/ncs/CAPSTONE/out/arsdk-native/build/libARSAL/obj/Sources/ARSAL_Mutex.c.o
                0x000028f8                ARSAL_Cond_Broadcast
 .text.ARSAL_Print_SetMinimumLevel
                0x000029a0       0x18 /home/ncs/CAPSTONE/out/arsdk-native/build/libARSAL/obj/Sources/ARSAL_Print.c.o
                0x000029a0                ARSAL_Print_SetMinimumLevel
 .text.ARSAL_Print_GetMinimumLevel
                0x000029b8        0xc /home/ncs/CAPSTONE/out/arsdk-native/build/libARSAL/obj/Sources/ARSAL_Print.c.o
                0x000029b8                ARSAL_Print_GetMinimumLevel
 .text.ARSAL_Print_SetCallback
                0x000029c4        0xc /home/ncs/CAPSTONE/out/arsdk-native/build/libARSAL/obj/Sources/ARSAL_Print.c.o
                0x000029c4                ARSAL_Print_SetCallback
 .text.ARSAL_Print_GetLevelDescription
                0x000029d0       0x14 /home/ncs/CAPSTONE/out/arsdk-native/build/libARSAL/obj/Sources/ARSAL_Print.c.o
                0x000029d0                ARSAL_Print_GetLevelDescription
 .text.ARSAL_Print_PrintRaw
                0x000029e4       0xd0 /home/ncs/CAPSTONE/out/arsdk-native/build/libARSAL/obj/Sources/ARSAL_Print.c.o
                0x000029e4                ARSAL_Print_PrintRaw
 .text.ARSAL_Print_DumpData
                0x00002ab4       0xf0 /home/ncs/CAPSTONE/out/arsdk-native/build/libARSAL/obj/Sources/ARSAL_Print.c.o
                0x00002ab4                ARSAL_Print_DumpData
 .text.ARSAL_Print_DumpRotateFiles
                0x00002ba4      0x154 /home/ncs/CAPSTONE/out/arsdk-native/build/libARSAL/obj/Sources/ARSAL_Print.c.o
                0x00002ba4                ARSAL_Print_DumpRotateFiles
 .text.ARSAL_Sem_Init
                0x00002cf8       0x40 /home/ncs/CAPSTONE/out/arsdk-native/build/libARSAL/obj/Sources/ARSAL_Sem.c.o
                0x00002cf8                ARSAL_Sem_Init
 .text.ARSAL_Sem_Destroy
                0x00002d38       0x2c /home/ncs/CAPSTONE/out/arsdk-native/build/libARSAL/obj/Sources/ARSAL_Sem.c.o
                0x00002d38                ARSAL_Sem_Destroy
 .text.ARSAL_Sem_Wait
                0x00002d64       0x1e /home/ncs/CAPSTONE/out/arsdk-native/build/libARSAL/obj/Sources/ARSAL_Sem.c.o
                0x00002d64                ARSAL_Sem_Wait
 .text.ARSAL_Sem_Trywait
                0x00002d82       0x1e /home/ncs/CAPSTONE/out/arsdk-native/build/libARSAL/obj/Sources/ARSAL_Sem.c.o
                0x00002d82                ARSAL_Sem_Trywait
 .text.ARSAL_Sem_Timedwait
                0x00002da0       0x84 /home/ncs/CAPSTONE/out/arsdk-native/build/libARSAL/obj/Sources/ARSAL_Sem.c.o
                0x00002da0                ARSAL_Sem_Timedwait
 .text.ARSAL_Sem_Post
                0x00002e24       0x1e /home/ncs/CAPSTONE/out/arsdk-native/build/libARSAL/obj/Sources/ARSAL_Sem.c.o
                0x00002e24                ARSAL_Sem_Post
 .text.ARSAL_Sem_Getvalue
                0x00002e42       0x20 /home/ncs/CAPSTONE/out/arsdk-native/build/libARSAL/obj/Sources/ARSAL_Sem.c.o
                0x00002e42                ARSAL_Sem_Getvalue
 .text.ARSAL_Socket_Create
                0x00002e62        0x4 /home/ncs/CAPSTONE/out/arsdk-native/build/libARSAL/obj/Sources/ARSAL_Socket.c.o
                0x00002e62                ARSAL_Socket_Create
 .text.ARSAL_Socket_Connect
                0x00002e66        0x4 /home/ncs/CAPSTONE/out/arsdk-native/build/libARSAL/obj/Sources/ARSAL_Socket.c.o
                0x00002e66                ARSAL_Socket_Connect
 .text.ARSAL_Socket_Sendto
                0x00002e6a        0xa /home/ncs/CAPSTONE/out/arsdk-native/build/libARSAL/obj/Sources/ARSAL_Socket.c.o
                0x00002e6a                ARSAL_Socket_Sendto
 .text.ARSAL_Socket_Send
                0x00002e74       0x32 /home/ncs/CAPSTONE/out/arsdk-native/build/libARSAL/obj/Sources/ARSAL_Socket.c.o
                0x00002e74                ARSAL_Socket_Send
 .text.ARSAL_Socket_Recvfrom
                0x00002ea6        0xa /home/ncs/CAPSTONE/out/arsdk-native/build/libARSAL/obj/Sources/ARSAL_Socket.c.o
                0x00002ea6                ARSAL_Socket_Recvfrom
 .text.ARSAL_Socket_Recv
                0x00002eb0        0x4 /home/ncs/CAPSTONE/out/arsdk-native/build/libARSAL/obj/Sources/ARSAL_Socket.c.o
                0x00002eb0                ARSAL_Socket_Recv
 .text.ARSAL_Socket_Writev
                0x00002eb4        0x4 /home/ncs/CAPSTONE/out/arsdk-native/build/libARSAL/obj/Sources/ARSAL_Socket.c.o
                0x00002eb4                ARSAL_Socket_Writev
 .text.ARSAL_Socket_Readv
                0x00002eb8        0x4 /home/ncs/CAPSTONE/out/arsdk-native/build/libARSAL/obj/Sources/ARSAL_Socket.c.o
                0x00002eb8                ARSAL_Socket_Readv
 .text.ARSAL_Socket_Bind
                0x00002ebc        0x4 /home/ncs/CAPSTONE/out/arsdk-native/build/libARSAL/obj/Sources/ARSAL_Socket.c.o
                0x00002ebc                ARSAL_Socket_Bind
 .text.ARSAL_Socket_Listen
                0x00002ec0        0x4 /home/ncs/CAPSTONE/out/arsdk-native/build/libARSAL/obj/Sources/ARSAL_Socket.c.o
                0x00002ec0                ARSAL_Socket_Listen
 .text.ARSAL_Socket_Accept
                0x00002ec4        0x4 /home/ncs/CAPSTONE/out/arsdk-native/build/libARSAL/obj/Sources/ARSAL_Socket.c.o
                0x00002ec4                ARSAL_Socket_Accept
 .text.ARSAL_Socket_Close
                0x00002ec8        0x4 /home/ncs/CAPSTONE/out/arsdk-native/build/libARSAL/obj/Sources/ARSAL_Socket.c.o
                0x00002ec8                ARSAL_Socket_Close
 .text.ARSAL_Socket_Setsockopt
                0x00002ecc        0x4 /home/ncs/CAPSTONE/out/arsdk-native/build/libARSAL/obj/Sources/ARSAL_Socket.c.o
                0x00002ecc                ARSAL_Socket_Setsockopt
 .text.ARSAL_Socket_Getsockopt
                0x00002ed0        0x4 /home/ncs/CAPSTONE/out/arsdk-native/build/libARSAL/obj/Sources/ARSAL_Socket.c.o
                0x00002ed0                ARSAL_Socket_Getsockopt
 .text.ARSAL_Socket_Getsockname
                0x00002ed4        0x4 /home/ncs/CAPSTONE/out/arsdk-native/build/libARSAL/obj/Sources/ARSAL_Socket.c.o
                0x00002ed4                ARSAL_Socket_Getsockname
 .text.ARSAL_Time_GetTime
                0x00002ed8       0x10 /home/ncs/CAPSTONE/out/arsdk-native/build/libARSAL/obj/Sources/ARSAL_Time.c.o
                0x00002ed8                ARSAL_Time_GetTime
 .text.ARSAL_Time_GetLocalTime
                0x00002ee8       0x5c /home/ncs/CAPSTONE/out/arsdk-native/build/libARSAL/obj/Sources/ARSAL_Time.c.o
                0x00002ee8                ARSAL_Time_GetLocalTime
 .text.ARSAL_Time_TimevalEquals
                0x00002f44       0x20 /home/ncs/CAPSTONE/out/arsdk-native/build/libARSAL/obj/Sources/ARSAL_Time.c.o
                0x00002f44                ARSAL_Time_TimevalEquals
 .text.ARSAL_Time_TimespecEquals
                0x00002f64       0x20 /home/ncs/CAPSTONE/out/arsdk-native/build/libARSAL/obj/Sources/ARSAL_Time.c.o
                0x00002f64                ARSAL_Time_TimespecEquals
 .text.ARSAL_Time_ComputeTimevalMsTimeDiff
                0x00002f84       0x3c /home/ncs/CAPSTONE/out/arsdk-native/build/libARSAL/obj/Sources/ARSAL_Time.c.o
                0x00002f84                ARSAL_Time_ComputeTimevalMsTimeDiff
 .text.ARSAL_Time_ComputeTimespecMsTimeDiff
                0x00002fc0       0x40 /home/ncs/CAPSTONE/out/arsdk-native/build/libARSAL/obj/Sources/ARSAL_Time.c.o
                0x00002fc0                ARSAL_Time_ComputeTimespecMsTimeDiff
 .text.ARSAL_Thread_Create
                0x00003000       0x36 /home/ncs/CAPSTONE/out/arsdk-native/build/libARSAL/obj/Sources/ARSAL_Thread.c.o
                0x00003000                ARSAL_Thread_Create
 .text.ARSAL_Thread_Join
                0x00003036        0x6 /home/ncs/CAPSTONE/out/arsdk-native/build/libARSAL/obj/Sources/ARSAL_Thread.c.o
                0x00003036                ARSAL_Thread_Join
 .text.ARSAL_Thread_Destroy
                0x0000303c        0xc /home/ncs/CAPSTONE/out/arsdk-native/build/libARSAL/obj/Sources/ARSAL_Thread.c.o
                0x0000303c                ARSAL_Thread_Destroy
 .text.body     0x00003048      0x708 /home/ncs/CAPSTONE/out/arsdk-native/build/libARSAL/obj/Sources/md5.c.o
 .text.AR_MD5_Init
                0x00003750       0x2c /home/ncs/CAPSTONE/out/arsdk-native/build/libARSAL/obj/Sources/md5.c.o
                0x00003750                AR_MD5_Init
 .text.AR_MD5_Update
                0x0000377c       0x76 /home/ncs/CAPSTONE/out/arsdk-native/build/libARSAL/obj/Sources/md5.c.o
                0x0000377c                AR_MD5_Update
 .text.AR_MD5_Final
                0x000037f2       0xda /home/ncs/CAPSTONE/out/arsdk-native/build/libARSAL/obj/Sources/md5.c.o
                0x000037f2                AR_MD5_Final
 .text.ARSAL_Error_ToString
                0x000038cc      0x110 /home/ncs/CAPSTONE/out/arsdk-native/build/libARSAL/obj/gen/Sources/ARSAL_Error.c.o
                0x000038cc                ARSAL_Error_ToString
 *(.gnu.warning)
 *(.glue_7t)
 .glue_7t       0x000039dc        0x0 linker stubs
 *(.glue_7)
 .glue_7        0x000039dc        0x0 linker stubs
 *(.vfp11_veneer)
 .vfp11_veneer  0x000039dc        0x0 linker stubs
 *(.v4_bx)
 .v4_bx         0x000039dc        0x0 linker stubs

.fini           0x000039dc        0x8
 *(SORT(.fini))
 .fini          0x000039dc        0x4 /usr/lib/gcc/arm-linux-gnueabihf/5/../../../arm-linux-gnueabihf/crti.o
                0x000039dc                _fini
 .fini          0x000039e0        0x4 /usr/lib/gcc/arm-linux-gnueabihf/5/../../../arm-linux-gnueabihf/crtn.o
                [!provide]                PROVIDE (__etext, .)
                [!provide]                PROVIDE (_etext, .)
                [!provide]                PROVIDE (etext, .)

.rodata         0x000039e4      0x3f1
 *(.rodata .rodata.* .gnu.linkonce.r.*)
 .rodata        0x000039e4       0x51 /home/ncs/CAPSTONE/out/arsdk-native/build/libARSAL/obj/Sources/ARSAL_MD5.c.o
 .rodata.str1.1
                0x00003a35       0x29 /home/ncs/CAPSTONE/out/arsdk-native/build/libARSAL/obj/Sources/ARSAL_MD5.c.o
 .rodata        0x00003a5e       0x2f /home/ncs/CAPSTONE/out/arsdk-native/build/libARSAL/obj/Sources/ARSAL_MD5_Manager.c.o
 .rodata.str1.1
                0x00003a8d       0x21 /home/ncs/CAPSTONE/out/arsdk-native/build/libARSAL/obj/Sources/ARSAL_MD5_Manager.c.o
 .rodata        0x00003a8d       0x84 /home/ncs/CAPSTONE/out/arsdk-native/build/libARSAL/obj/Sources/ARSAL_Mutex.c.o
 .rodata.str1.1
                0x00003b11       0xa9 /home/ncs/CAPSTONE/out/arsdk-native/build/libARSAL/obj/Sources/ARSAL_Mutex.c.o
                                 0xb2 (size before relaxing)
 .rodata        0x00003bba       0x1c /home/ncs/CAPSTONE/out/arsdk-native/build/libARSAL/obj/Sources/ARSAL_Print.c.o
 .rodata.str1.1
                0x00003bd6       0x78 /home/ncs/CAPSTONE/out/arsdk-native/build/libARSAL/obj/Sources/ARSAL_Print.c.o
                                 0x81 (size before relaxing)
 .rodata.str1.1
                0x00003c4e      0x187 /home/ncs/CAPSTONE/out/arsdk-native/build/libARSAL/obj/gen/Sources/ARSAL_Error.c.o

.rodata1
 *(.rodata1)

.ARM.extab
 *(.ARM.extab* .gnu.linkonce.armextab.*)
                [!provide]                PROVIDE (__exidx_start, .)

.ARM.exidx
 *(.ARM.exidx* .gnu.linkonce.armexidx.*)
                [!provide]                PROVIDE (__exidx_end, .)

.eh_frame_hdr
 *(.eh_frame_hdr)
 *(.eh_frame_entry .eh_frame_entry.*)

.eh_frame       0x00003dd8        0x4
 *(.eh_frame)
 .eh_frame      0x00003dd8        0x4 /usr/lib/gcc/arm-linux-gnueabihf/5/crtendS.o
 *(.eh_frame.*)

.gcc_except_table
 *(.gcc_except_table .gcc_except_table.*)

.gnu_extab
 *(.gnu_extab*)

.exception_ranges
 *(.exception_ranges .exception_ranges*)
                0x00013ed4                . = DATA_SEGMENT_ALIGN (0x10000, 0x1000)

.eh_frame
 *(.eh_frame)
 *(.eh_frame.*)

.gnu_extab
 *(.gnu_extab)

.gcc_except_table
 *(.gcc_except_table .gcc_except_table.*)

.exception_ranges
 *(.exception_ranges .exception_ranges*)

.tdata
 *(.tdata .tdata.* .gnu.linkonce.td.*)

.tbss
 *(.tbss .tbss.* .gnu.linkonce.tb.*)
 *(.tcommon)

.preinit_array
 *(.preinit_array)

.init_array     0x00013ed4        0x4
 *(SORT(.init_array.*) SORT(.ctors.*))
 *(.init_array EXCLUDE_FILE(*crtend?.o *crtend.o *crtbegin?.o *crtbegin.o) .ctors)
 .init_array    0x00013ed4        0x4 /usr/lib/gcc/arm-linux-gnueabihf/5/crtbeginS.o

.fini_array     0x00013ed8        0x4
 *(SORT(.fini_array.*) SORT(.dtors.*))
 *(.fini_array EXCLUDE_FILE(*crtend?.o *crtend.o *crtbegin?.o *crtbegin.o) .dtors)
 .fini_array    0x00013ed8        0x4 /usr/lib/gcc/arm-linux-gnueabihf/5/crtbeginS.o

.ctors
 *crtbegin.o(.ctors)
 *crtbegin?.o(.ctors)
 *(EXCLUDE_FILE(*crtend?.o *crtend.o) .ctors)
 *(SORT(.ctors.*))
 *(.ctors)

.dtors
 *crtbegin.o(.dtors)
 *crtbegin?.o(.dtors)
 *(EXCLUDE_FILE(*crtend?.o *crtend.o) .dtors)
 *(SORT(.dtors.*))
 *(.dtors)

.jcr            0x00013edc        0x4
 *(.jcr)
 .jcr           0x00013edc        0x0 /usr/lib/gcc/arm-linux-gnueabihf/5/crtbeginS.o
 .jcr           0x00013edc        0x4 /usr/lib/gcc/arm-linux-gnueabihf/5/crtendS.o

.data.rel.ro    0x00013ee0       0x18
 *(.data.rel.ro.local* .gnu.linkonce.d.rel.ro.local.*)
 .data.rel.ro.local
                0x00013ee0       0x18 /home/ncs/CAPSTONE/out/arsdk-native/build/libARSAL/obj/Sources/ARSAL_Print.c.o
 *(.data.rel.ro .data.rel.ro.* .gnu.linkonce.d.rel.ro.*)

.dynamic        0x00013ef8      0x108
 *(.dynamic)
 .dynamic       0x00013ef8      0x108 /usr/lib/gcc/arm-linux-gnueabihf/5/../../../arm-linux-gnueabihf/crti.o
                0x00013ef8                _DYNAMIC
                0x00014000                . = DATA_SEGMENT_RELRO_END (., 0x0)

.got            0x00014000      0x160
 *(.got.plt)
 .got.plt       0x00014000      0x13c /usr/lib/gcc/arm-linux-gnueabihf/5/../../../arm-linux-gnueabihf/crti.o
                0x00014000                _GLOBAL_OFFSET_TABLE_
 *(.igot.plt)
 .igot.plt      0x0001413c        0x0 /usr/lib/gcc/arm-linux-gnueabihf/5/../../../arm-linux-gnueabihf/crti.o
 *(.got)
 .got           0x0001413c       0x24 /usr/lib/gcc/arm-linux-gnueabihf/5/../../../arm-linux-gnueabihf/crti.o
 *(.igot)

.data           0x00014160        0x8
                [!provide]                PROVIDE (__data_start, .)
 *(.data .data.* .gnu.linkonce.d.*)
 .data.rel.local
                0x00014160        0x4 /usr/lib/gcc/arm-linux-gnueabihf/5/crtbeginS.o
                0x00014160                __dso_handle
 .data          0x00014164        0x4 /home/ncs/CAPSTONE/out/arsdk-native/build/libARSAL/obj/Sources/ARSAL_Print.c.o

.tm_clone_table
                0x00014168        0x0
 .tm_clone_table
                0x00014168        0x0 /usr/lib/gcc/arm-linux-gnueabihf/5/crtbeginS.o
 .tm_clone_table
                0x00014168        0x0 /usr/lib/gcc/arm-linux-gnueabihf/5/crtendS.o

.data1
 *(.data1)
                0x00014168                _edata = .
                [!provide]                PROVIDE (edata, .)
                0x00014168                . = .
                0x00014168                __bss_start = .
                0x00014168                __bss_start__ = .

.bss            0x00014168        0x8
 *(.dynbss)
 .dynbss        0x00014168        0x0 /usr/lib/gcc/arm-linux-gnueabihf/5/../../../arm-linux-gnueabihf/crti.o
 *(.bss .bss.* .gnu.linkonce.b.*)
 .bss           0x00014168        0x1 /usr/lib/gcc/arm-linux-gnueabihf/5/crtbeginS.o
 *fill*         0x00014169        0x3 
 .bss           0x0001416c        0x4 /home/ncs/CAPSTONE/out/arsdk-native/build/libARSAL/obj/Sources/ARSAL_Print.c.o
 *(COMMON)
                0x00014170                . = ALIGN ((. != 0x0)?0x4:0x1)
                0x00014170                _bss_end__ = .
                0x00014170                __bss_end__ = .
                0x00014170                . = ALIGN (0x4)
                0x00014170                . = SEGMENT_START ("ldata-segment", .)
                0x00014170                . = ALIGN (0x4)
                0x00014170                __end__ = .
                0x00014170                _end = .
                [!provide]                PROVIDE (end, .)
                0x00014170                . = DATA_SEGMENT_END (.)

.stab
 *(.stab)

.stabstr
 *(.stabstr)

.stab.excl
 *(.stab.excl)

.stab.exclstr
 *(.stab.exclstr)

.stab.index
 *(.stab.index)

.stab.indexstr
 *(.stab.indexstr)

.comment        0x00000000       0x3b
 *(.comment)
 .comment       0x00000000       0x3b /usr/lib/gcc/arm-linux-gnueabihf/5/crtbeginS.o
                                 0x3c (size before relaxing)
 .comment       0x0000003b       0x3c /home/ncs/CAPSTONE/out/arsdk-native/build/libARSAL/obj/Sources/ARSAL_Ftw.c.o
 .comment       0x0000003b       0x3c /home/ncs/CAPSTONE/out/arsdk-native/build/libARSAL/obj/Sources/ARSAL_MD5.c.o
 .comment       0x0000003b       0x3c /home/ncs/CAPSTONE/out/arsdk-native/build/libARSAL/obj/Sources/ARSAL_MD5_Manager.c.o
 .comment       0x0000003b       0x3c /home/ncs/CAPSTONE/out/arsdk-native/build/libARSAL/obj/Sources/ARSAL_Mutex.c.o
 .comment       0x0000003b       0x3c /home/ncs/CAPSTONE/out/arsdk-native/build/libARSAL/obj/Sources/ARSAL_Print.c.o
 .comment       0x0000003b       0x3c /home/ncs/CAPSTONE/out/arsdk-native/build/libARSAL/obj/Sources/ARSAL_Sem.c.o
 .comment       0x0000003b       0x3c /home/ncs/CAPSTONE/out/arsdk-native/build/libARSAL/obj/Sources/ARSAL_Socket.c.o
 .comment       0x0000003b       0x3c /home/ncs/CAPSTONE/out/arsdk-native/build/libARSAL/obj/Sources/ARSAL_Time.c.o
 .comment       0x0000003b       0x3c /home/ncs/CAPSTONE/out/arsdk-native/build/libARSAL/obj/Sources/ARSAL_Thread.c.o
 .comment       0x0000003b       0x3c /home/ncs/CAPSTONE/out/arsdk-native/build/libARSAL/obj/Sources/md5.c.o
 .comment       0x0000003b       0x3c /home/ncs/CAPSTONE/out/arsdk-native/build/libARSAL/obj/gen/Sources/ARSAL_Error.c.o
 .comment       0x0000003b       0x3c /usr/lib/gcc/arm-linux-gnueabihf/5/crtendS.o

.ARM.attributes
                0x00000000       0x31
 .ARM.attributes
                0x00000000       0x27 /usr/lib/gcc/arm-linux-gnueabihf/5/../../../arm-linux-gnueabihf/crti.o
 .ARM.attributes
                0x00000027       0x33 /usr/lib/gcc/arm-linux-gnueabihf/5/crtbeginS.o
 .ARM.attributes
                0x0000005a       0x33 /home/ncs/CAPSTONE/out/arsdk-native/build/libARSAL/obj/Sources/ARSAL_Ftw.c.o
 .ARM.attributes
                0x0000008d       0x33 /home/ncs/CAPSTONE/out/arsdk-native/build/libARSAL/obj/Sources/ARSAL_MD5.c.o
 .ARM.attributes
                0x000000c0       0x33 /home/ncs/CAPSTONE/out/arsdk-native/build/libARSAL/obj/Sources/ARSAL_MD5_Manager.c.o
 .ARM.attributes
                0x000000f3       0x33 /home/ncs/CAPSTONE/out/arsdk-native/build/libARSAL/obj/Sources/ARSAL_Mutex.c.o
 .ARM.attributes
                0x00000126       0x33 /home/ncs/CAPSTONE/out/arsdk-native/build/libARSAL/obj/Sources/ARSAL_Print.c.o
 .ARM.attributes
                0x00000159       0x33 /home/ncs/CAPSTONE/out/arsdk-native/build/libARSAL/obj/Sources/ARSAL_Sem.c.o
 .ARM.attributes
                0x0000018c       0x33 /home/ncs/CAPSTONE/out/arsdk-native/build/libARSAL/obj/Sources/ARSAL_Socket.c.o
 .ARM.attributes
                0x000001bf       0x33 /home/ncs/CAPSTONE/out/arsdk-native/build/libARSAL/obj/Sources/ARSAL_Time.c.o
 .ARM.attributes
                0x000001f2       0x33 /home/ncs/CAPSTONE/out/arsdk-native/build/libARSAL/obj/Sources/ARSAL_Thread.c.o
 .ARM.attributes
                0x00000225       0x33 /home/ncs/CAPSTONE/out/arsdk-native/build/libARSAL/obj/Sources/md5.c.o
 .ARM.attributes
                0x00000258       0x33 /home/ncs/CAPSTONE/out/arsdk-native/build/libARSAL/obj/gen/Sources/ARSAL_Error.c.o
 .ARM.attributes
                0x0000028b       0x33 /usr/lib/gcc/arm-linux-gnueabihf/5/crtendS.o
 .ARM.attributes
                0x000002be       0x27 /usr/lib/gcc/arm-linux-gnueabihf/5/../../../arm-linux-gnueabihf/crtn.o

.debug
 *(.debug)

.line
 *(.line)

.debug_srcinfo
 *(.debug_srcinfo)

.debug_sfnames
 *(.debug_sfnames)

.debug_aranges  0x00000000      0x310
 *(.debug_aranges)
 .debug_aranges
                0x00000000       0x28 /home/ncs/CAPSTONE/out/arsdk-native/build/libARSAL/obj/Sources/ARSAL_Ftw.c.o
 .debug_aranges
                0x00000028       0x40 /home/ncs/CAPSTONE/out/arsdk-native/build/libARSAL/obj/Sources/ARSAL_MD5.c.o
 .debug_aranges
                0x00000068       0x38 /home/ncs/CAPSTONE/out/arsdk-native/build/libARSAL/obj/Sources/ARSAL_MD5_Manager.c.o
 .debug_aranges
                0x000000a0       0x70 /home/ncs/CAPSTONE/out/arsdk-native/build/libARSAL/obj/Sources/ARSAL_Mutex.c.o
 .debug_aranges
                0x00000110       0x50 /home/ncs/CAPSTONE/out/arsdk-native/build/libARSAL/obj/Sources/ARSAL_Print.c.o
 .debug_aranges
                0x00000160       0x50 /home/ncs/CAPSTONE/out/arsdk-native/build/libARSAL/obj/Sources/ARSAL_Sem.c.o
 .debug_aranges
                0x000001b0       0x90 /home/ncs/CAPSTONE/out/arsdk-native/build/libARSAL/obj/Sources/ARSAL_Socket.c.o
 .debug_aranges
                0x00000240       0x48 /home/ncs/CAPSTONE/out/arsdk-native/build/libARSAL/obj/Sources/ARSAL_Time.c.o
 .debug_aranges
                0x00000288       0x30 /home/ncs/CAPSTONE/out/arsdk-native/build/libARSAL/obj/Sources/ARSAL_Thread.c.o
 .debug_aranges
                0x000002b8       0x38 /home/ncs/CAPSTONE/out/arsdk-native/build/libARSAL/obj/Sources/md5.c.o
 .debug_aranges
                0x000002f0       0x20 /home/ncs/CAPSTONE/out/arsdk-native/build/libARSAL/obj/gen/Sources/ARSAL_Error.c.o

.debug_pubnames
 *(.debug_pubnames)

.debug_info     0x00000000     0x4ef3
 *(.debug_info .gnu.linkonce.wi.*)
 .debug_info    0x00000000      0x40f /home/ncs/CAPSTONE/out/arsdk-native/build/libARSAL/obj/Sources/ARSAL_Ftw.c.o
 .debug_info    0x0000040f      0xd41 /home/ncs/CAPSTONE/out/arsdk-native/build/libARSAL/obj/Sources/ARSAL_MD5.c.o
 .debug_info    0x00001150      0x64c /home/ncs/CAPSTONE/out/arsdk-native/build/libARSAL/obj/Sources/ARSAL_MD5_Manager.c.o
 .debug_info    0x0000179c      0xeb8 /home/ncs/CAPSTONE/out/arsdk-native/build/libARSAL/obj/Sources/ARSAL_Mutex.c.o
 .debug_info    0x00002654      0xd98 /home/ncs/CAPSTONE/out/arsdk-native/build/libARSAL/obj/Sources/ARSAL_Print.c.o
 .debug_info    0x000033ec      0x4b0 /home/ncs/CAPSTONE/out/arsdk-native/build/libARSAL/obj/Sources/ARSAL_Sem.c.o
 .debug_info    0x0000389c      0x9f9 /home/ncs/CAPSTONE/out/arsdk-native/build/libARSAL/obj/Sources/ARSAL_Socket.c.o
 .debug_info    0x00004295      0x3f4 /home/ncs/CAPSTONE/out/arsdk-native/build/libARSAL/obj/Sources/ARSAL_Time.c.o
 .debug_info    0x00004689      0x267 /home/ncs/CAPSTONE/out/arsdk-native/build/libARSAL/obj/Sources/ARSAL_Thread.c.o
 .debug_info    0x000048f0      0x514 /home/ncs/CAPSTONE/out/arsdk-native/build/libARSAL/obj/Sources/md5.c.o
 .debug_info    0x00004e04       0xef /home/ncs/CAPSTONE/out/arsdk-native/build/libARSAL/obj/gen/Sources/ARSAL_Error.c.o

.debug_abbrev   0x00000000     0x140d
 *(.debug_abbrev)
 .debug_abbrev  0x00000000      0x10c /home/ncs/CAPSTONE/out/arsdk-native/build/libARSAL/obj/Sources/ARSAL_Ftw.c.o
 .debug_abbrev  0x0000010c      0x2f8 /home/ncs/CAPSTONE/out/arsdk-native/build/libARSAL/obj/Sources/ARSAL_MD5.c.o
 .debug_abbrev  0x00000404      0x1ef /home/ncs/CAPSTONE/out/arsdk-native/build/libARSAL/obj/Sources/ARSAL_MD5_Manager.c.o
 .debug_abbrev  0x000005f3      0x1f2 /home/ncs/CAPSTONE/out/arsdk-native/build/libARSAL/obj/Sources/ARSAL_Mutex.c.o
 .debug_abbrev  0x000007e5      0x34e /home/ncs/CAPSTONE/out/arsdk-native/build/libARSAL/obj/Sources/ARSAL_Print.c.o
 .debug_abbrev  0x00000b33      0x1f6 /home/ncs/CAPSTONE/out/arsdk-native/build/libARSAL/obj/Sources/ARSAL_Sem.c.o
 .debug_abbrev  0x00000d29      0x1ae /home/ncs/CAPSTONE/out/arsdk-native/build/libARSAL/obj/Sources/ARSAL_Socket.c.o
 .debug_abbrev  0x00000ed7      0x17d /home/ncs/CAPSTONE/out/arsdk-native/build/libARSAL/obj/Sources/ARSAL_Time.c.o
 .debug_abbrev  0x00001054      0x135 /home/ncs/CAPSTONE/out/arsdk-native/build/libARSAL/obj/Sources/ARSAL_Thread.c.o
 .debug_abbrev  0x00001189      0x1f1 /home/ncs/CAPSTONE/out/arsdk-native/build/libARSAL/obj/Sources/md5.c.o
 .debug_abbrev  0x0000137a       0x93 /home/ncs/CAPSTONE/out/arsdk-native/build/libARSAL/obj/gen/Sources/ARSAL_Error.c.o

.debug_line     0x00000000     0x1703
 *(.debug_line .debug_line.* .debug_line_end)
 .debug_line    0x00000000      0x123 /home/ncs/CAPSTONE/out/arsdk-native/build/libARSAL/obj/Sources/ARSAL_Ftw.c.o
 .debug_line    0x00000123      0x2a0 /home/ncs/CAPSTONE/out/arsdk-native/build/libARSAL/obj/Sources/ARSAL_MD5.c.o
 .debug_line    0x000003c3      0x1b9 /home/ncs/CAPSTONE/out/arsdk-native/build/libARSAL/obj/Sources/ARSAL_MD5_Manager.c.o
 .debug_line    0x0000057c      0x27e /home/ncs/CAPSTONE/out/arsdk-native/build/libARSAL/obj/Sources/ARSAL_Mutex.c.o
 .debug_line    0x000007fa      0x2c9 /home/ncs/CAPSTONE/out/arsdk-native/build/libARSAL/obj/Sources/ARSAL_Print.c.o
 .debug_line    0x00000ac3      0x23e /home/ncs/CAPSTONE/out/arsdk-native/build/libARSAL/obj/Sources/ARSAL_Sem.c.o
 .debug_line    0x00000d01      0x266 /home/ncs/CAPSTONE/out/arsdk-native/build/libARSAL/obj/Sources/ARSAL_Socket.c.o
 .debug_line    0x00000f67      0x1b8 /home/ncs/CAPSTONE/out/arsdk-native/build/libARSAL/obj/Sources/ARSAL_Time.c.o
 .debug_line    0x0000111f      0x14d /home/ncs/CAPSTONE/out/arsdk-native/build/libARSAL/obj/Sources/ARSAL_Thread.c.o
 .debug_line    0x0000126c      0x3e0 /home/ncs/CAPSTONE/out/arsdk-native/build/libARSAL/obj/Sources/md5.c.o
 .debug_line    0x0000164c       0xb7 /home/ncs/CAPSTONE/out/arsdk-native/build/libARSAL/obj/gen/Sources/ARSAL_Error.c.o

.debug_frame    0x00000000      0x7c8
 *(.debug_frame)
 .debug_frame   0x00000000       0x30 /home/ncs/CAPSTONE/out/arsdk-native/build/libARSAL/obj/Sources/ARSAL_Ftw.c.o
 .debug_frame   0x00000030       0xcc /home/ncs/CAPSTONE/out/arsdk-native/build/libARSAL/obj/Sources/ARSAL_MD5.c.o
 .debug_frame   0x000000fc       0x88 /home/ncs/CAPSTONE/out/arsdk-native/build/libARSAL/obj/Sources/ARSAL_MD5_Manager.c.o
 .debug_frame   0x00000184      0x19c /home/ncs/CAPSTONE/out/arsdk-native/build/libARSAL/obj/Sources/ARSAL_Mutex.c.o
 .debug_frame   0x00000320       0xe4 /home/ncs/CAPSTONE/out/arsdk-native/build/libARSAL/obj/Sources/ARSAL_Print.c.o
 .debug_frame   0x00000404       0xf0 /home/ncs/CAPSTONE/out/arsdk-native/build/libARSAL/obj/Sources/ARSAL_Sem.c.o
 .debug_frame   0x000004f4      0x12c /home/ncs/CAPSTONE/out/arsdk-native/build/libARSAL/obj/Sources/ARSAL_Socket.c.o
 .debug_frame   0x00000620       0x94 /home/ncs/CAPSTONE/out/arsdk-native/build/libARSAL/obj/Sources/ARSAL_Time.c.o
 .debug_frame   0x000006b4       0x58 /home/ncs/CAPSTONE/out/arsdk-native/build/libARSAL/obj/Sources/ARSAL_Thread.c.o
 .debug_frame   0x0000070c       0x9c /home/ncs/CAPSTONE/out/arsdk-native/build/libARSAL/obj/Sources/md5.c.o
 .debug_frame   0x000007a8       0x20 /home/ncs/CAPSTONE/out/arsdk-native/build/libARSAL/obj/gen/Sources/ARSAL_Error.c.o

.debug_str      0x00000000     0x163d
 *(.debug_str)
 .debug_str     0x00000000      0x3b2 /home/ncs/CAPSTONE/out/arsdk-native/build/libARSAL/obj/Sources/ARSAL_Ftw.c.o
                                0x402 (size before relaxing)
 .debug_str     0x000003b2      0x5e5 /home/ncs/CAPSTONE/out/arsdk-native/build/libARSAL/obj/Sources/ARSAL_MD5.c.o
                                0x865 (size before relaxing)
 .debug_str     0x00000997       0xb2 /home/ncs/CAPSTONE/out/arsdk-native/build/libARSAL/obj/Sources/ARSAL_MD5_Manager.c.o
                                0x634 (size before relaxing)
 .debug_str     0x00000a49      0x316 /home/ncs/CAPSTONE/out/arsdk-native/build/libARSAL/obj/Sources/ARSAL_Mutex.c.o
                                0x67a (size before relaxing)
 .debug_str     0x00000d5f      0x28b /home/ncs/CAPSTONE/out/arsdk-native/build/libARSAL/obj/Sources/ARSAL_Print.c.o
                                0x7c8 (size before relaxing)
 .debug_str     0x00000fea      0x114 /home/ncs/CAPSTONE/out/arsdk-native/build/libARSAL/obj/Sources/ARSAL_Sem.c.o
                                0x382 (size before relaxing)
 .debug_str     0x000010fe      0x2c3 /home/ncs/CAPSTONE/out/arsdk-native/build/libARSAL/obj/Sources/ARSAL_Socket.c.o
                                0x4b7 (size before relaxing)
 .debug_str     0x000013c1       0xf8 /home/ncs/CAPSTONE/out/arsdk-native/build/libARSAL/obj/Sources/ARSAL_Time.c.o
                                0x397 (size before relaxing)
 .debug_str     0x000014b9       0xc7 /home/ncs/CAPSTONE/out/arsdk-native/build/libARSAL/obj/Sources/ARSAL_Thread.c.o
                                0x2b2 (size before relaxing)
 .debug_str     0x00001580       0x7c /home/ncs/CAPSTONE/out/arsdk-native/build/libARSAL/obj/Sources/md5.c.o
                                0x24d (size before relaxing)
 .debug_str     0x000015fc       0x41 /home/ncs/CAPSTONE/out/arsdk-native/build/libARSAL/obj/gen/Sources/ARSAL_Error.c.o
                                0x303 (size before relaxing)

.debug_loc      0x00000000     0x30c8
 *(.debug_loc)
 .debug_loc     0x00000000       0xe7 /home/ncs/CAPSTONE/out/arsdk-native/build/libARSAL/obj/Sources/ARSAL_Ftw.c.o
 .debug_loc     0x000000e7      0x472 /home/ncs/CAPSTONE/out/arsdk-native/build/libARSAL/obj/Sources/ARSAL_MD5.c.o
 .debug_loc     0x00000559      0x234 /home/ncs/CAPSTONE/out/arsdk-native/build/libARSAL/obj/Sources/ARSAL_MD5_Manager.c.o
 .debug_loc     0x0000078d      0x486 /home/ncs/CAPSTONE/out/arsdk-native/build/libARSAL/obj/Sources/ARSAL_Mutex.c.o
 .debug_loc     0x00000c13      0x5a6 /home/ncs/CAPSTONE/out/arsdk-native/build/libARSAL/obj/Sources/ARSAL_Print.c.o
 .debug_loc     0x000011b9      0x2c5 /home/ncs/CAPSTONE/out/arsdk-native/build/libARSAL/obj/Sources/ARSAL_Sem.c.o
 .debug_loc     0x0000147e      0x84b /home/ncs/CAPSTONE/out/arsdk-native/build/libARSAL/obj/Sources/ARSAL_Socket.c.o
 .debug_loc     0x00001cc9      0x320 /home/ncs/CAPSTONE/out/arsdk-native/build/libARSAL/obj/Sources/ARSAL_Time.c.o
 .debug_loc     0x00001fe9      0x164 /home/ncs/CAPSTONE/out/arsdk-native/build/libARSAL/obj/Sources/ARSAL_Thread.c.o
 .debug_loc     0x0000214d      0xdca /home/ncs/CAPSTONE/out/arsdk-native/build/libARSAL/obj/Sources/md5.c.o
 .debug_loc     0x00002f17      0x1b1 /home/ncs/CAPSTONE/out/arsdk-native/build/libARSAL/obj/gen/Sources/ARSAL_Error.c.o

.debug_macinfo
 *(.debug_macinfo)

.debug_weaknames
 *(.debug_weaknames)

.debug_funcnames
 *(.debug_funcnames)

.debug_typenames
 *(.debug_typenames)

.debug_varnames
 *(.debug_varnames)

.debug_pubtypes
 *(.debug_pubtypes)

.debug_ranges   0x00000000      0x3b8
 *(.debug_ranges)
 .debug_ranges  0x00000000       0x18 /home/ncs/CAPSTONE/out/arsdk-native/build/libARSAL/obj/Sources/ARSAL_Ftw.c.o
 .debug_ranges  0x00000018       0xc0 /home/ncs/CAPSTONE/out/arsdk-native/build/libARSAL/obj/Sources/ARSAL_MD5.c.o
 .debug_ranges  0x000000d8       0x68 /home/ncs/CAPSTONE/out/arsdk-native/build/libARSAL/obj/Sources/ARSAL_MD5_Manager.c.o
 .debug_ranges  0x00000140       0x60 /home/ncs/CAPSTONE/out/arsdk-native/build/libARSAL/obj/Sources/ARSAL_Mutex.c.o
 .debug_ranges  0x000001a0       0x98 /home/ncs/CAPSTONE/out/arsdk-native/build/libARSAL/obj/Sources/ARSAL_Print.c.o
 .debug_ranges  0x00000238       0x40 /home/ncs/CAPSTONE/out/arsdk-native/build/libARSAL/obj/Sources/ARSAL_Sem.c.o
 .debug_ranges  0x00000278       0x80 /home/ncs/CAPSTONE/out/arsdk-native/build/libARSAL/obj/Sources/ARSAL_Socket.c.o
 .debug_ranges  0x000002f8       0x38 /home/ncs/CAPSTONE/out/arsdk-native/build/libARSAL/obj/Sources/ARSAL_Time.c.o
 .debug_ranges  0x00000330       0x20 /home/ncs/CAPSTONE/out/arsdk-native/build/libARSAL/obj/Sources/ARSAL_Thread.c.o
 .debug_ranges  0x00000350       0x58 /home/ncs/CAPSTONE/out/arsdk-native/build/libARSAL/obj/Sources/md5.c.o
 .debug_ranges  0x000003a8       0x10 /home/ncs/CAPSTONE/out/arsdk-native/build/libARSAL/obj/gen/Sources/ARSAL_Error.c.o

.debug_macro
 *(.debug_macro)

.gnu.attributes
 *(.gnu.attributes)

.note.gnu.arm.ident
 *(.note.gnu.arm.ident)

/DISCARD/
 *(.note.GNU-stack)
 *(.gnu_debuglink)
 *(.gnu.lto_*)
OUTPUT(out/arsdk-native/build/libARSAL/libarsal.so elf32-littlearm)
