Archive member included to satisfy reference by file (symbol)

/usr/lib/arm-linux-gnueabihf/libc_nonshared.a(elf-init.oS)
                              /usr/lib/gcc/arm-linux-gnueabihf/5/../../../arm-linux-gnueabihf/crt1.o (__libc_csu_init)

As-needed library included to satisfy reference by file (symbol)

libarsal.so                   /home/ncs/CAPSTONE/out/arsdk-native/build/JumpingSumoChangePosture/obj/JumpingSumoChangePosture.c.o (ARSAL_Time_GetLocalTime)
libarcommands.so              /home/ncs/CAPSTONE/out/arsdk-native/build/JumpingSumoChangePosture/obj/JumpingSumoChangePosture.c.o (ARCOMMANDS_Generator_GenerateJumpingSumoPilotingPosture)
libarnetwork.so               /home/ncs/CAPSTONE/out/arsdk-native/build/JumpingSumoChangePosture/obj/JumpingSumoChangePosture.c.o (ARNETWORK_Manager_ReceivingThreadRun)
libarnetworkal.so             /home/ncs/CAPSTONE/out/arsdk-native/build/JumpingSumoChangePosture/obj/JumpingSumoChangePosture.c.o (ARNETWORKAL_Error_ToString)
libardiscovery.so             /home/ncs/CAPSTONE/out/arsdk-native/build/JumpingSumoChangePosture/obj/JumpingSumoChangePosture.c.o (ARDISCOVERY_Connection_Delete)
libgcc_s.so.1                 /home/ncs/CAPSTONE/out/arsdk-native/build/JumpingSumoChangePosture/obj/JumpingSumoChangePosture.c.o (__aeabi_idiv@@GCC_3.5)
libc.so.6                     /home/ncs/CAPSTONE/out/arsdk-native/build/JumpingSumoChangePosture/obj/JumpingSumoChangePosture.c.o (strncpy@@GLIBC_2.4)
ld-linux-armhf.so.3           /home/ncs/CAPSTONE/out/arsdk-native/build/JumpingSumoChangePosture/obj/JumpingSumoChangePosture.c.o (__stack_chk_guard@@GLIBC_2.4)

Discarded input sections

 .rodata.cst4   0x00000000        0x4 /usr/lib/gcc/arm-linux-gnueabihf/5/../../../arm-linux-gnueabihf/crt1.o
 .ARM.extab     0x00000000        0x0 /usr/lib/gcc/arm-linux-gnueabihf/5/../../../arm-linux-gnueabihf/crt1.o
 .data          0x00000000        0x4 /usr/lib/gcc/arm-linux-gnueabihf/5/../../../arm-linux-gnueabihf/crt1.o
 .bss           0x00000000        0x0 /usr/lib/gcc/arm-linux-gnueabihf/5/../../../arm-linux-gnueabihf/crt1.o
 .note.GNU-stack
                0x00000000        0x0 /usr/lib/gcc/arm-linux-gnueabihf/5/../../../arm-linux-gnueabihf/crt1.o
 .data          0x00000000        0x0 /usr/lib/gcc/arm-linux-gnueabihf/5/../../../arm-linux-gnueabihf/crti.o
 .bss           0x00000000        0x0 /usr/lib/gcc/arm-linux-gnueabihf/5/../../../arm-linux-gnueabihf/crti.o
 .note.GNU-stack
                0x00000000        0x0 /usr/lib/gcc/arm-linux-gnueabihf/5/../../../arm-linux-gnueabihf/crti.o
 .data          0x00000000        0x4 /usr/lib/gcc/arm-linux-gnueabihf/5/crtbegin.o
 .note.GNU-stack
                0x00000000        0x0 /usr/lib/gcc/arm-linux-gnueabihf/5/crtbegin.o
 .text          0x00000000        0x0 /home/ncs/CAPSTONE/out/arsdk-native/build/JumpingSumoChangePosture/obj/JumpingSumoChangePosture.c.o
 .bss           0x00000000        0x0 /home/ncs/CAPSTONE/out/arsdk-native/build/JumpingSumoChangePosture/obj/JumpingSumoChangePosture.c.o
 .note.GNU-stack
                0x00000000        0x0 /home/ncs/CAPSTONE/out/arsdk-native/build/JumpingSumoChangePosture/obj/JumpingSumoChangePosture.c.o
 .data          0x00000000        0x0 /usr/lib/arm-linux-gnueabihf/libc_nonshared.a(elf-init.oS)
 .bss           0x00000000        0x0 /usr/lib/arm-linux-gnueabihf/libc_nonshared.a(elf-init.oS)
 .note.GNU-stack
                0x00000000        0x0 /usr/lib/arm-linux-gnueabihf/libc_nonshared.a(elf-init.oS)
 .text          0x00000000        0x0 /usr/lib/gcc/arm-linux-gnueabihf/5/crtend.o
 .data          0x00000000        0x0 /usr/lib/gcc/arm-linux-gnueabihf/5/crtend.o
 .bss           0x00000000        0x0 /usr/lib/gcc/arm-linux-gnueabihf/5/crtend.o
 .note.GNU-stack
                0x00000000        0x0 /usr/lib/gcc/arm-linux-gnueabihf/5/crtend.o
 .text          0x00000000        0x0 /usr/lib/gcc/arm-linux-gnueabihf/5/../../../arm-linux-gnueabihf/crtn.o
 .data          0x00000000        0x0 /usr/lib/gcc/arm-linux-gnueabihf/5/../../../arm-linux-gnueabihf/crtn.o
 .bss           0x00000000        0x0 /usr/lib/gcc/arm-linux-gnueabihf/5/../../../arm-linux-gnueabihf/crtn.o
 .note.GNU-stack
                0x00000000        0x0 /usr/lib/gcc/arm-linux-gnueabihf/5/../../../arm-linux-gnueabihf/crtn.o

Memory Configuration

Name             Origin             Length             Attributes
*default*        0x00000000         0xffffffff

Linker script and memory map

LOAD /usr/lib/gcc/arm-linux-gnueabihf/5/../../../arm-linux-gnueabihf/crt1.o
LOAD /usr/lib/gcc/arm-linux-gnueabihf/5/../../../arm-linux-gnueabihf/crti.o
LOAD /usr/lib/gcc/arm-linux-gnueabihf/5/crtbegin.o
LOAD /home/ncs/CAPSTONE/out/arsdk-native/build/JumpingSumoChangePosture/obj/JumpingSumoChangePosture.c.o
LOAD /home/ncs/CAPSTONE/out/arsdk-native/staging/usr/lib/libarsal.so
LOAD /home/ncs/CAPSTONE/out/arsdk-native/staging/usr/lib/libarcommands.so
LOAD /home/ncs/CAPSTONE/out/arsdk-native/staging/usr/lib/libarnetwork.so
LOAD /home/ncs/CAPSTONE/out/arsdk-native/staging/usr/lib/libarnetworkal.so
LOAD /home/ncs/CAPSTONE/out/arsdk-native/staging/usr/lib/libardiscovery.so
LOAD /usr/lib/gcc/arm-linux-gnueabihf/5/../../../arm-linux-gnueabihf/librt.so
LOAD /usr/lib/gcc/arm-linux-gnueabihf/5/libstdc++.so
LOAD /usr/lib/gcc/arm-linux-gnueabihf/5/../../../arm-linux-gnueabihf/libm.so
LOAD /usr/lib/gcc/arm-linux-gnueabihf/5/libgcc_s.so
START GROUP
LOAD /usr/lib/gcc/arm-linux-gnueabihf/5/libgcc_s.so.1
LOAD /usr/lib/gcc/arm-linux-gnueabihf/5/libgcc.a
END GROUP
LOAD /usr/lib/gcc/arm-linux-gnueabihf/5/libgcc.a
LOAD /usr/lib/gcc/arm-linux-gnueabihf/5/../../../arm-linux-gnueabihf/libpthread.so
START GROUP
LOAD /lib/arm-linux-gnueabihf/libpthread.so.0
LOAD /usr/lib/arm-linux-gnueabihf/libpthread_nonshared.a
END GROUP
LOAD /usr/lib/gcc/arm-linux-gnueabihf/5/../../../arm-linux-gnueabihf/libc.so
START GROUP
LOAD /lib/arm-linux-gnueabihf/libc.so.6
LOAD /usr/lib/arm-linux-gnueabihf/libc_nonshared.a
LOAD /lib/arm-linux-gnueabihf/ld-linux-armhf.so.3
END GROUP
LOAD /usr/lib/gcc/arm-linux-gnueabihf/5/libgcc_s.so
START GROUP
LOAD /usr/lib/gcc/arm-linux-gnueabihf/5/libgcc_s.so.1
LOAD /usr/lib/gcc/arm-linux-gnueabihf/5/libgcc.a
END GROUP
LOAD /usr/lib/gcc/arm-linux-gnueabihf/5/libgcc.a
LOAD /usr/lib/gcc/arm-linux-gnueabihf/5/crtend.o
LOAD /usr/lib/gcc/arm-linux-gnueabihf/5/../../../arm-linux-gnueabihf/crtn.o
                [!provide]                PROVIDE (__executable_start, 0x10000)
                0x00010154                . = (0x10000 + SIZEOF_HEADERS)

.interp         0x00010154       0x19
 *(.interp)
 .interp        0x00010154       0x19 /usr/lib/gcc/arm-linux-gnueabihf/5/../../../arm-linux-gnueabihf/crt1.o

.note.ABI-tag   0x00010170       0x20
 .note.ABI-tag  0x00010170       0x20 /usr/lib/gcc/arm-linux-gnueabihf/5/../../../arm-linux-gnueabihf/crt1.o

.note.gnu.build-id
                0x00010190       0x24
 *(.note.gnu.build-id)
 .note.gnu.build-id
                0x00010190       0x24 linker stubs

.hash
 *(.hash)

.gnu.hash       0x000101b4      0x158
 *(.gnu.hash)
 .gnu.hash      0x000101b4      0x158 /usr/lib/gcc/arm-linux-gnueabihf/5/../../../arm-linux-gnueabihf/crt1.o

.dynsym         0x0001030c      0x340
 *(.dynsym)
 .dynsym        0x0001030c      0x340 /usr/lib/gcc/arm-linux-gnueabihf/5/../../../arm-linux-gnueabihf/crt1.o

.dynstr         0x0001064c      0x4b8
 *(.dynstr)
 .dynstr        0x0001064c      0x4b8 /usr/lib/gcc/arm-linux-gnueabihf/5/../../../arm-linux-gnueabihf/crt1.o

.gnu.version    0x00010b04       0x68
 *(.gnu.version)
 .gnu.version   0x00010b04       0x68 /usr/lib/gcc/arm-linux-gnueabihf/5/../../../arm-linux-gnueabihf/crt1.o

.gnu.version_d  0x00010b6c        0x0
 *(.gnu.version_d)
 .gnu.version_d
                0x00010b6c        0x0 /usr/lib/gcc/arm-linux-gnueabihf/5/../../../arm-linux-gnueabihf/crt1.o

.gnu.version_r  0x00010b6c       0x60
 *(.gnu.version_r)
 .gnu.version_r
                0x00010b6c       0x60 /usr/lib/gcc/arm-linux-gnueabihf/5/../../../arm-linux-gnueabihf/crt1.o

.rel.dyn        0x00010bcc       0x20
 *(.rel.init)
 *(.rel.text .rel.text.* .rel.gnu.linkonce.t.*)
 *(.rel.fini)
 *(.rel.rodata .rel.rodata.* .rel.gnu.linkonce.r.*)
 *(.rel.data.rel.ro .rel.data.rel.ro.* .rel.gnu.linkonce.d.rel.ro.*)
 *(.rel.data .rel.data.* .rel.gnu.linkonce.d.*)
 *(.rel.tdata .rel.tdata.* .rel.gnu.linkonce.td.*)
 *(.rel.tbss .rel.tbss.* .rel.gnu.linkonce.tb.*)
 *(.rel.ctors)
 *(.rel.dtors)
 *(.rel.got)
 .rel.got       0x00010bcc       0x20 /usr/lib/gcc/arm-linux-gnueabihf/5/../../../arm-linux-gnueabihf/crt1.o
 *(.rel.bss .rel.bss.* .rel.gnu.linkonce.b.*)
 .rel.bss       0x00010bec        0x0 /usr/lib/gcc/arm-linux-gnueabihf/5/../../../arm-linux-gnueabihf/crt1.o
                [!provide]                PROVIDE (__rel_iplt_start, .)
 *(.rel.iplt)
 .rel.iplt      0x00010bec        0x0 /usr/lib/gcc/arm-linux-gnueabihf/5/../../../arm-linux-gnueabihf/crt1.o
                [!provide]                PROVIDE (__rel_iplt_end, .)

.rela.dyn       0x00010bec        0x0
 *(.rela.init)
 *(.rela.text .rela.text.* .rela.gnu.linkonce.t.*)
 *(.rela.fini)
 *(.rela.rodata .rela.rodata.* .rela.gnu.linkonce.r.*)
 *(.rela.data .rela.data.* .rela.gnu.linkonce.d.*)
 *(.rela.tdata .rela.tdata.* .rela.gnu.linkonce.td.*)
 *(.rela.tbss .rela.tbss.* .rela.gnu.linkonce.tb.*)
 *(.rela.ctors)
 *(.rela.dtors)
 *(.rela.got)
 *(.rela.bss .rela.bss.* .rela.gnu.linkonce.b.*)
                [!provide]                PROVIDE (__rela_iplt_start, .)
 *(.rela.iplt)
                [!provide]                PROVIDE (__rela_iplt_end, .)

.rel.plt        0x00010bec      0x100
 *(.rel.plt)
 .rel.plt       0x00010bec      0x100 /usr/lib/gcc/arm-linux-gnueabihf/5/../../../arm-linux-gnueabihf/crt1.o

.rela.plt
 *(.rela.plt)

.init           0x00010cec        0xc
 *(SORT(.init))
 .init          0x00010cec        0x8 /usr/lib/gcc/arm-linux-gnueabihf/5/../../../arm-linux-gnueabihf/crti.o
                0x00010cec                _init
 .init          0x00010cf4        0x4 /usr/lib/gcc/arm-linux-gnueabihf/5/../../../arm-linux-gnueabihf/crtn.o

.plt            0x00010cf8      0x194
 *(.plt)
 .plt           0x00010cf8      0x194 /usr/lib/gcc/arm-linux-gnueabihf/5/../../../arm-linux-gnueabihf/crt1.o
                0x00010d0c                abort@@GLIBC_2.4
                0x00010d18                ARNETWORK_Manager_Delete
                0x00010d24                __libc_start_main@@GLIBC_2.4
                0x00010d30                ARSAL_Thread_Join
                0x00010d3c                ARSAL_Thread_Destroy
                0x00010d54                strncpy@@GLIBC_2.4
                0x00010d60                ARNETWORKAL_Manager_Delete
                0x00010d6c                ARNETWORKAL_Manager_New
                0x00010d78                ARSAL_Print_PrintRaw
                0x00010d84                ARNETWORKAL_Manager_InitWifiNetwork
                0x00010d90                ARCOMMANDS_Generator_GenerateJumpingSumoPilotingPosture
                0x00010d9c                free@@GLIBC_2.4
                0x00010da8                ARNETWORKAL_Manager_Unlock
                0x00010db4                ARDISCOVERY_Connection_New
                0x00010dc0                ARNETWORK_Manager_SendData
                0x00010dcc                ARNETWORKAL_Manager_CloseWifiNetwork
                0x00010dd8                ARNETWORKAL_Error_ToString
                0x00010de4                ARDISCOVERY_Connection_Delete
                0x00010df0                malloc@@GLIBC_2.4
                0x00010dfc                __stack_chk_fail@@GLIBC_2.4
                0x00010e08                ARNETWORK_Error_ToString
                0x00010e14                sleep@@GLIBC_2.4
                0x00010e20                ARNETWORK_Manager_New
                0x00010e2c                strftime@@GLIBC_2.4
                0x00010e38                __aeabi_idiv@@GCC_3.5
                0x00010e44                ARNETWORK_Manager_Stop
                0x00010e50                ARSAL_Thread_Create
                0x00010e5c                __sprintf_chk@@GLIBC_2.4
                0x00010e68                ARDISCOVERY_Error_ToString
                0x00010e74                ARSAL_Time_GetLocalTime
                0x00010e80                ARDISCOVERY_Connection_ControllerConnection

.iplt           0x00010e8c        0x0
 *(.iplt)
 .iplt          0x00010e8c        0x0 /usr/lib/gcc/arm-linux-gnueabihf/5/../../../arm-linux-gnueabihf/crt1.o

.text           0x00010e8c      0xaa8
 *(.text.unlikely .text.*_unlikely .text.unlikely.*)
 *(.text.exit .text.exit.*)
 *(.text.startup .text.startup.*)
 .text.startup.main
                0x00010e8c      0x174 /home/ncs/CAPSTONE/out/arsdk-native/build/JumpingSumoChangePosture/obj/JumpingSumoChangePosture.c.o
                0x00010e8c                main
 *(.text.hot .text.hot.*)
 *(.text .stub .text.* .gnu.linkonce.t.*)
 .text          0x00011000       0x30 /usr/lib/gcc/arm-linux-gnueabihf/5/../../../arm-linux-gnueabihf/crt1.o
                0x00011000                _start
 .text          0x00011030       0x24 /usr/lib/gcc/arm-linux-gnueabihf/5/../../../arm-linux-gnueabihf/crti.o
 .text          0x00011054       0x8c /usr/lib/gcc/arm-linux-gnueabihf/5/crtbegin.o
 .text.onDisconnectNetwork
                0x000110e0       0x7c /home/ncs/CAPSTONE/out/arsdk-native/build/JumpingSumoChangePosture/obj/JumpingSumoChangePosture.c.o
                0x000110e0                onDisconnectNetwork
 .text.arnetworkCmdCallback
                0x0001115c       0x88 /home/ncs/CAPSTONE/out/arsdk-native/build/JumpingSumoChangePosture/obj/JumpingSumoChangePosture.c.o
                0x0001115c                arnetworkCmdCallback
 .text.ARDISCOVERY_Connection_SendJsonCallback
                0x000111e4       0x64 /home/ncs/CAPSTONE/out/arsdk-native/build/JumpingSumoChangePosture/obj/JumpingSumoChangePosture.c.o
                0x000111e4                ARDISCOVERY_Connection_SendJsonCallback
 .text.ARDISCOVERY_Connection_ReceiveJsonCallback
                0x00011248       0xac /home/ncs/CAPSTONE/out/arsdk-native/build/JumpingSumoChangePosture/obj/JumpingSumoChangePosture.c.o
                0x00011248                ARDISCOVERY_Connection_ReceiveJsonCallback
 .text.ardiscoveryConnect
                0x000112f4      0x170 /home/ncs/CAPSTONE/out/arsdk-native/build/JumpingSumoChangePosture/obj/JumpingSumoChangePosture.c.o
                0x000112f4                ardiscoveryConnect
 .text.startNetwork
                0x00011464      0x28c /home/ncs/CAPSTONE/out/arsdk-native/build/JumpingSumoChangePosture/obj/JumpingSumoChangePosture.c.o
                0x00011464                startNetwork
 .text.stopNetwork
                0x000116f0       0xd0 /home/ncs/CAPSTONE/out/arsdk-native/build/JumpingSumoChangePosture/obj/JumpingSumoChangePosture.c.o
                0x000116f0                stopNetwork
 .text.sendPilotingPosture
                0x000117c0      0x134 /home/ncs/CAPSTONE/out/arsdk-native/build/JumpingSumoChangePosture/obj/JumpingSumoChangePosture.c.o
                0x000117c0                sendPilotingPosture
 .text          0x000118f4       0x40 /usr/lib/arm-linux-gnueabihf/libc_nonshared.a(elf-init.oS)
                0x000118f4                __libc_csu_init
                0x00011930                __libc_csu_fini
 *(.gnu.warning)
 *(.glue_7t)
 .glue_7t       0x00011934        0x0 linker stubs
 *(.glue_7)
 .glue_7        0x00011934        0x0 linker stubs
 *(.vfp11_veneer)
 .vfp11_veneer  0x00011934        0x0 linker stubs
 *(.v4_bx)
 .v4_bx         0x00011934        0x0 linker stubs

.fini           0x00011934        0x8
 *(SORT(.fini))
 .fini          0x00011934        0x4 /usr/lib/gcc/arm-linux-gnueabihf/5/../../../arm-linux-gnueabihf/crti.o
                0x00011934                _fini
 .fini          0x00011938        0x4 /usr/lib/gcc/arm-linux-gnueabihf/5/../../../arm-linux-gnueabihf/crtn.o
                [!provide]                PROVIDE (__etext, .)
                [!provide]                PROVIDE (_etext, .)
                [!provide]                PROVIDE (etext, .)

.rodata         0x0001193c      0x442
 *(.rodata .rodata.* .gnu.linkonce.r.*)
 .rodata        0x0001193c       0x99 /home/ncs/CAPSTONE/out/arsdk-native/build/JumpingSumoChangePosture/obj/JumpingSumoChangePosture.c.o
 .rodata.str1.1
                0x000119d5      0x3a9 /home/ncs/CAPSTONE/out/arsdk-native/build/JumpingSumoChangePosture/obj/JumpingSumoChangePosture.c.o
                                0x3b3 (size before relaxing)

.rodata1
 *(.rodata1)

.ARM.extab
 *(.ARM.extab* .gnu.linkonce.armextab.*)
                [!provide]                PROVIDE (__exidx_start, .)

.ARM.exidx      0x00011d80        0x8
 *(.ARM.exidx* .gnu.linkonce.armexidx.*)
 .ARM.exidx     0x00011d80        0x8 /usr/lib/gcc/arm-linux-gnueabihf/5/../../../arm-linux-gnueabihf/crt1.o
                [!provide]                PROVIDE (__exidx_end, .)

.eh_frame_hdr
 *(.eh_frame_hdr)
 *(.eh_frame_entry .eh_frame_entry.*)

.eh_frame       0x00011d88        0x4
 *(.eh_frame)
 .eh_frame      0x00011d88        0x4 /usr/lib/gcc/arm-linux-gnueabihf/5/crtend.o
 *(.eh_frame.*)

.gcc_except_table
 *(.gcc_except_table .gcc_except_table.*)

.gnu_extab
 *(.gnu_extab*)

.exception_ranges
 *(.exception_ranges .exception_ranges*)
                0x00021ed4                . = DATA_SEGMENT_ALIGN (0x10000, 0x1000)

.eh_frame
 *(.eh_frame)
 *(.eh_frame.*)

.gnu_extab
 *(.gnu_extab)

.gcc_except_table
 *(.gcc_except_table .gcc_except_table.*)

.exception_ranges
 *(.exception_ranges .exception_ranges*)

.tdata
 *(.tdata .tdata.* .gnu.linkonce.td.*)

.tbss
 *(.tbss .tbss.* .gnu.linkonce.tb.*)
 *(.tcommon)

.preinit_array  0x00021ed4        0x0
                [!provide]                PROVIDE (__preinit_array_start, .)
 *(.preinit_array)
                [!provide]                PROVIDE (__preinit_array_end, .)

.init_array     0x00021ed4        0x4
                0x00021ed4                PROVIDE (__init_array_start, .)
 *(SORT(.init_array.*) SORT(.ctors.*))
 *(.init_array EXCLUDE_FILE(*crtend?.o *crtend.o *crtbegin?.o *crtbegin.o) .ctors)
 .init_array    0x00021ed4        0x4 /usr/lib/gcc/arm-linux-gnueabihf/5/crtbegin.o
                0x00021ed8                PROVIDE (__init_array_end, .)

.fini_array     0x00021ed8        0x4
                [!provide]                PROVIDE (__fini_array_start, .)
 *(SORT(.fini_array.*) SORT(.dtors.*))
 *(.fini_array EXCLUDE_FILE(*crtend?.o *crtend.o *crtbegin?.o *crtbegin.o) .dtors)
 .fini_array    0x00021ed8        0x4 /usr/lib/gcc/arm-linux-gnueabihf/5/crtbegin.o
                [!provide]                PROVIDE (__fini_array_end, .)

.ctors
 *crtbegin.o(.ctors)
 *crtbegin?.o(.ctors)
 *(EXCLUDE_FILE(*crtend?.o *crtend.o) .ctors)
 *(SORT(.ctors.*))
 *(.ctors)

.dtors
 *crtbegin.o(.dtors)
 *crtbegin?.o(.dtors)
 *(EXCLUDE_FILE(*crtend?.o *crtend.o) .dtors)
 *(SORT(.dtors.*))
 *(.dtors)

.jcr            0x00021edc        0x4
 *(.jcr)
 .jcr           0x00021edc        0x0 /usr/lib/gcc/arm-linux-gnueabihf/5/crtbegin.o
 .jcr           0x00021edc        0x4 /usr/lib/gcc/arm-linux-gnueabihf/5/crtend.o

.data.rel.ro
 *(.data.rel.ro.local* .gnu.linkonce.d.rel.ro.local.*)
 *(.data.rel.ro .data.rel.ro.* .gnu.linkonce.d.rel.ro.*)

.dynamic        0x00021ee0      0x120
 *(.dynamic)
 .dynamic       0x00021ee0      0x120 /usr/lib/gcc/arm-linux-gnueabihf/5/../../../arm-linux-gnueabihf/crt1.o
                0x00021ee0                _DYNAMIC
                0x00022000                . = DATA_SEGMENT_RELRO_END (., 0x0)

.got            0x00022000       0xac
 *(.got.plt)
 .got.plt       0x00022000       0x8c /usr/lib/gcc/arm-linux-gnueabihf/5/../../../arm-linux-gnueabihf/crt1.o
                0x00022000                _GLOBAL_OFFSET_TABLE_
 *(.igot.plt)
 .igot.plt      0x0002208c        0x0 /usr/lib/gcc/arm-linux-gnueabihf/5/../../../arm-linux-gnueabihf/crt1.o
 *(.got)
 .got           0x0002208c       0x20 /usr/lib/gcc/arm-linux-gnueabihf/5/../../../arm-linux-gnueabihf/crt1.o
 *(.igot)

.data           0x000220ac       0x80
                [!provide]                PROVIDE (__data_start, .)
 *(.data .data.* .gnu.linkonce.d.*)
 .data          0x000220ac       0x80 /home/ncs/CAPSTONE/out/arsdk-native/build/JumpingSumoChangePosture/obj/JumpingSumoChangePosture.c.o

.tm_clone_table
                0x0002212c        0x0
 .tm_clone_table
                0x0002212c        0x0 /usr/lib/gcc/arm-linux-gnueabihf/5/crtbegin.o
 .tm_clone_table
                0x0002212c        0x0 /usr/lib/gcc/arm-linux-gnueabihf/5/crtend.o

.data1
 *(.data1)
                0x0002212c                _edata = .
                [!provide]                PROVIDE (edata, .)
                0x0002212c                . = .
                0x0002212c                __bss_start = .
                0x0002212c                __bss_start__ = .

.bss            0x0002212c        0x4
 *(.dynbss)
 .dynbss        0x0002212c        0x0 /usr/lib/gcc/arm-linux-gnueabihf/5/../../../arm-linux-gnueabihf/crt1.o
 *(.bss .bss.* .gnu.linkonce.b.*)
 .bss           0x0002212c        0x1 /usr/lib/gcc/arm-linux-gnueabihf/5/crtbegin.o
 *(COMMON)
                0x00022130                . = ALIGN ((. != 0x0)?0x4:0x1)
 *fill*         0x0002212d        0x3 
                0x00022130                _bss_end__ = .
                0x00022130                __bss_end__ = .
                0x00022130                . = ALIGN (0x4)
                0x00022130                . = SEGMENT_START ("ldata-segment", .)
                0x00022130                . = ALIGN (0x4)
                0x00022130                __end__ = .
                0x00022130                _end = .
                [!provide]                PROVIDE (end, .)
                0x00022130                . = DATA_SEGMENT_END (.)

.stab
 *(.stab)

.stabstr
 *(.stabstr)

.stab.excl
 *(.stab.excl)

.stab.exclstr
 *(.stab.exclstr)

.stab.index
 *(.stab.index)

.stab.indexstr
 *(.stab.indexstr)

.comment        0x00000000       0x3b
 *(.comment)
 .comment       0x00000000       0x3b /usr/lib/gcc/arm-linux-gnueabihf/5/crtbegin.o
                                 0x3c (size before relaxing)
 .comment       0x0000003b       0x3c /home/ncs/CAPSTONE/out/arsdk-native/build/JumpingSumoChangePosture/obj/JumpingSumoChangePosture.c.o
 .comment       0x0000003b       0x3c /usr/lib/gcc/arm-linux-gnueabihf/5/crtend.o

.ARM.attributes
                0x00000000       0x33
 .ARM.attributes
                0x00000000       0x33 /usr/lib/gcc/arm-linux-gnueabihf/5/../../../arm-linux-gnueabihf/crt1.o
 .ARM.attributes
                0x00000033       0x27 /usr/lib/gcc/arm-linux-gnueabihf/5/../../../arm-linux-gnueabihf/crti.o
 .ARM.attributes
                0x0000005a       0x33 /usr/lib/gcc/arm-linux-gnueabihf/5/crtbegin.o
 .ARM.attributes
                0x0000008d       0x33 /home/ncs/CAPSTONE/out/arsdk-native/build/JumpingSumoChangePosture/obj/JumpingSumoChangePosture.c.o
 .ARM.attributes
                0x000000c0       0x35 /usr/lib/arm-linux-gnueabihf/libc_nonshared.a(elf-init.oS)
 .ARM.attributes
                0x000000f5       0x33 /usr/lib/gcc/arm-linux-gnueabihf/5/crtend.o
 .ARM.attributes
                0x00000128       0x27 /usr/lib/gcc/arm-linux-gnueabihf/5/../../../arm-linux-gnueabihf/crtn.o

.debug
 *(.debug)

.line
 *(.line)

.debug_srcinfo
 *(.debug_srcinfo)

.debug_sfnames
 *(.debug_sfnames)

.debug_aranges  0x00000000       0x60
 *(.debug_aranges)
 .debug_aranges
                0x00000000       0x60 /home/ncs/CAPSTONE/out/arsdk-native/build/JumpingSumoChangePosture/obj/JumpingSumoChangePosture.c.o

.debug_pubnames
 *(.debug_pubnames)

.debug_info     0x00000000     0x2112
 *(.debug_info .gnu.linkonce.wi.*)
 .debug_info    0x00000000     0x2112 /home/ncs/CAPSTONE/out/arsdk-native/build/JumpingSumoChangePosture/obj/JumpingSumoChangePosture.c.o

.debug_abbrev   0x00000000      0x345
 *(.debug_abbrev)
 .debug_abbrev  0x00000000      0x345 /home/ncs/CAPSTONE/out/arsdk-native/build/JumpingSumoChangePosture/obj/JumpingSumoChangePosture.c.o

.debug_line     0x00000000      0x58f
 *(.debug_line .debug_line.* .debug_line_end)
 .debug_line    0x00000000      0x58f /home/ncs/CAPSTONE/out/arsdk-native/build/JumpingSumoChangePosture/obj/JumpingSumoChangePosture.c.o

.debug_frame    0x00000000      0x17c
 *(.debug_frame)
 .debug_frame   0x00000000      0x17c /home/ncs/CAPSTONE/out/arsdk-native/build/JumpingSumoChangePosture/obj/JumpingSumoChangePosture.c.o

.debug_str      0x00000000     0x1e19
 *(.debug_str)
 .debug_str     0x00000000     0x1e19 /home/ncs/CAPSTONE/out/arsdk-native/build/JumpingSumoChangePosture/obj/JumpingSumoChangePosture.c.o
                               0x1ed1 (size before relaxing)

.debug_loc      0x00000000      0x6c4
 *(.debug_loc)
 .debug_loc     0x00000000      0x6c4 /home/ncs/CAPSTONE/out/arsdk-native/build/JumpingSumoChangePosture/obj/JumpingSumoChangePosture.c.o

.debug_macinfo
 *(.debug_macinfo)

.debug_weaknames
 *(.debug_weaknames)

.debug_funcnames
 *(.debug_funcnames)

.debug_typenames
 *(.debug_typenames)

.debug_varnames
 *(.debug_varnames)

.debug_pubtypes
 *(.debug_pubtypes)

.debug_ranges   0x00000000      0x1a0
 *(.debug_ranges)
 .debug_ranges  0x00000000      0x1a0 /home/ncs/CAPSTONE/out/arsdk-native/build/JumpingSumoChangePosture/obj/JumpingSumoChangePosture.c.o

.debug_macro
 *(.debug_macro)

.gnu.attributes
 *(.gnu.attributes)

.note.gnu.arm.ident
 *(.note.gnu.arm.ident)

/DISCARD/
 *(.note.GNU-stack)
 *(.gnu_debuglink)
 *(.gnu.lto_*)
OUTPUT(out/arsdk-native/build/JumpingSumoChangePosture/JumpingSumoChangePosture elf32-littlearm)
