
As-needed library included to satisfy reference by file (symbol)

libarsal.so                   /home/ncs/CAPSTONE/out/arsdk-native/build/libARController/obj/Sources/ARCONTROLLER_Network.c.o (ARSAL_Mutex_Destroy)
libardiscovery.so             /home/ncs/CAPSTONE/out/arsdk-native/build/libARController/obj/Sources/ARCONTROLLER_Network.c.o (ARDISCOVERY_Device_WifiSetDeviceToControllerPort)
libarcommands.so              /home/ncs/CAPSTONE/out/arsdk-native/build/libARController/obj/Sources/ARCONTROLLER_Network.c.o (ARCOMMANDS_Decoder_DescribeBuffer)
libarstream.so                /home/ncs/CAPSTONE/out/arsdk-native/build/libARController/obj/Sources/ARCONTROLLER_Stream1.c.o (ARSTREAM_Reader_New)
libarstream2.so               /home/ncs/CAPSTONE/out/arsdk-native/build/libARController/obj/Sources/ARCONTROLLER_Stream2.c.o (ARSTREAM2_StreamReceiver_RunControlThread)
libarnetworkal.so             /home/ncs/CAPSTONE/out/arsdk-native/build/libARController/obj/Sources/ARCONTROLLER_Network.c.o (ARNETWORKAL_Error_ToString)
libarnetwork.so               /home/ncs/CAPSTONE/out/arsdk-native/build/libARController/obj/Sources/ARCONTROLLER_Network.c.o (ARNETWORK_Manager_ReceivingThreadRun)
libmux.so                     /home/ncs/CAPSTONE/out/arsdk-native/build/libARController/obj/Sources/ARCONTROLLER_Stream2.c.o (mux_ref)
libjson.so                    /home/ncs/CAPSTONE/out/arsdk-native/build/libARController/obj/gen/Sources/ARCONTROLLER_Device.c.o (json_object_new_string)
libgcc_s.so.1                 /home/ncs/CAPSTONE/out/arsdk-native/build/libARController/obj/Sources/ARCONTROLLER_Network.c.o (__aeabi_idiv@@GCC_3.5)
libpthread.so.0               /home/ncs/CAPSTONE/out/arsdk-native/build/libARController/obj/Sources/ARCONTROLLER_Network.c.o (__errno_location@@GLIBC_2.4)
libc.so.6                     /home/ncs/CAPSTONE/out/arsdk-native/build/libARController/obj/Sources/ARCONTROLLER_Dictionary.c.o (exit@@GLIBC_2.4)
ld-linux-armhf.so.3           /home/ncs/CAPSTONE/out/arsdk-native/build/libARController/obj/Sources/ARCONTROLLER_Dictionary.c.o (__stack_chk_guard@@GLIBC_2.4)

Discarded input sections

 .data          0x00000000        0x0 /usr/lib/gcc/arm-linux-gnueabihf/5/../../../arm-linux-gnueabihf/crti.o
 .bss           0x00000000        0x0 /usr/lib/gcc/arm-linux-gnueabihf/5/../../../arm-linux-gnueabihf/crti.o
 .note.GNU-stack
                0x00000000        0x0 /usr/lib/gcc/arm-linux-gnueabihf/5/../../../arm-linux-gnueabihf/crti.o
 .data          0x00000000        0x0 /usr/lib/gcc/arm-linux-gnueabihf/5/crtbeginS.o
 .note.GNU-stack
                0x00000000        0x0 /usr/lib/gcc/arm-linux-gnueabihf/5/crtbeginS.o
 .text          0x00000000        0x0 /home/ncs/CAPSTONE/out/arsdk-native/build/libARController/obj/Sources/ARCONTROLLER_Dictionary.c.o
 .data          0x00000000        0x0 /home/ncs/CAPSTONE/out/arsdk-native/build/libARController/obj/Sources/ARCONTROLLER_Dictionary.c.o
 .bss           0x00000000        0x0 /home/ncs/CAPSTONE/out/arsdk-native/build/libARController/obj/Sources/ARCONTROLLER_Dictionary.c.o
 .note.GNU-stack
                0x00000000        0x0 /home/ncs/CAPSTONE/out/arsdk-native/build/libARController/obj/Sources/ARCONTROLLER_Dictionary.c.o
 .text          0x00000000        0x0 /home/ncs/CAPSTONE/out/arsdk-native/build/libARController/obj/Sources/ARCONTROLLER_Frame.c.o
 .data          0x00000000        0x0 /home/ncs/CAPSTONE/out/arsdk-native/build/libARController/obj/Sources/ARCONTROLLER_Frame.c.o
 .bss           0x00000000        0x0 /home/ncs/CAPSTONE/out/arsdk-native/build/libARController/obj/Sources/ARCONTROLLER_Frame.c.o
 .note.GNU-stack
                0x00000000        0x0 /home/ncs/CAPSTONE/out/arsdk-native/build/libARController/obj/Sources/ARCONTROLLER_Frame.c.o
 .text          0x00000000        0x0 /home/ncs/CAPSTONE/out/arsdk-native/build/libARController/obj/Sources/ARCONTROLLER_Network.c.o
 .data          0x00000000        0x0 /home/ncs/CAPSTONE/out/arsdk-native/build/libARController/obj/Sources/ARCONTROLLER_Network.c.o
 .bss           0x00000000        0x0 /home/ncs/CAPSTONE/out/arsdk-native/build/libARController/obj/Sources/ARCONTROLLER_Network.c.o
 .note.GNU-stack
                0x00000000        0x0 /home/ncs/CAPSTONE/out/arsdk-native/build/libARController/obj/Sources/ARCONTROLLER_Network.c.o
 .text          0x00000000        0x0 /home/ncs/CAPSTONE/out/arsdk-native/build/libARController/obj/Sources/ARCONTROLLER_Stream.c.o
 .data          0x00000000        0x0 /home/ncs/CAPSTONE/out/arsdk-native/build/libARController/obj/Sources/ARCONTROLLER_Stream.c.o
 .bss           0x00000000        0x0 /home/ncs/CAPSTONE/out/arsdk-native/build/libARController/obj/Sources/ARCONTROLLER_Stream.c.o
 .note.GNU-stack
                0x00000000        0x0 /home/ncs/CAPSTONE/out/arsdk-native/build/libARController/obj/Sources/ARCONTROLLER_Stream.c.o
 .text          0x00000000        0x0 /home/ncs/CAPSTONE/out/arsdk-native/build/libARController/obj/Sources/ARCONTROLLER_StreamPool.c.o
[...]
Memory Configuration

Name             Origin             Length             Attributes
*default*        0x00000000         0xffffffff

Linker script and memory map

LOAD /usr/lib/gcc/arm-linux-gnueabihf/5/../../../arm-linux-gnueabihf/crti.o
LOAD /usr/lib/gcc/arm-linux-gnueabihf/5/crtbeginS.o
LOAD /home/ncs/CAPSTONE/out/arsdk-native/build/libARController/obj/Sources/ARCONTROLLER_Dictionary.c.o
LOAD /home/ncs/CAPSTONE/out/arsdk-native/build/libARController/obj/Sources/ARCONTROLLER_Frame.c.o
LOAD /home/ncs/CAPSTONE/out/arsdk-native/build/libARController/obj/Sources/ARCONTROLLER_Network.c.o
LOAD /home/ncs/CAPSTONE/out/arsdk-native/build/libARController/obj/Sources/ARCONTROLLER_Stream.c.o
LOAD /home/ncs/CAPSTONE/out/arsdk-native/build/libARController/obj/Sources/ARCONTROLLER_StreamPool.c.o
LOAD /home/ncs/CAPSTONE/out/arsdk-native/build/libARController/obj/Sources/ARCONTROLLER_StreamQueue.c.o
LOAD /home/ncs/CAPSTONE/out/arsdk-native/build/libARController/obj/Sources/ARCONTROLLER_Stream1.c.o
LOAD /home/ncs/CAPSTONE/out/arsdk-native/build/libARController/obj/Sources/ARCONTROLLER_Stream2.c.o
LOAD /home/ncs/CAPSTONE/out/arsdk-native/build/libARController/obj/Sources/ARCONTROLLER_StreamSender.c.o
LOAD /home/ncs/CAPSTONE/out/arsdk-native/build/libARController/obj/gen/Sources/ARCONTROLLER_Device.c.o
LOAD /home/ncs/CAPSTONE/out/arsdk-native/build/libARController/obj/gen/Sources/ARCONTROLLER_DICTIONARY_Key.c.o
LOAD /home/ncs/CAPSTONE/out/arsdk-native/build/libARController/obj/gen/Sources/ARCONTROLLER_Error.c.o
LOAD /home/ncs/CAPSTONE/out/arsdk-native/build/libARController/obj/gen/Sources/ARCONTROLLER_Feature.c.o
LOAD /home/ncs/CAPSTONE/out/arsdk-native/staging/usr/lib/libarsal.so
LOAD /home/ncs/CAPSTONE/out/arsdk-native/staging/usr/lib/libardiscovery.so
LOAD /home/ncs/CAPSTONE/out/arsdk-native/staging/usr/lib/libarcommands.so
LOAD /home/ncs/CAPSTONE/out/arsdk-native/staging/usr/lib/libarutils.so
LOAD /home/ncs/CAPSTONE/out/arsdk-native/staging/usr/lib/libarstream.so
LOAD /home/ncs/CAPSTONE/out/arsdk-native/staging/usr/lib/libarstream2.so
LOAD /home/ncs/CAPSTONE/out/arsdk-native/staging/usr/lib/libarnetworkal.so
LOAD /home/ncs/CAPSTONE/out/arsdk-native/staging/usr/lib/libarnetwork.so
LOAD /home/ncs/CAPSTONE/out/arsdk-native/staging/usr/lib/libmux.so
LOAD /home/ncs/CAPSTONE/out/arsdk-native/staging/usr/lib/libjson.so
LOAD /usr/lib/gcc/arm-linux-gnueabihf/5/../../../arm-linux-gnueabihf/librt.so
LOAD /usr/lib/gcc/arm-linux-gnueabihf/5/libstdc++.so
LOAD /usr/lib/gcc/arm-linux-gnueabihf/5/../../../arm-linux-gnueabihf/libm.so
LOAD /usr/lib/gcc/arm-linux-gnueabihf/5/libgcc_s.so
START GROUP
LOAD /usr/lib/gcc/arm-linux-gnueabihf/5/libgcc_s.so.1
LOAD /usr/lib/gcc/arm-linux-gnueabihf/5/libgcc.a
END GROUP
LOAD /usr/lib/gcc/arm-linux-gnueabihf/5/../../../arm-linux-gnueabihf/libpthread.so
START GROUP
LOAD /lib/arm-linux-gnueabihf/libpthread.so.0
LOAD /usr/lib/arm-linux-gnueabihf/libpthread_nonshared.a
END GROUP
LOAD /usr/lib/gcc/arm-linux-gnueabihf/5/../../../arm-linux-gnueabihf/libc.so
START GROUP
LOAD /lib/arm-linux-gnueabihf/libc.so.6
LOAD /usr/lib/arm-linux-gnueabihf/libc_nonshared.a
LOAD /lib/arm-linux-gnueabihf/ld-linux-armhf.so.3
END GROUP
LOAD /usr/lib/gcc/arm-linux-gnueabihf/5/libgcc_s.so
START GROUP
LOAD /usr/lib/gcc/arm-linux-gnueabihf/5/libgcc_s.so.1
LOAD /usr/lib/gcc/arm-linux-gnueabihf/5/libgcc.a
END GROUP
LOAD /usr/lib/gcc/arm-linux-gnueabihf/5/crtendS.o
LOAD /usr/lib/gcc/arm-linux-gnueabihf/5/../../../arm-linux-gnueabihf/crtn.o
                0x000000f4                . = (0x0 + SIZEOF_HEADERS)

.note.gnu.build-id
                0x000000f4       0x24
 *(.note.gnu.build-id)
 .note.gnu.build-id
                0x000000f4       0x24 linker stubs

.hash
 *(.hash)

.gnu.hash       0x00000118     0x3298
 *(.gnu.hash)
 .gnu.hash      0x00000118     0x3298 /usr/lib/gcc/arm-linux-gnueabihf/5/../../../arm-linux-gnueabihf/crti.o

.dynsym         0x000033b0     0x90f0
 *(.dynsym)
 .dynsym        0x000033b0     0x90f0 /usr/lib/gcc/arm-linux-gnueabihf/5/../../../arm-linux-gnueabihf/crti.o

.dynstr         0x0000c4a0    0x23d42
 *(.dynstr)
 .dynstr        0x0000c4a0    0x23d42 /usr/lib/gcc/arm-linux-gnueabihf/5/../../../arm-linux-gnueabihf/crti.o

.gnu.version    0x000301e2     0x121e
 *(.gnu.version)
 .gnu.version   0x000301e2     0x121e /usr/lib/gcc/arm-linux-gnueabihf/5/../../../arm-linux-gnueabihf/crti.o

.gnu.version_d  0x00031400        0x0
 *(.gnu.version_d)
 .gnu.version_d
                0x00031400        0x0 /usr/lib/gcc/arm-linux-gnueabihf/5/../../../arm-linux-gnueabihf/crti.o

.gnu.version_r  0x00031400       0x90
 *(.gnu.version_r)
 .gnu.version_r
                0x00031400       0x90 /usr/lib/gcc/arm-linux-gnueabihf/5/../../../arm-linux-gnueabihf/crti.o

.rel.dyn        0x00031490     0x34d8
 *(.rel.init)
 *(.rel.text .rel.text.* .rel.gnu.linkonce.t.*)
 .rel.text      0x00031490        0x0 /usr/lib/gcc/arm-linux-gnueabihf/5/../../../arm-linux-gnueabihf/crti.o
 *(.rel.fini)
 *(.rel.rodata .rel.rodata.* .rel.gnu.linkonce.r.*)
 *(.rel.data.rel.ro .rel.data.rel.ro.* .rel.gnu.linkonce.d.rel.ro.*)
 *(.rel.data .rel.data.* .rel.gnu.linkonce.d.*)
 .rel.data.rel.local
                0x00031490     0x1188 /usr/lib/gcc/arm-linux-gnueabihf/5/../../../arm-linux-gnueabihf/crti.o
 *(.rel.tdata .rel.tdata.* .rel.gnu.linkonce.td.*)
 *(.rel.tbss .rel.tbss.* .rel.gnu.linkonce.tb.*)
 *(.rel.ctors)
 *(.rel.dtors)
 *(.rel.got)
 .rel.got       0x00032618     0x2340 /usr/lib/gcc/arm-linux-gnueabihf/5/../../../arm-linux-gnueabihf/crti.o
 *(.rel.bss .rel.bss.* .rel.gnu.linkonce.b.*)
 *(.rel.iplt)
 .rel.iplt      0x00034958        0x0 /usr/lib/gcc/arm-linux-gnueabihf/5/../../../arm-linux-gnueabihf/crti.o
 .rel.fini_array
                0x00034958        0x8 /usr/lib/gcc/arm-linux-gnueabihf/5/../../../arm-linux-gnueabihf/crti.o
 .rel.init_array
                0x00034960        0x8 /usr/lib/gcc/arm-linux-gnueabihf/5/../../../arm-linux-gnueabihf/crti.o

.rela.dyn
 *(.rela.init)
 *(.rela.text .rela.text.* .rela.gnu.linkonce.t.*)
 *(.rela.fini)
 *(.rela.rodata .rela.rodata.* .rela.gnu.linkonce.r.*)
 *(.rela.data .rela.data.* .rela.gnu.linkonce.d.*)
 *(.rela.tdata .rela.tdata.* .rela.gnu.linkonce.td.*)
 *(.rela.tbss .rela.tbss.* .rela.gnu.linkonce.tb.*)
 *(.rela.ctors)
 *(.rela.dtors)
 *(.rela.got)
 *(.rela.bss .rela.bss.* .rela.gnu.linkonce.b.*)
 *(.rela.iplt)

.rel.plt        0x00034968     0x2358
 *(.rel.plt)
 .rel.plt       0x00034968     0x2358 /usr/lib/gcc/arm-linux-gnueabihf/5/../../../arm-linux-gnueabihf/crti.o

.rela.plt
 *(.rela.plt)

.init           0x00036cc0        0xc
 *(SORT(.init))
 .init          0x00036cc0        0x8 /usr/lib/gcc/arm-linux-gnueabihf/5/../../../arm-linux-gnueabihf/crti.o
                0x00036cc0                _init
 .init          0x00036cc8        0x4 /usr/lib/gcc/arm-linux-gnueabihf/5/../../../arm-linux-gnueabihf/crtn.o

.plt            0x00036ccc     0x355c
 *(.plt)
 .plt           0x00036ccc     0x355c /usr/lib/gcc/arm-linux-gnueabihf/5/../../../arm-linux-gnueabihf/crti.o

.iplt           0x0003a228        0x0
 *(.iplt)
 .iplt          0x0003a228        0x0 /usr/lib/gcc/arm-linux-gnueabihf/5/../../../arm-linux-gnueabihf/crti.o

.text           0x0003a228    0xee354
 *(.text.unlikely .text.*_unlikely .text.unlikely.*)
 *(.text.exit .text.exit.*)
 *(.text.startup .text.startup.*)
 *(.text.hot .text.hot.*)
 *(.text .stub .text.* .gnu.linkonce.t.*)
 .text          0x0003a228       0x24 /usr/lib/gcc/arm-linux-gnueabihf/5/../../../arm-linux-gnueabihf/crti.o
 .text          0x0003a24c       0xd0 /usr/lib/gcc/arm-linux-gnueabihf/5/crtbeginS.o
 .text.ARCONTROLLER_Dictionary_DeleteCallbackList
                0x0003a31c       0x54 /home/ncs/CAPSTONE/out/arsdk-native/build/libARController/obj/Sources/ARCONTROLLER_Dictionary.c.o
                0x0003a31c                ARCONTROLLER_Dictionary_DeleteCallbackList
 .text.ARCONTROLLER_Dictionary_Delete
                0x0003a370       0x20 /home/ncs/CAPSTONE/out/arsdk-native/build/libARController/obj/Sources/ARCONTROLLER_Dictionary.c.o
                0x0003a370                ARCONTROLLER_Dictionary_Delete
 .text.ARCONTROLLER_Dictionary_New
                0x0003a390       0x50 /home/ncs/CAPSTONE/out/arsdk-native/build/libARController/obj/Sources/ARCONTROLLER_Dictionary.c.o
                0x0003a390                ARCONTROLLER_Dictionary_New
 .text.ARCONTROLLER_Dictionary_AddCallbackInList
                0x0003a3e0       0x3c /home/ncs/CAPSTONE/out/arsdk-native/build/libARController/obj/Sources/ARCONTROLLER_Dictionary.c.o
                0x0003a3e0                ARCONTROLLER_Dictionary_AddCallbackInList
 .text.ARCONTROLLER_Dictionary_DeleteDictionary
                0x0003a41c      0x114 /home/ncs/CAPSTONE/out/arsdk-native/build/libARController/obj/Sources/ARCONTROLLER_Dictionary.c.o
                0x0003a41c                ARCONTROLLER_Dictionary_DeleteDictionary
 .text.ARCONTROLLER_DICTIONARY_NotifyAllCallbackInList
                0x0003a530       0x1e /home/ncs/CAPSTONE/out/arsdk-native/build/libARController/obj/Sources/ARCONTROLLER_Dictionary.c.o
                0x0003a530                ARCONTROLLER_DICTIONARY_NotifyAllCallbackInList
 *fill*         0x0003a54e        0x2 
 .text.ARCONTROLLER_Dictionary_Notify
                0x0003a550       0xc4 /home/ncs/CAPSTONE/out/arsdk-native/build/libARController/obj/Sources/ARCONTROLLER_Dictionary.c.o
                0x0003a550                ARCONTROLLER_Dictionary_Notify
 .text.ARCONTROLLER_DICTIONARY_ElementCompare
                0x0003a614       0x18 /home/ncs/CAPSTONE/out/arsdk-native/build/libARController/obj/Sources/ARCONTROLLER_Dictionary.c.o
                0x0003a614                ARCONTROLLER_DICTIONARY_ElementCompare
 .text.ARCONTROLLER_Dictionary_AddCallback
                0x0003a62c       0x70 /home/ncs/CAPSTONE/out/arsdk-native/build/libARController/obj/Sources/ARCONTROLLER_Dictionary.c.o
                0x0003a62c                ARCONTROLLER_Dictionary_AddCallback
 .text.ARCONTROLLER_Dictionary_AddDictionaryElement
                0x0003a69c      0x384 /home/ncs/CAPSTONE/out/arsdk-native/build/libARController/obj/Sources/ARCONTROLLER_Dictionary.c.o
                0x0003a69c                ARCONTROLLER_Dictionary_AddDictionaryElement
 .text.ARCONTROLLER_Dictionary_RemoveCallbackFromList
                0x0003aa20       0x9c /home/ncs/CAPSTONE/out/arsdk-native/build/libARController/obj/Sources/ARCONTROLLER_Dictionary.c.o
                0x0003aa20                ARCONTROLLER_Dictionary_RemoveCallbackFromList
 .text.ARCONTROLLER_Dictionary_RemoveCallback
                0x0003aabc       0x10 /home/ncs/CAPSTONE/out/arsdk-native/build/libARController/obj/Sources/ARCONTROLLER_Dictionary.c.o
                0x0003aabc                ARCONTROLLER_Dictionary_RemoveCallback
 .text.ARCONTROLLER_Dictionary_RemoveDictionaryElement
                0x0003aacc       0xd8 /home/ncs/CAPSTONE/out/arsdk-native/build/libARController/obj/Sources/ARCONTROLLER_Dictionary.c.o
                0x0003aacc                ARCONTROLLER_Dictionary_RemoveDictionaryElement
 .text.ARCONTROLLER_Frame_NewWithCapacity
                0x0003aba4       0x58 /home/ncs/CAPSTONE/out/arsdk-native/build/libARController/obj/Sources/ARCONTROLLER_Frame.c.o
                0x0003aba4                ARCONTROLLER_Frame_NewWithCapacity
 .text.ARCONTROLLER_Frame_New
                0x0003abfc        0xa /home/ncs/CAPSTONE/out/arsdk-native/build/libARController/obj/Sources/ARCONTROLLER_Frame.c.o
                0x0003abfc                ARCONTROLLER_Frame_New
 .text.ARCONTROLLER_Frame_Delete
                0x0003ac06       0x28 /home/ncs/CAPSTONE/out/arsdk-native/build/libARController/obj/Sources/ARCONTROLLER_Frame.c.o
                0x0003ac06                ARCONTROLLER_Frame_Delete
 *fill*         0x0003ac2e        0x2 
 .text.ARCONTROLLER_Frame_ensureCapacityIsAtLeast
                0x0003ac30       0x3c /home/ncs/CAPSTONE/out/arsdk-native/build/libARController/obj/Sources/ARCONTROLLER_Frame.c.o
                0x0003ac30                ARCONTROLLER_Frame_ensureCapacityIsAtLeast
 .text.ARCONTROLLER_Frame_SetFree
                0x0003ac6c       0x2a /home/ncs/CAPSTONE/out/arsdk-native/build/libARController/obj/Sources/ARCONTROLLER_Frame.c.o
                0x0003ac6c                ARCONTROLLER_Frame_SetFree
 .text.ARCONTROLLER_Network_OnDisconnectNetwork
                0x0003ac96       0x10 /home/ncs/CAPSTONE/out/arsdk-native/build/libARController/obj/Sources/ARCONTROLLER_Network.c.o
                0x0003ac96                ARCONTROLLER_Network_OnDisconnectNetwork
 *fill*         0x0003aca6        0x2 
 .text.ARCONTROLLER_Network_OnSendJson
                0x0003aca8       0x38 /home/ncs/CAPSTONE/out/arsdk-native/build/libARController/obj/Sources/ARCONTROLLER_Network.c.o
                0x0003aca8                ARCONTROLLER_Network_OnSendJson
 .text.ARCONTROLLER_Network_OnReceiveJson
                0x0003ace0       0x60 /home/ncs/CAPSTONE/out/arsdk-native/build/libARController/obj/Sources/ARCONTROLLER_Network.c.o
                0x0003ace0                ARCONTROLLER_Network_OnReceiveJson
 .text.ARCONTROLLER_Network_ReaderRun
                0x0003ad40      0x1ec /home/ncs/CAPSTONE/out/arsdk-native/build/libARController/obj/Sources/ARCONTROLLER_Network.c.o
                0x0003ad40                ARCONTROLLER_Network_ReaderRun
 .text.ARCONTROLLER_Network_SendingCallback
                0x0003af2c       0xa8 /home/ncs/CAPSTONE/out/arsdk-native/build/libARController/obj/Sources/ARCONTROLLER_Network.c.o
                0x0003af2c                ARCONTROLLER_Network_SendingCallback
 .text.ARCONTROLLER_Network_Pause
                0x0003afd4      0x110 /home/ncs/CAPSTONE/out/arsdk-native/build/libARController/obj/Sources/ARCONTROLLER_Network.c.o
                0x0003afd4                ARCONTROLLER_Network_Pause
 .text.ARCONTROLLER_Network_Resume
                0x0003b0e4      0x120 /home/ncs/CAPSTONE/out/arsdk-native/build/libARController/obj/Sources/ARCONTROLLER_Network.c.o
                0x0003b0e4                ARCONTROLLER_Network_Resume
 .text.ARCONTROLLER_Network_SetVideoReceiveCallback
                0x0003b204       0x54 /home/ncs/CAPSTONE/out/arsdk-native/build/libARController/obj/Sources/ARCONTROLLER_Network.c.o
                0x0003b204                ARCONTROLLER_Network_SetVideoReceiveCallback
 .text.ARCONTROLLER_Network_StartVideoStream
                0x0003b258       0x38 /home/ncs/CAPSTONE/out/arsdk-native/build/libARController/obj/Sources/ARCONTROLLER_Network.c.o
                0x0003b258                ARCONTROLLER_Network_StartVideoStream
 .text.ARCONTROLLER_Network_StopVideoStream
                0x0003b290       0x38 /home/ncs/CAPSTONE/out/arsdk-native/build/libARController/obj/Sources/ARCONTROLLER_Network.c.o
                0x0003b290                ARCONTROLLER_Network_StopVideoStream
 .text.ARCONTROLLER_Network_SetVideoStreamMP4Compliant
                0x0003b2c8       0x3c /home/ncs/CAPSTONE/out/arsdk-native/build/libARController/obj/Sources/ARCONTROLLER_Network.c.o
                0x0003b2c8                ARCONTROLLER_Network_SetVideoStreamMP4Compliant
 .text.ARCONTROLLER_Network_SetAudioReceiveCallback
                0x0003b304       0x54 /home/ncs/CAPSTONE/out/arsdk-native/build/libARController/obj/Sources/ARCONTROLLER_Network.c.o
                0x0003b304                ARCONTROLLER_Network_SetAudioReceiveCallback
 .text.ARCONTROLLER_Network_StartAudioStream
                0x0003b358       0x50 /home/ncs/CAPSTONE/out/arsdk-native/build/libARController/obj/Sources/ARCONTROLLER_Network.c.o
                0x0003b358                ARCONTROLLER_Network_StartAudioStream
 .text.ARCONTROLLER_Network_StopAudioStream
                0x0003b3a8       0x4c /home/ncs/CAPSTONE/out/arsdk-native/build/libARController/obj/Sources/ARCONTROLLER_Network.c.o
                0x0003b3a8                ARCONTROLLER_Network_StopAudioStream
 .text.ARCONTROLLER_Network_SendData
                0x0003b3f4      0x130 /home/ncs/CAPSTONE/out/arsdk-native/build/libARController/obj/Sources/ARCONTROLLER_Network.c.o
                0x0003b3f4                ARCONTROLLER_Network_SendData
 .text.ARCONTROLLER_Network_SendAudioFrame
                0x0003b524       0x2a /home/ncs/CAPSTONE/out/arsdk-native/build/libARController/obj/Sources/ARCONTROLLER_Network.c.o
                0x0003b524                ARCONTROLLER_Network_SendAudioFrame
 *fill*         0x0003b54e        0x2 
 .text.ARCONTROLLER_Network_CreateNetworkThreads
                0x0003b550      0x110 /home/ncs/CAPSTONE/out/arsdk-native/build/libARController/obj/Sources/ARCONTROLLER_Network.c.o
                0x0003b550                ARCONTROLLER_Network_CreateNetworkThreads
 .text.ARCONTROLLER_Network_StopNetworkThreads
                0x0003b660       0x42 /home/ncs/CAPSTONE/out/arsdk-native/build/libARController/obj/Sources/ARCONTROLLER_Network.c.o
                0x0003b660                ARCONTROLLER_Network_StopNetworkThreads
 *fill*         0x0003b6a2        0x2 
 .text.ARCONTROLLER_Network_CreateReaderThreads
                0x0003b6a4      0x198 /home/ncs/CAPSTONE/out/arsdk-native/build/libARController/obj/Sources/ARCONTROLLER_Network.c.o
                0x0003b6a4                ARCONTROLLER_Network_CreateReaderThreads
 .text.ARCONTROLLER_Network_StopReaderThreads
                0x0003b83c       0x5a /home/ncs/CAPSTONE/out/arsdk-native/build/libARController/obj/Sources/ARCONTROLLER_Network.c.o
                0x0003b83c                ARCONTROLLER_Network_StopReaderThreads
 .text.ARCONTROLLER_Network_Delete
                0x0003b896       0x7a /home/ncs/CAPSTONE/out/arsdk-native/build/libARController/obj/Sources/ARCONTROLLER_Network.c.o
                0x0003b896                ARCONTROLLER_Network_Delete
 .text.ARCONTROLLER_Network_New
                0x0003b910      0x558 /home/ncs/CAPSTONE/out/arsdk-native/build/libARController/obj/Sources/ARCONTROLLER_Network.c.o
                0x0003b910                ARCONTROLLER_Network_New
 .text.ARCONTROLLER_Stream_SetMP4Compliant
                0x0003be68       0x20 /home/ncs/CAPSTONE/out/arsdk-native/build/libARController/obj/Sources/ARCONTROLLER_Stream.c.o
                0x0003be68                ARCONTROLLER_Stream_SetMP4Compliant
 .text.ARCONTROLLER_Stream_Stop
                0x0003be88       0x3c /home/ncs/CAPSTONE/out/arsdk-native/build/libARController/obj/Sources/ARCONTROLLER_Stream.c.o
                0x0003be88                ARCONTROLLER_Stream_Stop
 .text.ARCONTROLLER_Stream_Delete
                0x0003bec4       0x2a /home/ncs/CAPSTONE/out/arsdk-native/build/libARController/obj/Sources/ARCONTROLLER_Stream.c.o
                0x0003bec4                ARCONTROLLER_Stream_Delete
 *fill*         0x0003beee        0x2 
 .text.ARCONTROLLER_Stream_New
                0x0003bef0       0x94 /home/ncs/CAPSTONE/out/arsdk-native/build/libARController/obj/Sources/ARCONTROLLER_Stream.c.o
                0x0003bef0                ARCONTROLLER_Stream_New
 .text.ARCONTROLLER_Stream_video_New
                0x0003bf84       0x68 /home/ncs/CAPSTONE/out/arsdk-native/build/libARController/obj/Sources/ARCONTROLLER_Stream.c.o
                0x0003bf84                ARCONTROLLER_Stream_video_New
 .text.ARCONTROLLER_Stream_audio_New
                0x0003bfec        0x8 /home/ncs/CAPSTONE/out/arsdk-native/build/libARController/obj/Sources/ARCONTROLLER_Stream.c.o
                0x0003bfec                ARCONTROLLER_Stream_audio_New
 .text.ARCONTROLLER_Stream_Start
                0x0003bff4       0x40 /home/ncs/CAPSTONE/out/arsdk-native/build/libARController/obj/Sources/ARCONTROLLER_Stream.c.o
                0x0003bff4                ARCONTROLLER_Stream_Start
 .text.ARCONTROLLER_Stream_SetReceiveFrameCallback
                0x0003c034       0x32 /home/ncs/CAPSTONE/out/arsdk-native/build/libARController/obj/Sources/ARCONTROLLER_Stream.c.o
                0x0003c034                ARCONTROLLER_Stream_SetReceiveFrameCallback
 *fill*         0x0003c066        0x2 
 .text.ARCONTROLLER_Stream_OnSendJson
                0x0003c068       0x14 /home/ncs/CAPSTONE/out/arsdk-native/build/libARController/obj/Sources/ARCONTROLLER_Stream.c.o
                0x0003c068                ARCONTROLLER_Stream_OnSendJson
 .text.ARCONTROLLER_Stream_OnReceiveJson
                0x0003c07c       0x24 /home/ncs/CAPSTONE/out/arsdk-native/build/libARController/obj/Sources/ARCONTROLLER_Stream.c.o
                0x0003c07c                ARCONTROLLER_Stream_OnReceiveJson
 .text.ARCONTROLLER_StreamPool_Delete
                0x0003c0a0       0x3c /home/ncs/CAPSTONE/out/arsdk-native/build/libARController/obj/Sources/ARCONTROLLER_StreamPool.c.o
                0x0003c0a0                ARCONTROLLER_StreamPool_Delete
 .text.ARCONTROLLER_StreamPool_New
                0x0003c0dc       0xa0 /home/ncs/CAPSTONE/out/arsdk-native/build/libARController/obj/Sources/ARCONTROLLER_StreamPool.c.o
                0x0003c0dc                ARCONTROLLER_StreamPool_New
 .text.ARCONTROLLER_StreamPool_GetNextFreeFrame
                0x0003c17c       0x44 /home/ncs/CAPSTONE/out/arsdk-native/build/libARController/obj/Sources/ARCONTROLLER_StreamPool.c.o
                0x0003c17c                ARCONTROLLER_StreamPool_GetNextFreeFrame
 .text.ARCONTROLLER_StreamPool_GetFrameFromData
                0x0003c1c0       0x38 /home/ncs/CAPSTONE/out/arsdk-native/build/libARController/obj/Sources/ARCONTROLLER_StreamPool.c.o
                0x0003c1c0                ARCONTROLLER_StreamPool_GetFrameFromData
 .text.ARCONTROLLER_StreamQueue_New
                0x0003c1f8       0x44 /home/ncs/CAPSTONE/out/arsdk-native/build/libARController/obj/Sources/ARCONTROLLER_StreamQueue.c.o
                0x0003c1f8                ARCONTROLLER_StreamQueue_New
 .text.ARCONTROLLER_StreamQueue_LocalPopFrame
                0x0003c23c       0x58 /home/ncs/CAPSTONE/out/arsdk-native/build/libARController/obj/Sources/ARCONTROLLER_StreamQueue.c.o
                0x0003c23c                ARCONTROLLER_StreamQueue_LocalPopFrame
 .text.ARCONTROLLER_StreamQueue_Pop
                0x0003c294       0x38 /home/ncs/CAPSTONE/out/arsdk-native/build/libARController/obj/Sources/ARCONTROLLER_StreamQueue.c.o
                0x0003c294                ARCONTROLLER_StreamQueue_Pop
 .text.ARCONTROLLER_StreamQueue_PopWithTimeout
                0x0003c2cc       0x78 /home/ncs/CAPSTONE/out/arsdk-native/build/libARController/obj/Sources/ARCONTROLLER_StreamQueue.c.o
                0x0003c2cc                ARCONTROLLER_StreamQueue_PopWithTimeout
 .text.ARCONTROLLER_StreamQueue_LocalTryPop
                0x0003c344       0x2c /home/ncs/CAPSTONE/out/arsdk-native/build/libARController/obj/Sources/ARCONTROLLER_StreamQueue.c.o
                0x0003c344                ARCONTROLLER_StreamQueue_LocalTryPop
 .text.ARCONTROLLER_StreamQueue_TryPop
                0x0003c370       0x48 /home/ncs/CAPSTONE/out/arsdk-native/build/libARController/obj/Sources/ARCONTROLLER_StreamQueue.c.o
                0x0003c370                ARCONTROLLER_StreamQueue_TryPop
 .text.ARCONTROLLER_StreamQueue_LocalFlush
                0x0003c3b8       0xc8 /home/ncs/CAPSTONE/out/arsdk-native/build/libARController/obj/Sources/ARCONTROLLER_StreamQueue.c.o
                0x0003c3b8                ARCONTROLLER_StreamQueue_LocalFlush
 .text.ARCONTROLLER_StreamQueue_Push
                0x0003c480       0x6c /home/ncs/CAPSTONE/out/arsdk-native/build/libARController/obj/Sources/ARCONTROLLER_StreamQueue.c.o
                0x0003c480                ARCONTROLLER_StreamQueue_Push
 .text.ARCONTROLLER_StreamQueue_Flush
                0x0003c4ec        0xc /home/ncs/CAPSTONE/out/arsdk-native/build/libARController/obj/Sources/ARCONTROLLER_StreamQueue.c.o
                0x0003c4ec                ARCONTROLLER_StreamQueue_Flush
 .text.ARCONTROLLER_StreamQueue_Delete
                0x0003c4f8       0x2a /home/ncs/CAPSTONE/out/arsdk-native/build/libARController/obj/Sources/ARCONTROLLER_StreamQueue.c.o
                0x0003c4f8                ARCONTROLLER_StreamQueue_Delete
 *fill*         0x0003c522        0x2 
 .text.ARCONTROLLER_Stream1_FrameCompleteCallback
                0x0003c524      0x1e4 /home/ncs/CAPSTONE/out/arsdk-native/build/libARController/obj/Sources/ARCONTROLLER_Stream1.c.o
                0x0003c524                ARCONTROLLER_Stream1_FrameCompleteCallback
 .text.ARCONTROLLER_Stream1_Stop
                0x0003c708       0x68 /home/ncs/CAPSTONE/out/arsdk-native/build/libARController/obj/Sources/ARCONTROLLER_Stream1.c.o
                0x0003c708                ARCONTROLLER_Stream1_Stop
 .text.ARCONTROLLER_Stream1_Delete
                0x0003c770       0x2a /home/ncs/CAPSTONE/out/arsdk-native/build/libARController/obj/Sources/ARCONTROLLER_Stream1.c.o
                0x0003c770                ARCONTROLLER_Stream1_Delete
 *fill*         0x0003c79a        0x2 
 .text.ARCONTROLLER_Stream1_New
                0x0003c79c       0xc8 /home/ncs/CAPSTONE/out/arsdk-native/build/libARController/obj/Sources/ARCONTROLLER_Stream1.c.o
                0x0003c79c                ARCONTROLLER_Stream1_New
 .text.ARCONTROLLER_Stream1_Start
                0x0003c864      0x288 /home/ncs/CAPSTONE/out/arsdk-native/build/libARController/obj/Sources/ARCONTROLLER_Stream1.c.o
                0x0003c864                ARCONTROLLER_Stream1_Start
 .text.ARCONTROLLER_Stream1_SetCallbacks
                0x0003caec       0x16 /home/ncs/CAPSTONE/out/arsdk-native/build/libARController/obj/Sources/ARCONTROLLER_Stream1.c.o
                0x0003caec                ARCONTROLLER_Stream1_SetCallbacks
 .text.ARCONTROLLER_Stream1_IsRunning
                0x0003cb02       0x14 /home/ncs/CAPSTONE/out/arsdk-native/build/libARController/obj/Sources/ARCONTROLLER_Stream1.c.o
                0x0003cb02                ARCONTROLLER_Stream1_IsRunning
 .text.ARCONTROLLER_Stream1_SetMP4Compliant
                0x0003cb16       0x14 /home/ncs/CAPSTONE/out/arsdk-native/build/libARController/obj/Sources/ARCONTROLLER_Stream1.c.o
                0x0003cb16                ARCONTROLLER_Stream1_SetMP4Compliant
 *fill*         0x0003cb2a        0x2 
 .text.ARCONTROLLER_Stream1_GetFrame
                0x0003cb2c       0x54 /home/ncs/CAPSTONE/out/arsdk-native/build/libARController/obj/Sources/ARCONTROLLER_Stream1.c.o
                0x0003cb2c                ARCONTROLLER_Stream1_GetFrame
 .text.ARCONTROLLER_Stream1_TryGetFrame
                0x0003cb80       0x54 /home/ncs/CAPSTONE/out/arsdk-native/build/libARController/obj/Sources/ARCONTROLLER_Stream1.c.o
                0x0003cb80                ARCONTROLLER_Stream1_TryGetFrame
 .text.ARCONTROLLER_Stream1_GetFrameWithTimeout
                0x0003cbd4       0x54 /home/ncs/CAPSTONE/out/arsdk-native/build/libARController/obj/Sources/ARCONTROLLER_Stream1.c.o
                0x0003cbd4                ARCONTROLLER_Stream1_GetFrameWithTimeout
 .text.ARCONTROLLER_Stream1_IdToIndex
                0x0003cc28       0x1e /home/ncs/CAPSTONE/out/arsdk-native/build/libARController/obj/Sources/ARCONTROLLER_Stream1.c.o
                0x0003cc28                ARCONTROLLER_Stream1_IdToIndex
 .text.ARCONTROLLER_Stream1_InitStream1Buffers
                0x0003cc46       0x8a /home/ncs/CAPSTONE/out/arsdk-native/build/libARController/obj/Sources/ARCONTROLLER_Stream1.c.o
                0x0003cc46                ARCONTROLLER_Stream1_InitStream1Buffers
 .text.ARCONTROLLER_Stream1_OnReceiveJson
                0x0003ccd0       0xe8 /home/ncs/CAPSTONE/out/arsdk-native/build/libARController/obj/Sources/ARCONTROLLER_Stream1.c.o
                0x0003ccd0                ARCONTROLLER_Stream1_OnReceiveJson
 .text.ARCONTROLLER_Stream1_GetSpsPpsFromIFrame
                0x0003cdb8      0x1c4 /home/ncs/CAPSTONE/out/arsdk-native/build/libARController/obj/Sources/ARCONTROLLER_Stream1.c.o
                0x0003cdb8                ARCONTROLLER_Stream1_GetSpsPpsFromIFrame
 .text.ARCONTROLLER_Stream1_ReaderThreadRun
                0x0003cf7c      0x284 /home/ncs/CAPSTONE/out/arsdk-native/build/libARController/obj/Sources/ARCONTROLLER_Stream1.c.o
                0x0003cf7c                ARCONTROLLER_Stream1_ReaderThreadRun
 .text.ARCONTROLLER_Stream2_SpsPpsCallback
                0x0003d200       0x34 /home/ncs/CAPSTONE/out/arsdk-native/build/libARController/obj/Sources/ARCONTROLLER_Stream2.c.o
 .text.ARCONTROLLER_Stream2_AuReadyCallback
                0x0003d234      0x110 /home/ncs/CAPSTONE/out/arsdk-native/build/libARController/obj/Sources/ARCONTROLLER_Stream2.c.o
 .text.ARCONTROLLER_Stream2_Open_Socket
                0x0003d344      0x248 /home/ncs/CAPSTONE/out/arsdk-native/build/libARController/obj/Sources/ARCONTROLLER_Stream2.c.o
 .text.ARCONTROLLER_Stream2_StartStream
                0x0003d58c      0x300 /home/ncs/CAPSTONE/out/arsdk-native/build/libARController/obj/Sources/ARCONTROLLER_Stream2.c.o
 .text.ARCONTROLLER_Stream2_StopStream.part.0
                0x0003d88c       0x56 /home/ncs/CAPSTONE/out/arsdk-native/build/libARController/obj/Sources/ARCONTROLLER_Stream2.c.o
 .text.ARCONTROLLER_Stream2_RestartRun
                0x0003d8e2       0x14 /home/ncs/CAPSTONE/out/arsdk-native/build/libARController/obj/Sources/ARCONTROLLER_Stream2.c.o
 *fill*         0x0003d8f6        0x2 
 .text.ARCONTROLLER_Stream2_GetAuBufferCallback
                0x0003d8f8       0xac /home/ncs/CAPSTONE/out/arsdk-native/build/libARController/obj/Sources/ARCONTROLLER_Stream2.c.o
 .text.ARCONTROLLER_Stream2_Stop
                0x0003d9a4       0x20 /home/ncs/CAPSTONE/out/arsdk-native/build/libARController/obj/Sources/ARCONTROLLER_Stream2.c.o
                0x0003d9a4                ARCONTROLLER_Stream2_Stop
 .text.ARCONTROLLER_Stream2_Delete
                0x0003d9c4       0x4a /home/ncs/CAPSTONE/out/arsdk-native/build/libARController/obj/Sources/ARCONTROLLER_Stream2.c.o
                0x0003d9c4                ARCONTROLLER_Stream2_Delete
 *fill*         0x0003da0e        0x2 
 .text.ARCONTROLLER_Stream2_New
                0x0003da10       0xf4 /home/ncs/CAPSTONE/out/arsdk-native/build/libARController/obj/Sources/ARCONTROLLER_Stream2.c.o
                0x0003da10                ARCONTROLLER_Stream2_New
 .text.ARCONTROLLER_Stream2_SetCallbacks
                0x0003db04       0x12 /home/ncs/CAPSTONE/out/arsdk-native/build/libARController/obj/Sources/ARCONTROLLER_Stream2.c.o
                0x0003db04                ARCONTROLLER_Stream2_SetCallbacks
 .text.ARCONTROLLER_Stream2_IsRunning
                0x0003db16       0x14 /home/ncs/CAPSTONE/out/arsdk-native/build/libARController/obj/Sources/ARCONTROLLER_Stream2.c.o
                0x0003db16                ARCONTROLLER_Stream2_IsRunning
 .text.ARCONTROLLER_Stream2_SetMP4Compliant
                0x0003db2a        0xe /home/ncs/CAPSTONE/out/arsdk-native/build/libARController/obj/Sources/ARCONTROLLER_Stream2.c.o
                0x0003db2a                ARCONTROLLER_Stream2_SetMP4Compliant
 .text.ARCONTROLLER_Stream2_OnSendJson
                0x0003db38       0x58 /home/ncs/CAPSTONE/out/arsdk-native/build/libARController/obj/Sources/ARCONTROLLER_Stream2.c.o
                0x0003db38                ARCONTROLLER_Stream2_OnSendJson
 .text.ARCONTROLLER_Stream2_OnReceiveJson
                0x0003db90       0xf0 /home/ncs/CAPSTONE/out/arsdk-native/build/libARController/obj/Sources/ARCONTROLLER_Stream2.c.o
                0x0003db90                ARCONTROLLER_Stream2_OnReceiveJson
 .text.ARCONTROLLER_Stream2_JsonContainsStream2Param
                0x0003dc80       0x30 /home/ncs/CAPSTONE/out/arsdk-native/build/libARController/obj/Sources/ARCONTROLLER_Stream2.c.o
                0x0003dc80                ARCONTROLLER_Stream2_JsonContainsStream2Param
 .text.ARCONTROLLER_Stream2_IsInitilized
                0x0003dcb0       0x12 /home/ncs/CAPSTONE/out/arsdk-native/build/libARController/obj/Sources/ARCONTROLLER_Stream2.c.o
                0x0003dcb0                ARCONTROLLER_Stream2_IsInitilized
 *fill*         0x0003dcc2        0x2 
 .text.ARCONTROLLER_Stream2_Start
                0x0003dcc4       0x74 /home/ncs/CAPSTONE/out/arsdk-native/build/libARController/obj/Sources/ARCONTROLLER_Stream2.c.o
                0x0003dcc4                ARCONTROLLER_Stream2_Start
 .text.ARCONTROLLER_StreamSender_FrameUpdateCallback
                0x0003dd38       0x50 /home/ncs/CAPSTONE/out/arsdk-native/build/libARController/obj/Sources/ARCONTROLLER_StreamSender.c.o
 .text.ARCONTROLLER_StreamSender_Stop
                0x0003dd88       0x4a /home/ncs/CAPSTONE/out/arsdk-native/build/libARController/obj/Sources/ARCONTROLLER_StreamSender.c.o
                0x0003dd88                ARCONTROLLER_StreamSender_Stop
 .text.ARCONTROLLER_StreamSender_Delete
                0x0003ddd2       0x22 /home/ncs/CAPSTONE/out/arsdk-native/build/libARController/obj/Sources/ARCONTROLLER_StreamSender.c.o
                0x0003ddd2                ARCONTROLLER_StreamSender_Delete
 .text.ARCONTROLLER_StreamSender_New
                0x0003ddf4       0xa0 /home/ncs/CAPSTONE/out/arsdk-native/build/libARController/obj/Sources/ARCONTROLLER_StreamSender.c.o
                0x0003ddf4                ARCONTROLLER_StreamSender_New
 .text.ARCONTROLLER_StreamSender_Start
                0x0003de94      0x1b4 /home/ncs/CAPSTONE/out/arsdk-native/build/libARController/obj/Sources/ARCONTROLLER_StreamSender.c.o
                0x0003de94                ARCONTROLLER_StreamSender_Start
 .text.ARCONTROLLER_StreamSender_SendAudioFrame
                0x0003e048      0x17c /home/ncs/CAPSTONE/out/arsdk-native/build/libARController/obj/Sources/ARCONTROLLER_StreamSender.c.o
                0x0003e048                ARCONTROLLER_StreamSender_SendAudioFrame
 .text.ARCONTROLLER_StreamSender_OnReceiveJson
                0x0003e1c4       0xb4 /home/ncs/CAPSTONE/out/arsdk-native/build/libARController/obj/Sources/ARCONTROLLER_StreamSender.c.o
                0x0003e1c4                ARCONTROLLER_StreamSender_OnReceiveJson
 .text.ARCONTROLLER_Device_ReceiveJsonCallback
                0x0003e278       0x18 /home/ncs/CAPSTONE/out/arsdk-native/build/libARController/obj/gen/Sources/ARCONTROLLER_Device.c.o
                0x0003e278                ARCONTROLLER_Device_ReceiveJsonCallback
 .text.ARCONTROLLER_Device_ControllerLooperThread
                0x0003e290      0x2cc /home/ncs/CAPSTONE/out/arsdk-native/build/libARController/obj/gen/Sources/ARCONTROLLER_Device.c.o
                0x0003e290                ARCONTROLLER_Device_ControllerLooperThread
 .text.ARCONTROLLER_Device_SendJsonCallback
                0x0003e55c       0x50 /home/ncs/CAPSTONE/out/arsdk-native/build/libARController/obj/gen/Sources/ARCONTROLLER_Device.c.o
                0x0003e55c                ARCONTROLLER_Device_SendJsonCallback
 .text.ARCONTROLLER_Device_RegisterCallbacks
                0x0003e5ac     0x143c /home/ncs/CAPSTONE/out/arsdk-native/build/libARController/obj/gen/Sources/ARCONTROLLER_Device.c.o
                0x0003e5ac                ARCONTROLLER_Device_RegisterCallbacks
 .text.ARCONTROLLER_Device_UnregisterCallbacks
                0x0003f9e8      0xee4 /home/ncs/CAPSTONE/out/arsdk-native/build/libARController/obj/gen/Sources/ARCONTROLLER_Device.c.o
                0x0003f9e8                ARCONTROLLER_Device_UnregisterCallbacks
 .text.ARCONTROLLER_Device_SetVideoStreamCallbacks
                0x000408cc       0x50 /home/ncs/CAPSTONE/out/arsdk-native/build/libARController/obj/gen/Sources/ARCONTROLLER_Device.c.o
                0x000408cc                ARCONTROLLER_Device_SetVideoStreamCallbacks
 .text.ARCONTROLLER_Device_SetVideoStreamMP4Compliant
                0x0004091c       0x38 /home/ncs/CAPSTONE/out/arsdk-native/build/libARController/obj/gen/Sources/ARCONTROLLER_Device.c.o
                0x0004091c                ARCONTROLLER_Device_SetVideoStreamMP4Compliant
 .text.ARCONTROLLER_Device_SetAudioStreamCallbacks
                0x00040954       0x54 /home/ncs/CAPSTONE/out/arsdk-native/build/libARController/obj/gen/Sources/ARCONTROLLER_Device.c.o
                0x00040954                ARCONTROLLER_Device_SetAudioStreamCallbacks
 .text.ARCONTROLLER_Device_AddCommandReceivedCallback
                0x000409a8       0x34 /home/ncs/CAPSTONE/out/arsdk-native/build/libARController/obj/gen/Sources/ARCONTROLLER_Device.c.o
                0x000409a8                ARCONTROLLER_Device_AddCommandReceivedCallback
 .text.ARCONTROLLER_Device_RemoveCommandReceivedCallback
                0x000409dc       0x34 /home/ncs/CAPSTONE/out/arsdk-native/build/libARController/obj/gen/Sources/ARCONTROLLER_Device.c.o
                0x000409dc                ARCONTROLLER_Device_RemoveCommandReceivedCallback
 .text.ARCONTROLLER_Device_GetCommandElements
                0x00040a10      0x1dc /home/ncs/CAPSTONE/out/arsdk-native/build/libARController/obj/gen/Sources/ARCONTROLLER_Device.c.o
                0x00040a10                ARCONTROLLER_Device_GetCommandElements
 .text.ARCONTROLLER_Device_SendStreamFrame
                0x00040bec       0x36 /home/ncs/CAPSTONE/out/arsdk-native/build/libARController/obj/gen/Sources/ARCONTROLLER_Device.c.o
                0x00040bec                ARCONTROLLER_Device_SendStreamFrame
 .text.ARCONTROLLER_Device_GetState
                0x00040c22       0x30 /home/ncs/CAPSTONE/out/arsdk-native/build/libARController/obj/gen/Sources/ARCONTROLLER_Device.c.o
                0x00040c22                ARCONTROLLER_Device_GetState
 .text.ARCONTROLLER_Device_GetExtensionState
                0x00040c52       0x30 /home/ncs/CAPSTONE/out/arsdk-native/build/libARController/obj/gen/Sources/ARCONTROLLER_Device.c.o
                0x00040c52                ARCONTROLLER_Device_GetExtensionState
 *fill*         0x00040c82        0x2 
 .text.ARCONTROLLER_Device_GetExtensionName
                0x00040c84       0x58 /home/ncs/CAPSTONE/out/arsdk-native/build/libARController/obj/gen/Sources/ARCONTROLLER_Device.c.o
                0x00040c84                ARCONTROLLER_Device_GetExtensionName
 .text.ARCONTROLLER_Device_GetExtensionProduct
                0x00040cdc       0x30 /home/ncs/CAPSTONE/out/arsdk-native/build/libARController/obj/gen/Sources/ARCONTROLLER_Device.c.o
                0x00040cdc                ARCONTROLLER_Device_GetExtensionProduct
 .text.ARCONTROLLER_Device_HasOutputVideoStream
                0x00040d0c       0x36 /home/ncs/CAPSTONE/out/arsdk-native/build/libARController/obj/gen/Sources/ARCONTROLLER_Device.c.o
                0x00040d0c                ARCONTROLLER_Device_HasOutputVideoStream
 .text.ARCONTROLLER_Device_HasOutputAudioStream
                0x00040d42       0x2a /home/ncs/CAPSTONE/out/arsdk-native/build/libARController/obj/gen/Sources/ARCONTROLLER_Device.c.o
                0x00040d42                ARCONTROLLER_Device_HasOutputAudioStream
 .text.ARCONTROLLER_Device_HasInputAudioStream
                0x00040d6c       0x2a /home/ncs/CAPSTONE/out/arsdk-native/build/libARController/obj/gen/Sources/ARCONTROLLER_Device.c.o
                0x00040d6c                ARCONTROLLER_Device_HasInputAudioStream
 *fill*         0x00040d96        0x2 
 .text.ARCONTROLLER_Device_StopNetwork
                0x00040d98      0x6a4 /home/ncs/CAPSTONE/out/arsdk-native/build/libARController/obj/gen/Sources/ARCONTROLLER_Device.c.o
                0x00040d98                ARCONTROLLER_Device_StopNetwork
 .text.ARCONTROLLER_Device_SetNetworkControllerToFeatures
                0x0004143c      0x74c /home/ncs/CAPSTONE/out/arsdk-native/build/libARController/obj/gen/Sources/ARCONTROLLER_Device.c.o
                0x0004143c                ARCONTROLLER_Device_SetNetworkControllerToFeatures
 .text.ARCONTROLLER_Device_StartNetwork
                0x00041b88      0x718 /home/ncs/CAPSTONE/out/arsdk-native/build/libARController/obj/gen/Sources/ARCONTROLLER_Device.c.o
                0x00041b88                ARCONTROLLER_Device_StartNetwork
 .text.ARCONTROLLER_Device_StartControllerLooperThread
                0x000422a0       0xa8 /home/ncs/CAPSTONE/out/arsdk-native/build/libARController/obj/gen/Sources/ARCONTROLLER_Device.c.o
                0x000422a0                ARCONTROLLER_Device_StartControllerLooperThread
 .text.ARCONTROLLER_Device_StopControllerLooperThread
                0x00042348       0x2c /home/ncs/CAPSTONE/out/arsdk-native/build/libARController/obj/gen/Sources/ARCONTROLLER_Device.c.o
                0x00042348                ARCONTROLLER_Device_StopControllerLooperThread
 .text.ARCONTROLLER_Device_SetInitialDate
                0x00042374       0xd8 /home/ncs/CAPSTONE/out/arsdk-native/build/libARController/obj/gen/Sources/ARCONTROLLER_Device.c.o
                0x00042374                ARCONTROLLER_Device_SetInitialDate
 .text.ARCONTROLLER_Device_GetInitialSettings
                0x0004244c       0x2c /home/ncs/CAPSTONE/out/arsdk-native/build/libARController/obj/gen/Sources/ARCONTROLLER_Device.c.o
                0x0004244c                ARCONTROLLER_Device_GetInitialSettings
 .text.ARCONTROLLER_Device_GetInitialStates
                0x00042478       0x2c /home/ncs/CAPSTONE/out/arsdk-native/build/libARController/obj/gen/Sources/ARCONTROLLER_Device.c.o
                0x00042478                ARCONTROLLER_Device_GetInitialStates
 .text.ARCONTROLLER_Device_OnStart
                0x000424a4       0x58 /home/ncs/CAPSTONE/out/arsdk-native/build/libARController/obj/gen/Sources/ARCONTROLLER_Device.c.o
                0x000424a4                ARCONTROLLER_Device_OnStart
 .text.ARCONTROLLER_Device_OnAllSettingsEnd
                0x000424fc        0xe /home/ncs/CAPSTONE/out/arsdk-native/build/libARController/obj/gen/Sources/ARCONTROLLER_Device.c.o
                0x000424fc                ARCONTROLLER_Device_OnAllSettingsEnd
 .text.ARCONTROLLER_Device_OnAllStatesEnd
                0x0004250a        0x4 /home/ncs/CAPSTONE/out/arsdk-native/build/libARController/obj/gen/Sources/ARCONTROLLER_Device.c.o
                0x0004250a                ARCONTROLLER_Device_OnAllStatesEnd
 *fill*         0x0004250e        0x2 
 .text.ARCONTROLLER_Device_OnARDrone3VideoEnableChanged
                0x00042510      0x4c0 /home/ncs/CAPSTONE/out/arsdk-native/build/libARController/obj/gen/Sources/ARCONTROLLER_Device.c.o
                0x00042510                ARCONTROLLER_Device_OnARDrone3VideoEnableChanged
 .text.ARCONTROLLER_Device_OnJumpingSumoVideoEnableChanged
                0x000429d0      0x4c8 /home/ncs/CAPSTONE/out/arsdk-native/build/libARController/obj/gen/Sources/ARCONTROLLER_Device.c.o
                0x000429d0                ARCONTROLLER_Device_OnJumpingSumoVideoEnableChanged
 .text.ARCONTROLLER_Device_OnPowerUpVideoEnableChanged
                0x00042e98      0x4c8 /home/ncs/CAPSTONE/out/arsdk-native/build/libARController/obj/gen/Sources/ARCONTROLLER_Device.c.o
                0x00042e98                ARCONTROLLER_Device_OnPowerUpVideoEnableChanged
 .text.ARCONTROLLER_Device_OnAudioStreamStateChanged
                0x00043360      0x494 /home/ncs/CAPSTONE/out/arsdk-native/build/libARController/obj/gen/Sources/ARCONTROLLER_Device.c.o
                0x00043360                ARCONTROLLER_Device_OnAudioStreamStateChanged
 .text.ARCONTROLLER_Device_AddCallbackInList
                0x000437f4       0x3c /home/ncs/CAPSTONE/out/arsdk-native/build/libARController/obj/gen/Sources/ARCONTROLLER_Device.c.o
                0x000437f4                ARCONTROLLER_Device_AddCallbackInList
 .text.ARCONTROLLER_Device_AddStateChangedCallback
                0x00043830       0x34 /home/ncs/CAPSTONE/out/arsdk-native/build/libARController/obj/gen/Sources/ARCONTROLLER_Device.c.o
                0x00043830                ARCONTROLLER_Device_AddStateChangedCallback
 .text.ARCONTROLLER_Device_AddExtensionCallbackInList
                0x00043864       0x3c /home/ncs/CAPSTONE/out/arsdk-native/build/libARController/obj/gen/Sources/ARCONTROLLER_Device.c.o
                0x00043864                ARCONTROLLER_Device_AddExtensionCallbackInList
 .text.ARCONTROLLER_Device_AddExtensionStateChangedCallback
                0x000438a0       0x34 /home/ncs/CAPSTONE/out/arsdk-native/build/libARController/obj/gen/Sources/ARCONTROLLER_Device.c.o
                0x000438a0                ARCONTROLLER_Device_AddExtensionStateChangedCallback
 .text.ARCONTROLLER_Device_RemoveCallbackFromList
                0x000438d4       0x54 /home/ncs/CAPSTONE/out/arsdk-native/build/libARController/obj/gen/Sources/ARCONTROLLER_Device.c.o
                0x000438d4                ARCONTROLLER_Device_RemoveCallbackFromList
 .text.ARCONTROLLER_Device_RemoveStateChangedCallback
                0x00043928       0x34 /home/ncs/CAPSTONE/out/arsdk-native/build/libARController/obj/gen/Sources/ARCONTROLLER_Device.c.o
                0x00043928                ARCONTROLLER_Device_RemoveStateChangedCallback
 .text.ARCONTROLLER_Device_RemoveExtensionCallbackFromList
                0x0004395c       0x54 /home/ncs/CAPSTONE/out/arsdk-native/build/libARController/obj/gen/Sources/ARCONTROLLER_Device.c.o
                0x0004395c                ARCONTROLLER_Device_RemoveExtensionCallbackFromList
 .text.ARCONTROLLER_Device_DeleteCallbackList
                0x000439b0       0x34 /home/ncs/CAPSTONE/out/arsdk-native/build/libARController/obj/gen/Sources/ARCONTROLLER_Device.c.o
                0x000439b0                ARCONTROLLER_Device_DeleteCallbackList
 .text.ARCONTROLLER_Device_DeleteExtensionCallbackList
                0x000439e4       0x34 /home/ncs/CAPSTONE/out/arsdk-native/build/libARController/obj/gen/Sources/ARCONTROLLER_Device.c.o
                0x000439e4                ARCONTROLLER_Device_DeleteExtensionCallbackList
 .text.ARCONTROLLER_Device_DeleteExtension
                0x00043a18      0x250 /home/ncs/CAPSTONE/out/arsdk-native/build/libARController/obj/gen/Sources/ARCONTROLLER_Device.c.o
                0x00043a18                ARCONTROLLER_Device_DeleteExtension
 .text.ARCONTROLLER_Device_Delete
                0x00043c68      0x180 /home/ncs/CAPSTONE/out/arsdk-native/build/libARController/obj/gen/Sources/ARCONTROLLER_Device.c.o
                0x00043c68                ARCONTROLLER_Device_Delete
 .text.ARCONTROLLER_Device_New
                0x00043de8      0x32c /home/ncs/CAPSTONE/out/arsdk-native/build/libARController/obj/gen/Sources/ARCONTROLLER_Device.c.o
                0x00043de8                ARCONTROLLER_Device_New
 .text.ARCONTROLLER_Device_NotifyAllCallbackInList
                0x00044114       0x1e /home/ncs/CAPSTONE/out/arsdk-native/build/libARController/obj/gen/Sources/ARCONTROLLER_Device.c.o
                0x00044114                ARCONTROLLER_Device_NotifyAllCallbackInList
 .text.ARCONTROLLER_Device_NotifyAllExtensionCallbackInList
                0x00044132       0x2c /home/ncs/CAPSTONE/out/arsdk-native/build/libARController/obj/gen/Sources/ARCONTROLLER_Device.c.o
                0x00044132                ARCONTROLLER_Device_NotifyAllExtensionCallbackInList
 .text.ARCONTROLLER_Device_SetState
                0x0004415e       0x2e /home/ncs/CAPSTONE/out/arsdk-native/build/libARController/obj/gen/Sources/ARCONTROLLER_Device.c.o
                0x0004415e                ARCONTROLLER_Device_SetState
 .text.ARCONTROLLER_Device_Start
                0x0004418c       0xcc /home/ncs/CAPSTONE/out/arsdk-native/build/libARController/obj/gen/Sources/ARCONTROLLER_Device.c.o
                0x0004418c                ARCONTROLLER_Device_Start
 .text.ARCONTROLLER_Device_Stop
                0x00044258      0x104 /home/ncs/CAPSTONE/out/arsdk-native/build/libARController/obj/gen/Sources/ARCONTROLLER_Device.c.o
                0x00044258                ARCONTROLLER_Device_Stop
 .text.ARCONTROLLER_Device_OnDisconnectCallback
                0x0004435c        0xc /home/ncs/CAPSTONE/out/arsdk-native/build/libARController/obj/gen/Sources/ARCONTROLLER_Device.c.o
                0x0004435c                ARCONTROLLER_Device_OnDisconnectCallback
 .text.ARCONTROLLER_Device_StopRun
                0x00044368      0x17c /home/ncs/CAPSTONE/out/arsdk-native/build/libARController/obj/gen/Sources/ARCONTROLLER_Device.c.o
                0x00044368                ARCONTROLLER_Device_StopRun
 .text.ARCONTROLLER_Device_StartRun
                0x000444e4      0x160 /home/ncs/CAPSTONE/out/arsdk-native/build/libARController/obj/gen/Sources/ARCONTROLLER_Device.c.o
                0x000444e4                ARCONTROLLER_Device_StartRun
 .text.ARCONTROLLER_Device_SetExtensionState
                0x00044644       0x32 /home/ncs/CAPSTONE/out/arsdk-native/build/libARController/obj/gen/Sources/ARCONTROLLER_Device.c.o
                0x00044644                ARCONTROLLER_Device_SetExtensionState
 *fill*         0x00044676        0x2 
 .text.ARCONTROLLER_Device_ExtensionStopRun
                0x00044678      0x1a4 /home/ncs/CAPSTONE/out/arsdk-native/build/libARController/obj/gen/Sources/ARCONTROLLER_Device.c.o
                0x00044678                ARCONTROLLER_Device_ExtensionStopRun
 .text.ARCONTROLLER_Device_OnSkyControllerConnectionChangedReceived
                0x0004481c      0x83c /home/ncs/CAPSTONE/out/arsdk-native/build/libARController/obj/gen/Sources/ARCONTROLLER_Device.c.o
                0x0004481c                ARCONTROLLER_Device_OnSkyControllerConnectionChangedReceived
 .text.ARCONTROLLER_Device_DictionaryChangedCallback
                0x00045058      0x108 /home/ncs/CAPSTONE/out/arsdk-native/build/libARController/obj/gen/Sources/ARCONTROLLER_Device.c.o
                0x00045058                ARCONTROLLER_Device_DictionaryChangedCallback
 .text.ARCONTROLLER_Device_ExtensionStartRun
                0x00045160      0x194 /home/ncs/CAPSTONE/out/arsdk-native/build/libARController/obj/gen/Sources/ARCONTROLLER_Device.c.o
                0x00045160                ARCONTROLLER_Device_ExtensionStartRun
 .text.ARCONTROLLER_DICTIONARY_Key_GetFeatureFromCommandKey
                0x000452f4       0xa2 /home/ncs/CAPSTONE/out/arsdk-native/build/libARController/obj/gen/Sources/ARCONTROLLER_DICTIONARY_Key.c.o
                0x000452f4                ARCONTROLLER_DICTIONARY_Key_GetFeatureFromCommandKey
 *fill*         0x00045396        0x2 
 .text.ARCONTROLLER_Error_ToString
                0x00045398      0x334 /home/ncs/CAPSTONE/out/arsdk-native/build/libARController/obj/gen/Sources/ARCONTROLLER_Error.c.o
                0x00045398                ARCONTROLLER_Error_ToString
 .text.ARCONTROLLER_FEATURE_ARDrone3_SetPilotingPCMDFlag
                0x000456cc       0x18 /home/ncs/CAPSTONE/out/arsdk-native/build/libARController/obj/gen/Sources/ARCONTROLLER_Feature.c.o
                0x000456cc                ARCONTROLLER_FEATURE_ARDrone3_SetPilotingPCMDFlag
 .text.ARCONTROLLER_FEATURE_ARDrone3_SetPilotingPCMDRoll
                0x000456e4       0x18 /home/ncs/CAPSTONE/out/arsdk-native/build/libARController/obj/gen/Sources/ARCONTROLLER_Feature.c.o
                0x000456e4                ARCONTROLLER_FEATURE_ARDrone3_SetPilotingPCMDRoll
 .text.ARCONTROLLER_FEATURE_ARDrone3_SetPilotingPCMDPitch
                0x000456fc       0x18 /home/ncs/CAPSTONE/out/arsdk-native/build/libARController/obj/gen/Sources/ARCONTROLLER_Feature.c.o
                0x000456fc                ARCONTROLLER_FEATURE_ARDrone3_SetPilotingPCMDPitch
 .text.ARCONTROLLER_FEATURE_ARDrone3_SetPilotingPCMDYaw
                0x00045714       0x18 /home/ncs/CAPSTONE/out/arsdk-native/build/libARController/obj/gen/Sources/ARCONTROLLER_Feature.c.o
                0x00045714                ARCONTROLLER_FEATURE_ARDrone3_SetPilotingPCMDYaw
 .text.ARCONTROLLER_FEATURE_ARDrone3_SetPilotingPCMDGaz
                0x0004572c       0x18 /home/ncs/CAPSTONE/out/arsdk-native/build/libARController/obj/gen/Sources/ARCONTROLLER_Feature.c.o
                0x0004572c                ARCONTROLLER_FEATURE_ARDrone3_SetPilotingPCMDGaz
 .text.ARCONTROLLER_FEATURE_ARDrone3_SetPilotingPCMDTimestampAndSeqNum
                0x00045744       0x18 /home/ncs/CAPSTONE/out/arsdk-native/build/libARController/obj/gen/Sources/ARCONTROLLER_Feature.c.o
                0x00045744                ARCONTROLLER_FEATURE_ARDrone3_SetPilotingPCMDTimestampAndSeqNum
 .text.ARCONTROLLER_FEATURE_ARDrone3_SetCameraOrientationTilt
                0x0004575c       0x18 /home/ncs/CAPSTONE/out/arsdk-native/build/libARController/obj/gen/Sources/ARCONTROLLER_Feature.c.o
                0x0004575c                ARCONTROLLER_FEATURE_ARDrone3_SetCameraOrientationTilt
 .text.ARCONTROLLER_FEATURE_ARDrone3_SetCameraOrientationPan
                0x00045774       0x18 /home/ncs/CAPSTONE/out/arsdk-native/build/libARController/obj/gen/Sources/ARCONTROLLER_Feature.c.o
                0x00045774                ARCONTROLLER_FEATURE_ARDrone3_SetCameraOrientationPan
 .text.ARCONTROLLER_FEATURE_JumpingSumo_SetPilotingPCMDFlag
                0x0004578c       0x16 /home/ncs/CAPSTONE/out/arsdk-native/build/libARController/obj/gen/Sources/ARCONTROLLER_Feature.c.o
                0x0004578c                ARCONTROLLER_FEATURE_JumpingSumo_SetPilotingPCMDFlag
 .text.ARCONTROLLER_FEATURE_JumpingSumo_SetPilotingPCMDSpeed
                0x000457a2       0x16 /home/ncs/CAPSTONE/out/arsdk-native/build/libARController/obj/gen/Sources/ARCONTROLLER_Feature.c.o
                0x000457a2                ARCONTROLLER_FEATURE_JumpingSumo_SetPilotingPCMDSpeed
 .text.ARCONTROLLER_FEATURE_JumpingSumo_SetPilotingPCMDTurn
                0x000457b8       0x16 /home/ncs/CAPSTONE/out/arsdk-native/build/libARController/obj/gen/Sources/ARCONTROLLER_Feature.c.o
                0x000457b8                ARCONTROLLER_FEATURE_JumpingSumo_SetPilotingPCMDTurn
 .text.ARCONTROLLER_FEATURE_MiniDrone_SetPilotingPCMDFlag
                0x000457ce       0x18 /home/ncs/CAPSTONE/out/arsdk-native/build/libARController/obj/gen/Sources/ARCONTROLLER_Feature.c.o
                0x000457ce                ARCONTROLLER_FEATURE_MiniDrone_SetPilotingPCMDFlag
 .text.ARCONTROLLER_FEATURE_MiniDrone_SetPilotingPCMDRoll
                0x000457e6       0x18 /home/ncs/CAPSTONE/out/arsdk-native/build/libARController/obj/gen/Sources/ARCONTROLLER_Feature.c.o
                0x000457e6                ARCONTROLLER_FEATURE_MiniDrone_SetPilotingPCMDRoll
 .text.ARCONTROLLER_FEATURE_MiniDrone_SetPilotingPCMDPitch
                0x000457fe       0x18 /home/ncs/CAPSTONE/out/arsdk-native/build/libARController/obj/gen/Sources/ARCONTROLLER_Feature.c.o
                0x000457fe                ARCONTROLLER_FEATURE_MiniDrone_SetPilotingPCMDPitch
 .text.ARCONTROLLER_FEATURE_MiniDrone_SetPilotingPCMDYaw
                0x00045816       0x18 /home/ncs/CAPSTONE/out/arsdk-native/build/libARController/obj/gen/Sources/ARCONTROLLER_Feature.c.o
                0x00045816                ARCONTROLLER_FEATURE_MiniDrone_SetPilotingPCMDYaw
 .text.ARCONTROLLER_FEATURE_MiniDrone_SetPilotingPCMDGaz
                0x0004582e       0x18 /home/ncs/CAPSTONE/out/arsdk-native/build/libARController/obj/gen/Sources/ARCONTROLLER_Feature.c.o
                0x0004582e                ARCONTROLLER_FEATURE_MiniDrone_SetPilotingPCMDGaz
 .text.ARCONTROLLER_FEATURE_MiniDrone_SetPilotingPCMDTimestamp
                0x00045846       0x18 /home/ncs/CAPSTONE/out/arsdk-native/build/libARController/obj/gen/Sources/ARCONTROLLER_Feature.c.o
                0x00045846                ARCONTROLLER_FEATURE_MiniDrone_SetPilotingPCMDTimestamp
 .text.ARCONTROLLER_FEATURE_Powerup_SetPilotingPCMDFlag
                0x0004585e       0x16 /home/ncs/CAPSTONE/out/arsdk-native/build/libARController/obj/gen/Sources/ARCONTROLLER_Feature.c.o
                0x0004585e                ARCONTROLLER_FEATURE_Powerup_SetPilotingPCMDFlag
 .text.ARCONTROLLER_FEATURE_Powerup_SetPilotingPCMDThrottle
                0x00045874       0x16 /home/ncs/CAPSTONE/out/arsdk-native/build/libARController/obj/gen/Sources/ARCONTROLLER_Feature.c.o
                0x00045874                ARCONTROLLER_FEATURE_Powerup_SetPilotingPCMDThrottle
 .text.ARCONTROLLER_FEATURE_Powerup_SetPilotingPCMDRoll
                0x0004588a       0x16 /home/ncs/CAPSTONE/out/arsdk-native/build/libARController/obj/gen/Sources/ARCONTROLLER_Feature.c.o
                0x0004588a                ARCONTROLLER_FEATURE_Powerup_SetPilotingPCMDRoll
 .text.ARCONTROLLER_FEATURE_Generic_SendDefault
                0x000458a0       0x64 /home/ncs/CAPSTONE/out/arsdk-native/build/libARController/obj/gen/Sources/ARCONTROLLER_Feature.c.o
                0x000458a0                ARCONTROLLER_FEATURE_Generic_SendDefault
 .text.ARCONTROLLER_FEATURE_ARDrone3_SendPilotingFlatTrim
                0x00045904       0x64 /home/ncs/CAPSTONE/out/arsdk-native/build/libARController/obj/gen/Sources/ARCONTROLLER_Feature.c.o
                0x00045904                ARCONTROLLER_FEATURE_ARDrone3_SendPilotingFlatTrim
 .text.ARCONTROLLER_FEATURE_ARDrone3_SendPilotingTakeOff
                0x00045968       0x64 /home/ncs/CAPSTONE/out/arsdk-native/build/libARController/obj/gen/Sources/ARCONTROLLER_Feature.c.o
                0x00045968                ARCONTROLLER_FEATURE_ARDrone3_SendPilotingTakeOff
 .text.ARCONTROLLER_FEATURE_ARDrone3_SendPilotingPCMD
                0x000459cc       0x7c /home/ncs/CAPSTONE/out/arsdk-native/build/libARController/obj/gen/Sources/ARCONTROLLER_Feature.c.o
                0x000459cc                ARCONTROLLER_FEATURE_ARDrone3_SendPilotingPCMD
 .text.ARCONTROLLER_FEATURE_ARDrone3_SendPilotingLanding
                0x00045a48       0x64 /home/ncs/CAPSTONE/out/arsdk-native/build/libARController/obj/gen/Sources/ARCONTROLLER_Feature.c.o
                0x00045a48                ARCONTROLLER_FEATURE_ARDrone3_SendPilotingLanding
 .text.ARCONTROLLER_FEATURE_ARDrone3_SendPilotingEmergency
                0x00045aac       0x68 /home/ncs/CAPSTONE/out/arsdk-native/build/libARController/obj/gen/Sources/ARCONTROLLER_Feature.c.o
                0x00045aac                ARCONTROLLER_FEATURE_ARDrone3_SendPilotingEmergency
 .text.ARCONTROLLER_FEATURE_ARDrone3_SendPilotingNavigateHome
                0x00045b14       0x68 /home/ncs/CAPSTONE/out/arsdk-native/build/libARController/obj/gen/Sources/ARCONTROLLER_Feature.c.o
                0x00045b14                ARCONTROLLER_FEATURE_ARDrone3_SendPilotingNavigateHome
 .text.ARCONTROLLER_FEATURE_ARDrone3_SendPilotingAutoTakeOffMode
                0x00045b7c       0x68 /home/ncs/CAPSTONE/out/arsdk-native/build/libARController/obj/gen/Sources/ARCONTROLLER_Feature.c.o
                0x00045b7c                ARCONTROLLER_FEATURE_ARDrone3_SendPilotingAutoTakeOffMode
 .text.ARCONTROLLER_FEATURE_ARDrone3_SendPilotingMoveBy
                0x00045be4       0x64 /home/ncs/CAPSTONE/out/arsdk-native/build/libARController/obj/gen/Sources/ARCONTROLLER_Feature.c.o
                0x00045be4                ARCONTROLLER_FEATURE_ARDrone3_SendPilotingMoveBy
 .text.ARCONTROLLER_FEATURE_ARDrone3_SendPilotingUserTakeOff
                0x00045c48       0x68 /home/ncs/CAPSTONE/out/arsdk-native/build/libARController/obj/gen/Sources/ARCONTROLLER_Feature.c.o
                0x00045c48                ARCONTROLLER_FEATURE_ARDrone3_SendPilotingUserTakeOff
 .text.ARCONTROLLER_FEATURE_ARDrone3_SendPilotingCircle
                0x00045cb0       0x68 /home/ncs/CAPSTONE/out/arsdk-native/build/libARController/obj/gen/Sources/ARCONTROLLER_Feature.c.o
                0x00045cb0                ARCONTROLLER_FEATURE_ARDrone3_SendPilotingCircle
 .text.ARCONTROLLER_FEATURE_ARDrone3_SendAnimationsFlip
                0x00045d18       0x68 /home/ncs/CAPSTONE/out/arsdk-native/build/libARController/obj/gen/Sources/ARCONTROLLER_Feature.c.o
                0x00045d18                ARCONTROLLER_FEATURE_ARDrone3_SendAnimationsFlip
 .text.ARCONTROLLER_FEATURE_ARDrone3_SendCameraOrientation
                0x00045d80       0x68 /home/ncs/CAPSTONE/out/arsdk-native/build/libARController/obj/gen/Sources/ARCONTROLLER_Feature.c.o
                0x00045d80                ARCONTROLLER_FEATURE_ARDrone3_SendCameraOrientation
 .text.ARCONTROLLER_FEATURE_ARDrone3_SendMediaRecordPicture
                0x00045de8       0x68 /home/ncs/CAPSTONE/out/arsdk-native/build/libARController/obj/gen/Sources/ARCONTROLLER_Feature.c.o
                0x00045de8                ARCONTROLLER_FEATURE_ARDrone3_SendMediaRecordPicture
 .text.ARCONTROLLER_FEATURE_ARDrone3_SendMediaRecordVideo
                0x00045e50       0x68 /home/ncs/CAPSTONE/out/arsdk-native/build/libARController/obj/gen/Sources/ARCONTROLLER_Feature.c.o
                0x00045e50                ARCONTROLLER_FEATURE_ARDrone3_SendMediaRecordVideo
 .text.ARCONTROLLER_FEATURE_ARDrone3_SendMediaRecordPictureV2
                0x00045eb8       0x64 /home/ncs/CAPSTONE/out/arsdk-native/build/libARController/obj/gen/Sources/ARCONTROLLER_Feature.c.o
                0x00045eb8                ARCONTROLLER_FEATURE_ARDrone3_SendMediaRecordPictureV2
 .text.ARCONTROLLER_FEATURE_ARDrone3_SendMediaRecordVideoV2
                0x00045f1c       0x68 /home/ncs/CAPSTONE/out/arsdk-native/build/libARController/obj/gen/Sources/ARCONTROLLER_Feature.c.o
                0x00045f1c                ARCONTROLLER_FEATURE_ARDrone3_SendMediaRecordVideoV2
 .text.ARCONTROLLER_FEATURE_ARDrone3_SendNetworkWifiScan
                0x00045f84       0x68 /home/ncs/CAPSTONE/out/arsdk-native/build/libARController/obj/gen/Sources/ARCONTROLLER_Feature.c.o
                0x00045f84                ARCONTROLLER_FEATURE_ARDrone3_SendNetworkWifiScan
 .text.ARCONTROLLER_FEATURE_ARDrone3_SendNetworkWifiAuthChannel
                0x00045fec       0x64 /home/ncs/CAPSTONE/out/arsdk-native/build/libARController/obj/gen/Sources/ARCONTROLLER_Feature.c.o
                0x00045fec                ARCONTROLLER_FEATURE_ARDrone3_SendNetworkWifiAuthChannel
 .text.ARCONTROLLER_FEATURE_ARDrone3_SendPilotingSettingsMaxAltitude
                0x00046050       0x64 /home/ncs/CAPSTONE/out/arsdk-native/build/libARController/obj/gen/Sources/ARCONTROLLER_Feature.c.o
                0x00046050                ARCONTROLLER_FEATURE_ARDrone3_SendPilotingSettingsMaxAltitude
 .text.ARCONTROLLER_FEATURE_ARDrone3_SendPilotingSettingsMaxTilt
                0x000460b4       0x64 /home/ncs/CAPSTONE/out/arsdk-native/build/libARController/obj/gen/Sources/ARCONTROLLER_Feature.c.o
                0x000460b4                ARCONTROLLER_FEATURE_ARDrone3_SendPilotingSettingsMaxTilt
 .text.ARCONTROLLER_FEATURE_ARDrone3_SendPilotingSettingsAbsolutControl
                0x00046118       0x68 /home/ncs/CAPSTONE/out/arsdk-native/build/libARController/obj/gen/Sources/ARCONTROLLER_Feature.c.o
                0x00046118                ARCONTROLLER_FEATURE_ARDrone3_SendPilotingSettingsAbsolutControl
 .text.ARCONTROLLER_FEATURE_ARDrone3_SendPilotingSettingsMaxDistance
                0x00046180       0x64 /home/ncs/CAPSTONE/out/arsdk-native/build/libARController/obj/gen/Sources/ARCONTROLLER_Feature.c.o
                0x00046180                ARCONTROLLER_FEATURE_ARDrone3_SendPilotingSettingsMaxDistance
 .text.ARCONTROLLER_FEATURE_ARDrone3_SendPilotingSettingsNoFlyOverMaxDistance
                0x000461e4       0x68 /home/ncs/CAPSTONE/out/arsdk-native/build/libARController/obj/gen/Sources/ARCONTROLLER_Feature.c.o
                0x000461e4                ARCONTROLLER_FEATURE_ARDrone3_SendPilotingSettingsNoFlyOverMaxDistance
 .text.ARCONTROLLER_FEATURE_ARDrone3_SendPilotingSettingsSetAutonomousFlightMaxHorizontalSpeed
                0x0004624c       0x64 /home/ncs/CAPSTONE/out/arsdk-native/build/libARController/obj/gen/Sources/ARCONTROLLER_Feature.c.o
                0x0004624c                ARCONTROLLER_FEATURE_ARDrone3_SendPilotingSettingsSetAutonomousFlightMaxHorizontalSpeed
 .text.ARCONTROLLER_FEATURE_ARDrone3_SendPilotingSettingsSetAutonomousFlightMaxVerticalSpeed
                0x000462b0       0x64 /home/ncs/CAPSTONE/out/arsdk-native/build/libARController/obj/gen/Sources/ARCONTROLLER_Feature.c.o
                0x000462b0                ARCONTROLLER_FEATURE_ARDrone3_SendPilotingSettingsSetAutonomousFlightMaxVerticalSpeed
 .text.ARCONTROLLER_FEATURE_ARDrone3_SendPilotingSettingsSetAutonomousFlightMaxHorizontalAcceleration
                0x00046314       0x64 /home/ncs/CAPSTONE/out/arsdk-native/build/libARController/obj/gen/Sources/ARCONTROLLER_Feature.c.o
                0x00046314                ARCONTROLLER_FEATURE_ARDrone3_SendPilotingSettingsSetAutonomousFlightMaxHorizontalAcceleration
 .text.ARCONTROLLER_FEATURE_ARDrone3_SendPilotingSettingsSetAutonomousFlightMaxVerticalAcceleration
                0x00046378       0x64 /home/ncs/CAPSTONE/out/arsdk-native/build/libARController/obj/gen/Sources/ARCONTROLLER_Feature.c.o
                0x00046378                ARCONTROLLER_FEATURE_ARDrone3_SendPilotingSettingsSetAutonomousFlightMaxVerticalAcceleration
 .text.ARCONTROLLER_FEATURE_ARDrone3_SendPilotingSettingsSetAutonomousFlightMaxRotationSpeed
                0x000463dc       0x64 /home/ncs/CAPSTONE/out/arsdk-native/build/libARController/obj/gen/Sources/ARCONTROLLER_Feature.c.o
                0x000463dc                ARCONTROLLER_FEATURE_ARDrone3_SendPilotingSettingsSetAutonomousFlightMaxRotationSpeed
 .text.ARCONTROLLER_FEATURE_ARDrone3_SendPilotingSettingsBankedTurn
                0x00046440       0x68 /home/ncs/CAPSTONE/out/arsdk-native/build/libARController/obj/gen/Sources/ARCONTROLLER_Feature.c.o
                0x00046440                ARCONTROLLER_FEATURE_ARDrone3_SendPilotingSettingsBankedTurn
 .text.ARCONTROLLER_FEATURE_ARDrone3_SendPilotingSettingsMinAltitude
                0x000464a8       0x64 /home/ncs/CAPSTONE/out/arsdk-native/build/libARController/obj/gen/Sources/ARCONTROLLER_Feature.c.o
                0x000464a8                ARCONTROLLER_FEATURE_ARDrone3_SendPilotingSettingsMinAltitude
 .text.ARCONTROLLER_FEATURE_ARDrone3_SendPilotingSettingsCirclingDirection
                0x0004650c       0x68 /home/ncs/CAPSTONE/out/arsdk-native/build/libARController/obj/gen/Sources/ARCONTROLLER_Feature.c.o
                0x0004650c                ARCONTROLLER_FEATURE_ARDrone3_SendPilotingSettingsCirclingDirection
 .text.ARCONTROLLER_FEATURE_ARDrone3_SendPilotingSettingsCirclingRadius
                0x00046574       0x68 /home/ncs/CAPSTONE/out/arsdk-native/build/libARController/obj/gen/Sources/ARCONTROLLER_Feature.c.o
                0x00046574                ARCONTROLLER_FEATURE_ARDrone3_SendPilotingSettingsCirclingRadius
 .text.ARCONTROLLER_FEATURE_ARDrone3_SendPilotingSettingsCirclingAltitude
                0x000465dc       0x68 /home/ncs/CAPSTONE/out/arsdk-native/build/libARController/obj/gen/Sources/ARCONTROLLER_Feature.c.o
                0x000465dc                ARCONTROLLER_FEATURE_ARDrone3_SendPilotingSettingsCirclingAltitude
 .text.ARCONTROLLER_FEATURE_ARDrone3_SendPilotingSettingsPitchMode
                0x00046644       0x68 /home/ncs/CAPSTONE/out/arsdk-native/build/libARController/obj/gen/Sources/ARCONTROLLER_Feature.c.o
                0x00046644                ARCONTROLLER_FEATURE_ARDrone3_SendPilotingSettingsPitchMode
 .text.ARCONTROLLER_FEATURE_ARDrone3_SendSpeedSettingsMaxVerticalSpeed
                0x000466ac       0x64 /home/ncs/CAPSTONE/out/arsdk-native/build/libARController/obj/gen/Sources/ARCONTROLLER_Feature.c.o
                0x000466ac                ARCONTROLLER_FEATURE_ARDrone3_SendSpeedSettingsMaxVerticalSpeed
 .text.ARCONTROLLER_FEATURE_ARDrone3_SendSpeedSettingsMaxRotationSpeed
                0x00046710       0x64 /home/ncs/CAPSTONE/out/arsdk-native/build/libARController/obj/gen/Sources/ARCONTROLLER_Feature.c.o
                0x00046710                ARCONTROLLER_FEATURE_ARDrone3_SendSpeedSettingsMaxRotationSpeed
 .text.ARCONTROLLER_FEATURE_ARDrone3_SendSpeedSettingsHullProtection
                0x00046774       0x68 /home/ncs/CAPSTONE/out/arsdk-native/build/libARController/obj/gen/Sources/ARCONTROLLER_Feature.c.o
                0x00046774                ARCONTROLLER_FEATURE_ARDrone3_SendSpeedSettingsHullProtection
 .text.ARCONTROLLER_FEATURE_ARDrone3_SendSpeedSettingsOutdoor
                0x000467dc       0x68 /home/ncs/CAPSTONE/out/arsdk-native/build/libARController/obj/gen/Sources/ARCONTROLLER_Feature.c.o
                0x000467dc                ARCONTROLLER_FEATURE_ARDrone3_SendSpeedSettingsOutdoor
 .text.ARCONTROLLER_FEATURE_ARDrone3_SendSpeedSettingsMaxPitchRollRotationSpeed
                0x00046844       0x64 /home/ncs/CAPSTONE/out/arsdk-native/build/libARController/obj/gen/Sources/ARCONTROLLER_Feature.c.o
                0x00046844                ARCONTROLLER_FEATURE_ARDrone3_SendSpeedSettingsMaxPitchRollRotationSpeed
 .text.ARCONTROLLER_FEATURE_ARDrone3_SendNetworkSettingsWifiSelection
                0x000468a8       0x6c /home/ncs/CAPSTONE/out/arsdk-native/build/libARController/obj/gen/Sources/ARCONTROLLER_Feature.c.o
                0x000468a8                ARCONTROLLER_FEATURE_ARDrone3_SendNetworkSettingsWifiSelection
 .text.ARCONTROLLER_FEATURE_ARDrone3_SendNetworkSettingsWifiSecurity
                0x00046914       0x6c /home/ncs/CAPSTONE/out/arsdk-native/build/libARController/obj/gen/Sources/ARCONTROLLER_Feature.c.o
                0x00046914                ARCONTROLLER_FEATURE_ARDrone3_SendNetworkSettingsWifiSecurity
 .text.ARCONTROLLER_FEATURE_ARDrone3_SendPictureSettingsPictureFormatSelection
                0x00046980       0x68 /home/ncs/CAPSTONE/out/arsdk-native/build/libARController/obj/gen/Sources/ARCONTROLLER_Feature.c.o
                0x00046980                ARCONTROLLER_FEATURE_ARDrone3_SendPictureSettingsPictureFormatSelection
 .text.ARCONTROLLER_FEATURE_ARDrone3_SendPictureSettingsAutoWhiteBalanceSelection
                0x000469e8       0x68 /home/ncs/CAPSTONE/out/arsdk-native/build/libARController/obj/gen/Sources/ARCONTROLLER_Feature.c.o
                0x000469e8                ARCONTROLLER_FEATURE_ARDrone3_SendPictureSettingsAutoWhiteBalanceSelection
 .text.ARCONTROLLER_FEATURE_ARDrone3_SendPictureSettingsExpositionSelection
                0x00046a50       0x64 /home/ncs/CAPSTONE/out/arsdk-native/build/libARController/obj/gen/Sources/ARCONTROLLER_Feature.c.o
                0x00046a50                ARCONTROLLER_FEATURE_ARDrone3_SendPictureSettingsExpositionSelection
 .text.ARCONTROLLER_FEATURE_ARDrone3_SendPictureSettingsSaturationSelection
                0x00046ab4       0x64 /home/ncs/CAPSTONE/out/arsdk-native/build/libARController/obj/gen/Sources/ARCONTROLLER_Feature.c.o
                0x00046ab4                ARCONTROLLER_FEATURE_ARDrone3_SendPictureSettingsSaturationSelection
 .text.ARCONTROLLER_FEATURE_ARDrone3_SendPictureSettingsTimelapseSelection
                0x00046b18       0x68 /home/ncs/CAPSTONE/out/arsdk-native/build/libARController/obj/gen/Sources/ARCONTROLLER_Feature.c.o
                0x00046b18                ARCONTROLLER_FEATURE_ARDrone3_SendPictureSettingsTimelapseSelection
 .text.ARCONTROLLER_FEATURE_ARDrone3_SendPictureSettingsVideoAutorecordSelection
                0x00046b80       0x68 /home/ncs/CAPSTONE/out/arsdk-native/build/libARController/obj/gen/Sources/ARCONTROLLER_Feature.c.o
                0x00046b80                ARCONTROLLER_FEATURE_ARDrone3_SendPictureSettingsVideoAutorecordSelection
 .text.ARCONTROLLER_FEATURE_ARDrone3_SendPictureSettingsVideoStabilizationMode
                0x00046be8       0x68 /home/ncs/CAPSTONE/out/arsdk-native/build/libARController/obj/gen/Sources/ARCONTROLLER_Feature.c.o
                0x00046be8                ARCONTROLLER_FEATURE_ARDrone3_SendPictureSettingsVideoStabilizationMode
 .text.ARCONTROLLER_FEATURE_ARDrone3_SendPictureSettingsVideoRecordingMode
                0x00046c50       0x68 /home/ncs/CAPSTONE/out/arsdk-native/build/libARController/obj/gen/Sources/ARCONTROLLER_Feature.c.o
                0x00046c50                ARCONTROLLER_FEATURE_ARDrone3_SendPictureSettingsVideoRecordingMode
 .text.ARCONTROLLER_FEATURE_ARDrone3_SendPictureSettingsVideoFramerate
                0x00046cb8       0x68 /home/ncs/CAPSTONE/out/arsdk-native/build/libARController/obj/gen/Sources/ARCONTROLLER_Feature.c.o
                0x00046cb8                ARCONTROLLER_FEATURE_ARDrone3_SendPictureSettingsVideoFramerate
 .text.ARCONTROLLER_FEATURE_ARDrone3_SendPictureSettingsVideoResolutions
                0x00046d20       0x68 /home/ncs/CAPSTONE/out/arsdk-native/build/libARController/obj/gen/Sources/ARCONTROLLER_Feature.c.o
                0x00046d20                ARCONTROLLER_FEATURE_ARDrone3_SendPictureSettingsVideoResolutions
 .text.ARCONTROLLER_FEATURE_ARDrone3_SendMediaStreamingVideoEnable
                0x00046d88       0x68 /home/ncs/CAPSTONE/out/arsdk-native/build/libARController/obj/gen/Sources/ARCONTROLLER_Feature.c.o
                0x00046d88                ARCONTROLLER_FEATURE_ARDrone3_SendMediaStreamingVideoEnable
 .text.ARCONTROLLER_FEATURE_ARDrone3_SendMediaStreamingVideoStreamMode
                0x00046df0       0x68 /home/ncs/CAPSTONE/out/arsdk-native/build/libARController/obj/gen/Sources/ARCONTROLLER_Feature.c.o
                0x00046df0                ARCONTROLLER_FEATURE_ARDrone3_SendMediaStreamingVideoStreamMode
 .text.ARCONTROLLER_FEATURE_ARDrone3_SendGPSSettingsSetHome
                0x00046e58       0x64 /home/ncs/CAPSTONE/out/arsdk-native/build/libARController/obj/gen/Sources/ARCONTROLLER_Feature.c.o
                0x00046e58                ARCONTROLLER_FEATURE_ARDrone3_SendGPSSettingsSetHome
 .text.ARCONTROLLER_FEATURE_ARDrone3_SendGPSSettingsResetHome
                0x00046ebc       0x64 /home/ncs/CAPSTONE/out/arsdk-native/build/libARController/obj/gen/Sources/ARCONTROLLER_Feature.c.o
                0x00046ebc                ARCONTROLLER_FEATURE_ARDrone3_SendGPSSettingsResetHome
 .text.ARCONTROLLER_FEATURE_ARDrone3_SendGPSSettingsSendControllerGPS
                0x00046f20       0x64 /home/ncs/CAPSTONE/out/arsdk-native/build/libARController/obj/gen/Sources/ARCONTROLLER_Feature.c.o
                0x00046f20                ARCONTROLLER_FEATURE_ARDrone3_SendGPSSettingsSendControllerGPS
 .text.ARCONTROLLER_FEATURE_ARDrone3_SendGPSSettingsHomeType
                0x00046f84       0x68 /home/ncs/CAPSTONE/out/arsdk-native/build/libARController/obj/gen/Sources/ARCONTROLLER_Feature.c.o
                0x00046f84                ARCONTROLLER_FEATURE_ARDrone3_SendGPSSettingsHomeType
 .text.ARCONTROLLER_FEATURE_ARDrone3_SendGPSSettingsReturnHomeDelay
                0x00046fec       0x68 /home/ncs/CAPSTONE/out/arsdk-native/build/libARController/obj/gen/Sources/ARCONTROLLER_Feature.c.o
                0x00046fec                ARCONTROLLER_FEATURE_ARDrone3_SendGPSSettingsReturnHomeDelay
 .text.ARCONTROLLER_FEATURE_ARDrone3_SendAntiflickeringElectricFrequency
                0x00047054       0x68 /home/ncs/CAPSTONE/out/arsdk-native/build/libARController/obj/gen/Sources/ARCONTROLLER_Feature.c.o
                0x00047054                ARCONTROLLER_FEATURE_ARDrone3_SendAntiflickeringElectricFrequency
 .text.ARCONTROLLER_FEATURE_ARDrone3_SendAntiflickeringSetMode
                0x000470bc       0x68 /home/ncs/CAPSTONE/out/arsdk-native/build/libARController/obj/gen/Sources/ARCONTROLLER_Feature.c.o
                0x000470bc                ARCONTROLLER_FEATURE_ARDrone3_SendAntiflickeringSetMode
 .text.ARCONTROLLER_FEATURE_Common_SendNetworkDisconnect
                0x00047124       0x64 /home/ncs/CAPSTONE/out/arsdk-native/build/libARController/obj/gen/Sources/ARCONTROLLER_Feature.c.o
                0x00047124                ARCONTROLLER_FEATURE_Common_SendNetworkDisconnect
 .text.ARCONTROLLER_FEATURE_Common_SendSettingsAllSettings
                0x00047188       0x64 /home/ncs/CAPSTONE/out/arsdk-native/build/libARController/obj/gen/Sources/ARCONTROLLER_Feature.c.o
                0x00047188                ARCONTROLLER_FEATURE_Common_SendSettingsAllSettings
 .text.ARCONTROLLER_FEATURE_Common_SendSettingsReset
                0x000471ec       0x64 /home/ncs/CAPSTONE/out/arsdk-native/build/libARController/obj/gen/Sources/ARCONTROLLER_Feature.c.o
                0x000471ec                ARCONTROLLER_FEATURE_Common_SendSettingsReset
 .text.ARCONTROLLER_FEATURE_Common_SendSettingsProductName
                0x00047250       0x64 /home/ncs/CAPSTONE/out/arsdk-native/build/libARController/obj/gen/Sources/ARCONTROLLER_Feature.c.o
                0x00047250                ARCONTROLLER_FEATURE_Common_SendSettingsProductName
 .text.ARCONTROLLER_FEATURE_Common_SendSettingsCountry
                0x000472b4       0x64 /home/ncs/CAPSTONE/out/arsdk-native/build/libARController/obj/gen/Sources/ARCONTROLLER_Feature.c.o
                0x000472b4                ARCONTROLLER_FEATURE_Common_SendSettingsCountry
 .text.ARCONTROLLER_FEATURE_Common_SendSettingsAutoCountry
                0x00047318       0x64 /home/ncs/CAPSTONE/out/arsdk-native/build/libARController/obj/gen/Sources/ARCONTROLLER_Feature.c.o
                0x00047318                ARCONTROLLER_FEATURE_Common_SendSettingsAutoCountry
 .text.ARCONTROLLER_FEATURE_Common_SendCommonAllStates
                0x0004737c       0x64 /home/ncs/CAPSTONE/out/arsdk-native/build/libARController/obj/gen/Sources/ARCONTROLLER_Feature.c.o
                0x0004737c                ARCONTROLLER_FEATURE_Common_SendCommonAllStates
 .text.ARCONTROLLER_FEATURE_Common_SendCommonCurrentDate
                0x000473e0       0x64 /home/ncs/CAPSTONE/out/arsdk-native/build/libARController/obj/gen/Sources/ARCONTROLLER_Feature.c.o
                0x000473e0                ARCONTROLLER_FEATURE_Common_SendCommonCurrentDate
 .text.ARCONTROLLER_FEATURE_Common_SendCommonCurrentTime
                0x00047444       0x64 /home/ncs/CAPSTONE/out/arsdk-native/build/libARController/obj/gen/Sources/ARCONTROLLER_Feature.c.o
                0x00047444                ARCONTROLLER_FEATURE_Common_SendCommonCurrentTime
 .text.ARCONTROLLER_FEATURE_Common_SendCommonReboot
                0x000474a8       0x64 /home/ncs/CAPSTONE/out/arsdk-native/build/libARController/obj/gen/Sources/ARCONTROLLER_Feature.c.o
                0x000474a8                ARCONTROLLER_FEATURE_Common_SendCommonReboot
 .text.ARCONTROLLER_FEATURE_Common_SendOverHeatSwitchOff
                0x0004750c       0x64 /home/ncs/CAPSTONE/out/arsdk-native/build/libARController/obj/gen/Sources/ARCONTROLLER_Feature.c.o
                0x0004750c                ARCONTROLLER_FEATURE_Common_SendOverHeatSwitchOff
 .text.ARCONTROLLER_FEATURE_Common_SendOverHeatVentilate
                0x00047570       0x64 /home/ncs/CAPSTONE/out/arsdk-native/build/libARController/obj/gen/Sources/ARCONTROLLER_Feature.c.o
                0x00047570                ARCONTROLLER_FEATURE_Common_SendOverHeatVentilate
 .text.ARCONTROLLER_FEATURE_Common_SendControllerIsPiloting
                0x000475d4       0x64 /home/ncs/CAPSTONE/out/arsdk-native/build/libARController/obj/gen/Sources/ARCONTROLLER_Feature.c.o
                0x000475d4                ARCONTROLLER_FEATURE_Common_SendControllerIsPiloting
 .text.ARCONTROLLER_FEATURE_Common_SendWifiSettingsOutdoorSetting
                0x00047638       0x64 /home/ncs/CAPSTONE/out/arsdk-native/build/libARController/obj/gen/Sources/ARCONTROLLER_Feature.c.o
                0x00047638                ARCONTROLLER_FEATURE_Common_SendWifiSettingsOutdoorSetting
 .text.ARCONTROLLER_FEATURE_Common_SendMavlinkStart
                0x0004769c       0x68 /home/ncs/CAPSTONE/out/arsdk-native/build/libARController/obj/gen/Sources/ARCONTROLLER_Feature.c.o
                0x0004769c                ARCONTROLLER_FEATURE_Common_SendMavlinkStart
 .text.ARCONTROLLER_FEATURE_Common_SendMavlinkPause
                0x00047704       0x64 /home/ncs/CAPSTONE/out/arsdk-native/build/libARController/obj/gen/Sources/ARCONTROLLER_Feature.c.o
                0x00047704                ARCONTROLLER_FEATURE_Common_SendMavlinkPause
 .text.ARCONTROLLER_FEATURE_Common_SendMavlinkStop
                0x00047768       0x64 /home/ncs/CAPSTONE/out/arsdk-native/build/libARController/obj/gen/Sources/ARCONTROLLER_Feature.c.o
                0x00047768                ARCONTROLLER_FEATURE_Common_SendMavlinkStop
 .text.ARCONTROLLER_FEATURE_Common_SendCalibrationMagnetoCalibration
                0x000477cc       0x64 /home/ncs/CAPSTONE/out/arsdk-native/build/libARController/obj/gen/Sources/ARCONTROLLER_Feature.c.o
                0x000477cc                ARCONTROLLER_FEATURE_Common_SendCalibrationMagnetoCalibration
 .text.ARCONTROLLER_FEATURE_Common_SendCalibrationPitotCalibration
                0x00047830       0x64 /home/ncs/CAPSTONE/out/arsdk-native/build/libARController/obj/gen/Sources/ARCONTROLLER_Feature.c.o
                0x00047830                ARCONTROLLER_FEATURE_Common_SendCalibrationPitotCalibration
 .text.ARCONTROLLER_FEATURE_Common_SendGPSControllerPositionForRun
                0x00047894       0x64 /home/ncs/CAPSTONE/out/arsdk-native/build/libARController/obj/gen/Sources/ARCONTROLLER_Feature.c.o
                0x00047894                ARCONTROLLER_FEATURE_Common_SendGPSControllerPositionForRun
 .text.ARCONTROLLER_FEATURE_Common_SendAudioControllerReadyForStreaming
                0x000478f8       0x64 /home/ncs/CAPSTONE/out/arsdk-native/build/libARController/obj/gen/Sources/ARCONTROLLER_Feature.c.o
                0x000478f8                ARCONTROLLER_FEATURE_Common_SendAudioControllerReadyForStreaming
 .text.ARCONTROLLER_FEATURE_Common_SendHeadlightsIntensity
                0x0004795c       0x68 /home/ncs/CAPSTONE/out/arsdk-native/build/libARController/obj/gen/Sources/ARCONTROLLER_Feature.c.o
                0x0004795c                ARCONTROLLER_FEATURE_Common_SendHeadlightsIntensity
 .text.ARCONTROLLER_FEATURE_Common_SendAnimationsStartAnimation
                0x000479c4       0x64 /home/ncs/CAPSTONE/out/arsdk-native/build/libARController/obj/gen/Sources/ARCONTROLLER_Feature.c.o
                0x000479c4                ARCONTROLLER_FEATURE_Common_SendAnimationsStartAnimation
 .text.ARCONTROLLER_FEATURE_Common_SendAnimationsStopAnimation
                0x00047a28       0x64 /home/ncs/CAPSTONE/out/arsdk-native/build/libARController/obj/gen/Sources/ARCONTROLLER_Feature.c.o
                0x00047a28                ARCONTROLLER_FEATURE_Common_SendAnimationsStopAnimation
 .text.ARCONTROLLER_FEATURE_Common_SendAnimationsStopAllAnimations
                0x00047a8c       0x64 /home/ncs/CAPSTONE/out/arsdk-native/build/libARController/obj/gen/Sources/ARCONTROLLER_Feature.c.o
                0x00047a8c                ARCONTROLLER_FEATURE_Common_SendAnimationsStopAllAnimations
 .text.ARCONTROLLER_FEATURE_Common_SendAccessoryConfig
                0x00047af0       0x64 /home/ncs/CAPSTONE/out/arsdk-native/build/libARController/obj/gen/Sources/ARCONTROLLER_Feature.c.o
                0x00047af0                ARCONTROLLER_FEATURE_Common_SendAccessoryConfig
 .text.ARCONTROLLER_FEATURE_Common_SendChargerSetMaxChargeRate
                0x00047b54       0x64 /home/ncs/CAPSTONE/out/arsdk-native/build/libARController/obj/gen/Sources/ARCONTROLLER_Feature.c.o
                0x00047b54                ARCONTROLLER_FEATURE_Common_SendChargerSetMaxChargeRate
 .text.ARCONTROLLER_FEATURE_ControllerInfo_SendGps
                0x00047bb8       0x64 /home/ncs/CAPSTONE/out/arsdk-native/build/libARController/obj/gen/Sources/ARCONTROLLER_Feature.c.o
                0x00047bb8                ARCONTROLLER_FEATURE_ControllerInfo_SendGps
 .text.ARCONTROLLER_FEATURE_ControllerInfo_SendBarometer
                0x00047c1c       0x64 /home/ncs/CAPSTONE/out/arsdk-native/build/libARController/obj/gen/Sources/ARCONTROLLER_Feature.c.o
                0x00047c1c                ARCONTROLLER_FEATURE_ControllerInfo_SendBarometer
 .text.ARCONTROLLER_FEATURE_Debug_SendGetAllSettings
                0x00047c80       0x64 /home/ncs/CAPSTONE/out/arsdk-native/build/libARController/obj/gen/Sources/ARCONTROLLER_Feature.c.o
                0x00047c80                ARCONTROLLER_FEATURE_Debug_SendGetAllSettings
 .text.ARCONTROLLER_FEATURE_Debug_SendSetSetting
                0x00047ce4       0x68 /home/ncs/CAPSTONE/out/arsdk-native/build/libARController/obj/gen/Sources/ARCONTROLLER_Feature.c.o
                0x00047ce4                ARCONTROLLER_FEATURE_Debug_SendSetSetting
 .text.ARCONTROLLER_FEATURE_DroneManager_SendDiscoverDrones
                0x00047d4c       0x64 /home/ncs/CAPSTONE/out/arsdk-native/build/libARController/obj/gen/Sources/ARCONTROLLER_Feature.c.o
                0x00047d4c                ARCONTROLLER_FEATURE_DroneManager_SendDiscoverDrones
 .text.ARCONTROLLER_FEATURE_DroneManager_SendConnect
                0x00047db0       0x68 /home/ncs/CAPSTONE/out/arsdk-native/build/libARController/obj/gen/Sources/ARCONTROLLER_Feature.c.o
                0x00047db0                ARCONTROLLER_FEATURE_DroneManager_SendConnect
 .text.ARCONTROLLER_FEATURE_DroneManager_SendForget
                0x00047e18       0x64 /home/ncs/CAPSTONE/out/arsdk-native/build/libARController/obj/gen/Sources/ARCONTROLLER_Feature.c.o
                0x00047e18                ARCONTROLLER_FEATURE_DroneManager_SendForget
 .text.ARCONTROLLER_FEATURE_JumpingSumo_SendPilotingPCMD
                0x00047e7c       0x68 /home/ncs/CAPSTONE/out/arsdk-native/build/libARController/obj/gen/Sources/ARCONTROLLER_Feature.c.o
                0x00047e7c                ARCONTROLLER_FEATURE_JumpingSumo_SendPilotingPCMD
 .text.ARCONTROLLER_FEATURE_JumpingSumo_SendPilotingPosture
                0x00047ee4       0x64 /home/ncs/CAPSTONE/out/arsdk-native/build/libARController/obj/gen/Sources/ARCONTROLLER_Feature.c.o
                0x00047ee4                ARCONTROLLER_FEATURE_JumpingSumo_SendPilotingPosture
 .text.ARCONTROLLER_FEATURE_JumpingSumo_SendPilotingAddCapOffset
                0x00047f48       0x64 /home/ncs/CAPSTONE/out/arsdk-native/build/libARController/obj/gen/Sources/ARCONTROLLER_Feature.c.o
                0x00047f48                ARCONTROLLER_FEATURE_JumpingSumo_SendPilotingAddCapOffset
 .text.ARCONTROLLER_FEATURE_JumpingSumo_SendAnimationsJumpStop
                0x00047fac       0x64 /home/ncs/CAPSTONE/out/arsdk-native/build/libARController/obj/gen/Sources/ARCONTROLLER_Feature.c.o
                0x00047fac                ARCONTROLLER_FEATURE_JumpingSumo_SendAnimationsJumpStop
 .text.ARCONTROLLER_FEATURE_JumpingSumo_SendAnimationsJumpCancel
                0x00048010       0x64 /home/ncs/CAPSTONE/out/arsdk-native/build/libARController/obj/gen/Sources/ARCONTROLLER_Feature.c.o
                0x00048010                ARCONTROLLER_FEATURE_JumpingSumo_SendAnimationsJumpCancel
 .text.ARCONTROLLER_FEATURE_JumpingSumo_SendAnimationsJumpLoad
                0x00048074       0x64 /home/ncs/CAPSTONE/out/arsdk-native/build/libARController/obj/gen/Sources/ARCONTROLLER_Feature.c.o
                0x00048074                ARCONTROLLER_FEATURE_JumpingSumo_SendAnimationsJumpLoad
 .text.ARCONTROLLER_FEATURE_JumpingSumo_SendAnimationsJump
                0x000480d8       0x64 /home/ncs/CAPSTONE/out/arsdk-native/build/libARController/obj/gen/Sources/ARCONTROLLER_Feature.c.o
                0x000480d8                ARCONTROLLER_FEATURE_JumpingSumo_SendAnimationsJump
 .text.ARCONTROLLER_FEATURE_JumpingSumo_SendAnimationsSimpleAnimation
                0x0004813c       0x64 /home/ncs/CAPSTONE/out/arsdk-native/build/libARController/obj/gen/Sources/ARCONTROLLER_Feature.c.o
                0x0004813c                ARCONTROLLER_FEATURE_JumpingSumo_SendAnimationsSimpleAnimation
 .text.ARCONTROLLER_FEATURE_JumpingSumo_SendMediaRecordPicture
                0x000481a0       0x64 /home/ncs/CAPSTONE/out/arsdk-native/build/libARController/obj/gen/Sources/ARCONTROLLER_Feature.c.o
                0x000481a0                ARCONTROLLER_FEATURE_JumpingSumo_SendMediaRecordPicture
 .text.ARCONTROLLER_FEATURE_JumpingSumo_SendMediaRecordVideo
                0x00048204       0x68 /home/ncs/CAPSTONE/out/arsdk-native/build/libARController/obj/gen/Sources/ARCONTROLLER_Feature.c.o
                0x00048204                ARCONTROLLER_FEATURE_JumpingSumo_SendMediaRecordVideo
 .text.ARCONTROLLER_FEATURE_JumpingSumo_SendMediaRecordPictureV2
                0x0004826c       0x64 /home/ncs/CAPSTONE/out/arsdk-native/build/libARController/obj/gen/Sources/ARCONTROLLER_Feature.c.o
                0x0004826c                ARCONTROLLER_FEATURE_JumpingSumo_SendMediaRecordPictureV2
 .text.ARCONTROLLER_FEATURE_JumpingSumo_SendMediaRecordVideoV2
                0x000482d0       0x64 /home/ncs/CAPSTONE/out/arsdk-native/build/libARController/obj/gen/Sources/ARCONTROLLER_Feature.c.o
                0x000482d0                ARCONTROLLER_FEATURE_JumpingSumo_SendMediaRecordVideoV2
 .text.ARCONTROLLER_FEATURE_JumpingSumo_SendNetworkSettingsWifiSelection
                0x00048334       0x68 /home/ncs/CAPSTONE/out/arsdk-native/build/libARController/obj/gen/Sources/ARCONTROLLER_Feature.c.o
                0x00048334                ARCONTROLLER_FEATURE_JumpingSumo_SendNetworkSettingsWifiSelection
 .text.ARCONTROLLER_FEATURE_JumpingSumo_SendNetworkWifiScan
                0x0004839c       0x64 /home/ncs/CAPSTONE/out/arsdk-native/build/libARController/obj/gen/Sources/ARCONTROLLER_Feature.c.o
                0x0004839c                ARCONTROLLER_FEATURE_JumpingSumo_SendNetworkWifiScan
 .text.ARCONTROLLER_FEATURE_JumpingSumo_SendNetworkWifiAuthChannel
                0x00048400       0x64 /home/ncs/CAPSTONE/out/arsdk-native/build/libARController/obj/gen/Sources/ARCONTROLLER_Feature.c.o
                0x00048400                ARCONTROLLER_FEATURE_JumpingSumo_SendNetworkWifiAuthChannel
 .text.ARCONTROLLER_FEATURE_JumpingSumo_SendAudioSettingsMasterVolume
                0x00048464       0x64 /home/ncs/CAPSTONE/out/arsdk-native/build/libARController/obj/gen/Sources/ARCONTROLLER_Feature.c.o
                0x00048464                ARCONTROLLER_FEATURE_JumpingSumo_SendAudioSettingsMasterVolume
 .text.ARCONTROLLER_FEATURE_JumpingSumo_SendAudioSettingsTheme
                0x000484c8       0x64 /home/ncs/CAPSTONE/out/arsdk-native/build/libARController/obj/gen/Sources/ARCONTROLLER_Feature.c.o
                0x000484c8                ARCONTROLLER_FEATURE_JumpingSumo_SendAudioSettingsTheme
 .text.ARCONTROLLER_FEATURE_JumpingSumo_SendRoadPlanAllScriptsMetadata
                0x0004852c       0x64 /home/ncs/CAPSTONE/out/arsdk-native/build/libARController/obj/gen/Sources/ARCONTROLLER_Feature.c.o
                0x0004852c                ARCONTROLLER_FEATURE_JumpingSumo_SendRoadPlanAllScriptsMetadata
 .text.ARCONTROLLER_FEATURE_JumpingSumo_SendRoadPlanScriptUploaded
                0x00048590       0x68 /home/ncs/CAPSTONE/out/arsdk-native/build/libARController/obj/gen/Sources/ARCONTROLLER_Feature.c.o
                0x00048590                ARCONTROLLER_FEATURE_JumpingSumo_SendRoadPlanScriptUploaded
 .text.ARCONTROLLER_FEATURE_JumpingSumo_SendRoadPlanScriptDelete
                0x000485f8       0x64 /home/ncs/CAPSTONE/out/arsdk-native/build/libARController/obj/gen/Sources/ARCONTROLLER_Feature.c.o
                0x000485f8                ARCONTROLLER_FEATURE_JumpingSumo_SendRoadPlanScriptDelete
 .text.ARCONTROLLER_FEATURE_JumpingSumo_SendRoadPlanPlayScript
                0x0004865c       0x64 /home/ncs/CAPSTONE/out/arsdk-native/build/libARController/obj/gen/Sources/ARCONTROLLER_Feature.c.o
                0x0004865c                ARCONTROLLER_FEATURE_JumpingSumo_SendRoadPlanPlayScript
 .text.ARCONTROLLER_FEATURE_JumpingSumo_SendSpeedSettingsOutdoor
                0x000486c0       0x64 /home/ncs/CAPSTONE/out/arsdk-native/build/libARController/obj/gen/Sources/ARCONTROLLER_Feature.c.o
                0x000486c0                ARCONTROLLER_FEATURE_JumpingSumo_SendSpeedSettingsOutdoor
 .text.ARCONTROLLER_FEATURE_JumpingSumo_SendMediaStreamingVideoEnable
                0x00048724       0x64 /home/ncs/CAPSTONE/out/arsdk-native/build/libARController/obj/gen/Sources/ARCONTROLLER_Feature.c.o
                0x00048724                ARCONTROLLER_FEATURE_JumpingSumo_SendMediaStreamingVideoEnable
 .text.ARCONTROLLER_FEATURE_JumpingSumo_SendVideoSettingsAutorecord
                0x00048788       0x64 /home/ncs/CAPSTONE/out/arsdk-native/build/libARController/obj/gen/Sources/ARCONTROLLER_Feature.c.o
                0x00048788                ARCONTROLLER_FEATURE_JumpingSumo_SendVideoSettingsAutorecord
 .text.ARCONTROLLER_FEATURE_Mapper_SendGrab
                0x000487ec       0x68 /home/ncs/CAPSTONE/out/arsdk-native/build/libARController/obj/gen/Sources/ARCONTROLLER_Feature.c.o
                0x000487ec                ARCONTROLLER_FEATURE_Mapper_SendGrab
 .text.ARCONTROLLER_FEATURE_Mapper_SendMapButtonAction
                0x00048854       0x68 /home/ncs/CAPSTONE/out/arsdk-native/build/libARController/obj/gen/Sources/ARCONTROLLER_Feature.c.o
                0x00048854                ARCONTROLLER_FEATURE_Mapper_SendMapButtonAction
 .text.ARCONTROLLER_FEATURE_Mapper_SendMapAxisAction
                0x000488bc       0x6c /home/ncs/CAPSTONE/out/arsdk-native/build/libARController/obj/gen/Sources/ARCONTROLLER_Feature.c.o
                0x000488bc                ARCONTROLLER_FEATURE_Mapper_SendMapAxisAction
 .text.ARCONTROLLER_FEATURE_Mapper_SendResetMapping
                0x00048928       0x64 /home/ncs/CAPSTONE/out/arsdk-native/build/libARController/obj/gen/Sources/ARCONTROLLER_Feature.c.o
                0x00048928                ARCONTROLLER_FEATURE_Mapper_SendResetMapping
 .text.ARCONTROLLER_FEATURE_Mapper_SendSetExpo
                0x0004898c       0x68 /home/ncs/CAPSTONE/out/arsdk-native/build/libARController/obj/gen/Sources/ARCONTROLLER_Feature.c.o
                0x0004898c                ARCONTROLLER_FEATURE_Mapper_SendSetExpo
 .text.ARCONTROLLER_FEATURE_Mapper_SendSetInverted
                0x000489f4       0x68 /home/ncs/CAPSTONE/out/arsdk-native/build/libARController/obj/gen/Sources/ARCONTROLLER_Feature.c.o
                0x000489f4                ARCONTROLLER_FEATURE_Mapper_SendSetInverted
 .text.ARCONTROLLER_FEATURE_MiniDrone_SendPilotingFlatTrim
                0x00048a5c       0x64 /home/ncs/CAPSTONE/out/arsdk-native/build/libARController/obj/gen/Sources/ARCONTROLLER_Feature.c.o
                0x00048a5c                ARCONTROLLER_FEATURE_MiniDrone_SendPilotingFlatTrim
 .text.ARCONTROLLER_FEATURE_MiniDrone_SendPilotingTakeOff
                0x00048ac0       0x64 /home/ncs/CAPSTONE/out/arsdk-native/build/libARController/obj/gen/Sources/ARCONTROLLER_Feature.c.o
                0x00048ac0                ARCONTROLLER_FEATURE_MiniDrone_SendPilotingTakeOff
 .text.ARCONTROLLER_FEATURE_MiniDrone_SendPilotingPCMD
                0x00048b24       0x7c /home/ncs/CAPSTONE/out/arsdk-native/build/libARController/obj/gen/Sources/ARCONTROLLER_Feature.c.o
                0x00048b24                ARCONTROLLER_FEATURE_MiniDrone_SendPilotingPCMD
 .text.ARCONTROLLER_FEATURE_MiniDrone_SendPilotingLanding
                0x00048ba0       0x64 /home/ncs/CAPSTONE/out/arsdk-native/build/libARController/obj/gen/Sources/ARCONTROLLER_Feature.c.o
                0x00048ba0                ARCONTROLLER_FEATURE_MiniDrone_SendPilotingLanding