Archive member included to satisfy reference by file (symbol)

/usr/lib/arm-linux-gnueabihf/libc_nonshared.a(elf-init.oS)
                              /usr/lib/gcc/arm-linux-gnueabihf/5/../../../arm-linux-gnueabihf/crt1.o (__libc_csu_init)

As-needed library included to satisfy reference by file (symbol)

libarsal.so                   /home/ncs/CAPSTONE/out/arsdk-native/build/BebopPilotingNewAPI/obj/BebopPiloting.c.o (ARSAL_Time_GetLocalTime)
libarcontroller.so            /home/ncs/CAPSTONE/out/arsdk-native/build/BebopPilotingNewAPI/obj/BebopPiloting.c.o (ARCONTROLLER_Device_GetState)
libardiscovery.so             /home/ncs/CAPSTONE/out/arsdk-native/build/BebopPilotingNewAPI/obj/BebopPiloting.c.o (ARDISCOVERY_Device_New)
libncurses.so.5               /home/ncs/CAPSTONE/out/arsdk-native/build/BebopPilotingNewAPI/obj/ihm.c.o (delwin@@NCURSES_5.0.19991023)
libtinfo.so.5                 /home/ncs/CAPSTONE/out/arsdk-native/build/BebopPilotingNewAPI/obj/ihm.c.o (wtimeout@@NCURSES_TINFO_5.0.19991023)
libgcc_s.so.1                 /home/ncs/CAPSTONE/out/arsdk-native/build/BebopPilotingNewAPI/obj/BebopPiloting.c.o (__aeabi_idiv@@GCC_3.5)
libpthread.so.0               /home/ncs/CAPSTONE/out/arsdk-native/build/BebopPilotingNewAPI/obj/BebopPiloting.c.o (sigaction@@GLIBC_2.4)
libc.so.6                     /home/ncs/CAPSTONE/out/arsdk-native/build/BebopPilotingNewAPI/obj/BebopPiloting.c.o (mkdtemp@@GLIBC_2.4)
ld-linux-armhf.so.3           /home/ncs/CAPSTONE/out/arsdk-native/build/BebopPilotingNewAPI/obj/ihm.c.o (__stack_chk_guard@@GLIBC_2.4)

Allocating common symbols
Common symbol       size              file

stateSem            0x4               /home/ncs/CAPSTONE/out/arsdk-native/build/BebopPilotingNewAPI/obj/BebopPiloting.c.o
gErrorStr           0x800             /home/ncs/CAPSTONE/out/arsdk-native/build/BebopPilotingNewAPI/obj/BebopPiloting.c.o

Discarded input sections

 .rodata.cst4   0x00000000        0x4 /usr/lib/gcc/arm-linux-gnueabihf/5/../../../arm-linux-gnueabihf/crt1.o
 .ARM.extab     0x00000000        0x0 /usr/lib/gcc/arm-linux-gnueabihf/5/../../../arm-linux-gnueabihf/crt1.o
 .data          0x00000000        0x4 /usr/lib/gcc/arm-linux-gnueabihf/5/../../../arm-linux-gnueabihf/crt1.o
 .bss           0x00000000        0x0 /usr/lib/gcc/arm-linux-gnueabihf/5/../../../arm-linux-gnueabihf/crt1.o
 .note.GNU-stack
                0x00000000        0x0 /usr/lib/gcc/arm-linux-gnueabihf/5/../../../arm-linux-gnueabihf/crt1.o
 .data          0x00000000        0x0 /usr/lib/gcc/arm-linux-gnueabihf/5/../../../arm-linux-gnueabihf/crti.o
 .bss           0x00000000        0x0 /usr/lib/gcc/arm-linux-gnueabihf/5/../../../arm-linux-gnueabihf/crti.o
 .note.GNU-stack
                0x00000000        0x0 /usr/lib/gcc/arm-linux-gnueabihf/5/../../../arm-linux-gnueabihf/crti.o
 .data          0x00000000        0x4 /usr/lib/gcc/arm-linux-gnueabihf/5/crtbegin.o
 .note.GNU-stack
                0x00000000        0x0 /usr/lib/gcc/arm-linux-gnueabihf/5/crtbegin.o
 .text          0x00000000        0x0 /home/ncs/CAPSTONE/out/arsdk-native/build/BebopPilotingNewAPI/obj/ihm.c.o
 .data          0x00000000        0x0 /home/ncs/CAPSTONE/out/arsdk-native/build/BebopPilotingNewAPI/obj/ihm.c.o
 .bss           0x00000000        0x0 /home/ncs/CAPSTONE/out/arsdk-native/build/BebopPilotingNewAPI/obj/ihm.c.o
 .note.GNU-stack
                0x00000000        0x0 /home/ncs/CAPSTONE/out/arsdk-native/build/BebopPilotingNewAPI/obj/ihm.c.o
 .text          0x00000000        0x0 /home/ncs/CAPSTONE/out/arsdk-native/build/BebopPilotingNewAPI/obj/BebopPiloting.c.o
 .note.GNU-stack
                0x00000000        0x0 /home/ncs/CAPSTONE/out/arsdk-native/build/BebopPilotingNewAPI/obj/BebopPiloting.c.o
 .data          0x00000000        0x0 /usr/lib/arm-linux-gnueabihf/libc_nonshared.a(elf-init.oS)
 .bss           0x00000000        0x0 /usr/lib/arm-linux-gnueabihf/libc_nonshared.a(elf-init.oS)
 .note.GNU-stack
                0x00000000        0x0 /usr/lib/arm-linux-gnueabihf/libc_nonshared.a(elf-init.oS)
 .text          0x00000000        0x0 /usr/lib/gcc/arm-linux-gnueabihf/5/crtend.o
 .data          0x00000000        0x0 /usr/lib/gcc/arm-linux-gnueabihf/5/crtend.o
 .bss           0x00000000        0x0 /usr/lib/gcc/arm-linux-gnueabihf/5/crtend.o
 .note.GNU-stack
                0x00000000        0x0 /usr/lib/gcc/arm-linux-gnueabihf/5/crtend.o
 .text          0x00000000        0x0 /usr/lib/gcc/arm-linux-gnueabihf/5/../../../arm-linux-gnueabihf/crtn.o
 .data          0x00000000        0x0 /usr/lib/gcc/arm-linux-gnueabihf/5/../../../arm-linux-gnueabihf/crtn.o
 .bss           0x00000000        0x0 /usr/lib/gcc/arm-linux-gnueabihf/5/../../../arm-linux-gnueabihf/crtn.o
 .note.GNU-stack
                0x00000000        0x0 /usr/lib/gcc/arm-linux-gnueabihf/5/../../../arm-linux-gnueabihf/crtn.o

Memory Configuration

Name             Origin             Length             Attributes
*default*        0x00000000         0xffffffff

Linker script and memory map

LOAD /usr/lib/gcc/arm-linux-gnueabihf/5/../../../arm-linux-gnueabihf/crt1.o
LOAD /usr/lib/gcc/arm-linux-gnueabihf/5/../../../arm-linux-gnueabihf/crti.o
LOAD /usr/lib/gcc/arm-linux-gnueabihf/5/crtbegin.o
LOAD /home/ncs/CAPSTONE/out/arsdk-native/build/BebopPilotingNewAPI/obj/ihm.c.o
LOAD /home/ncs/CAPSTONE/out/arsdk-native/build/BebopPilotingNewAPI/obj/BebopPiloting.c.o
LOAD /home/ncs/CAPSTONE/out/arsdk-native/staging/usr/lib/libarsal.so
LOAD /home/ncs/CAPSTONE/out/arsdk-native/staging/usr/lib/libarcontroller.so
LOAD /home/ncs/CAPSTONE/out/arsdk-native/staging/usr/lib/libardatatransfer.so
LOAD /home/ncs/CAPSTONE/out/arsdk-native/staging/usr/lib/libarutils.so
LOAD /home/ncs/CAPSTONE/out/arsdk-native/staging/usr/lib/libarcommands.so
LOAD /home/ncs/CAPSTONE/out/arsdk-native/staging/usr/lib/libarnetwork.so
LOAD /home/ncs/CAPSTONE/out/arsdk-native/staging/usr/lib/libarnetworkal.so
LOAD /home/ncs/CAPSTONE/out/arsdk-native/staging/usr/lib/libardiscovery.so
LOAD /home/ncs/CAPSTONE/out/arsdk-native/staging/usr/lib/libarstream.so
LOAD /home/ncs/CAPSTONE/out/arsdk-native/staging/usr/lib/libarstream2.so
LOAD /usr/lib/gcc/arm-linux-gnueabihf/5/../../../arm-linux-gnueabihf/libncurses.so
LOAD /lib/arm-linux-gnueabihf/libncurses.so.5
LOAD /usr/lib/gcc/arm-linux-gnueabihf/5/../../../arm-linux-gnueabihf/libtinfo.so
LOAD /usr/lib/gcc/arm-linux-gnueabihf/5/../../../arm-linux-gnueabihf/librt.so
LOAD /usr/lib/gcc/arm-linux-gnueabihf/5/libstdc++.so
LOAD /usr/lib/gcc/arm-linux-gnueabihf/5/../../../arm-linux-gnueabihf/libm.so
LOAD /usr/lib/gcc/arm-linux-gnueabihf/5/libgcc_s.so
START GROUP
LOAD /usr/lib/gcc/arm-linux-gnueabihf/5/libgcc_s.so.1
LOAD /usr/lib/gcc/arm-linux-gnueabihf/5/libgcc.a
END GROUP
LOAD /usr/lib/gcc/arm-linux-gnueabihf/5/libgcc.a
LOAD /usr/lib/gcc/arm-linux-gnueabihf/5/../../../arm-linux-gnueabihf/libpthread.so
START GROUP
LOAD /lib/arm-linux-gnueabihf/libpthread.so.0
LOAD /usr/lib/arm-linux-gnueabihf/libpthread_nonshared.a
END GROUP
LOAD /usr/lib/gcc/arm-linux-gnueabihf/5/../../../arm-linux-gnueabihf/libc.so
START GROUP
LOAD /lib/arm-linux-gnueabihf/libc.so.6
LOAD /usr/lib/arm-linux-gnueabihf/libc_nonshared.a
LOAD /lib/arm-linux-gnueabihf/ld-linux-armhf.so.3
END GROUP
LOAD /usr/lib/gcc/arm-linux-gnueabihf/5/libgcc_s.so
START GROUP
LOAD /usr/lib/gcc/arm-linux-gnueabihf/5/libgcc_s.so.1
LOAD /usr/lib/gcc/arm-linux-gnueabihf/5/libgcc.a
END GROUP
LOAD /usr/lib/gcc/arm-linux-gnueabihf/5/libgcc.a
LOAD /usr/lib/gcc/arm-linux-gnueabihf/5/crtend.o
LOAD /usr/lib/gcc/arm-linux-gnueabihf/5/../../../arm-linux-gnueabihf/crtn.o
                [!provide]                PROVIDE (__executable_start, 0x10000)
                0x00010154                . = (0x10000 + SIZEOF_HEADERS)

.interp         0x00010154       0x19
 *(.interp)
 .interp        0x00010154       0x19 /usr/lib/gcc/arm-linux-gnueabihf/5/../../../arm-linux-gnueabihf/crt1.o

.note.ABI-tag   0x00010170       0x20
 .note.ABI-tag  0x00010170       0x20 /usr/lib/gcc/arm-linux-gnueabihf/5/../../../arm-linux-gnueabihf/crt1.o

.note.gnu.build-id
                0x00010190       0x24
 *(.note.gnu.build-id)
 .note.gnu.build-id
                0x00010190       0x24 linker stubs

.hash
 *(.hash)

.gnu.hash       0x000101b4      0x298
 *(.gnu.hash)
 .gnu.hash      0x000101b4      0x298 /usr/lib/gcc/arm-linux-gnueabihf/5/../../../arm-linux-gnueabihf/crt1.o

.dynsym         0x0001044c      0x600
 *(.dynsym)
 .dynsym        0x0001044c      0x600 /usr/lib/gcc/arm-linux-gnueabihf/5/../../../arm-linux-gnueabihf/crt1.o

.dynstr         0x00010a4c      0x6e2
 *(.dynstr)
 .dynstr        0x00010a4c      0x6e2 /usr/lib/gcc/arm-linux-gnueabihf/5/../../../arm-linux-gnueabihf/crt1.o

.gnu.version    0x0001112e       0xc0
 *(.gnu.version)
 .gnu.version   0x0001112e       0xc0 /usr/lib/gcc/arm-linux-gnueabihf/5/../../../arm-linux-gnueabihf/crt1.o

.gnu.version_d  0x000111f0        0x0
 *(.gnu.version_d)
 .gnu.version_d
                0x000111f0        0x0 /usr/lib/gcc/arm-linux-gnueabihf/5/../../../arm-linux-gnueabihf/crt1.o

.gnu.version_r  0x000111f0       0xd0
 *(.gnu.version_r)
 .gnu.version_r
                0x000111f0       0xd0 /usr/lib/gcc/arm-linux-gnueabihf/5/../../../arm-linux-gnueabihf/crt1.o

.rel.dyn        0x000112c0       0x30
 *(.rel.init)
 *(.rel.text .rel.text.* .rel.gnu.linkonce.t.*)
 *(.rel.fini)
 *(.rel.rodata .rel.rodata.* .rel.gnu.linkonce.r.*)
 *(.rel.data.rel.ro .rel.data.rel.ro.* .rel.gnu.linkonce.d.rel.ro.*)
 *(.rel.data .rel.data.* .rel.gnu.linkonce.d.*)
 *(.rel.tdata .rel.tdata.* .rel.gnu.linkonce.td.*)
 *(.rel.tbss .rel.tbss.* .rel.gnu.linkonce.tb.*)
 *(.rel.ctors)
 *(.rel.dtors)
 *(.rel.got)
 .rel.got       0x000112c0       0x30 /usr/lib/gcc/arm-linux-gnueabihf/5/../../../arm-linux-gnueabihf/crt1.o
 *(.rel.bss .rel.bss.* .rel.gnu.linkonce.b.*)
 .rel.bss       0x000112f0        0x0 /usr/lib/gcc/arm-linux-gnueabihf/5/../../../arm-linux-gnueabihf/crt1.o
                [!provide]                PROVIDE (__rel_iplt_start, .)
 *(.rel.iplt)
 .rel.iplt      0x000112f0        0x0 /usr/lib/gcc/arm-linux-gnueabihf/5/../../../arm-linux-gnueabihf/crt1.o
                [!provide]                PROVIDE (__rel_iplt_end, .)

.rela.dyn       0x000112f0        0x0
 *(.rela.init)
 *(.rela.text .rela.text.* .rela.gnu.linkonce.t.*)
 *(.rela.fini)
 *(.rela.rodata .rela.rodata.* .rela.gnu.linkonce.r.*)
 *(.rela.data .rela.data.* .rela.gnu.linkonce.d.*)
 *(.rela.tdata .rela.tdata.* .rela.gnu.linkonce.td.*)
 *(.rela.tbss .rela.tbss.* .rela.gnu.linkonce.tb.*)
 *(.rela.ctors)
 *(.rela.dtors)
 *(.rela.got)
 *(.rela.bss .rela.bss.* .rela.gnu.linkonce.b.*)
                [!provide]                PROVIDE (__rela_iplt_start, .)
 *(.rela.iplt)
                [!provide]                PROVIDE (__rela_iplt_end, .)

.rel.plt        0x000112f0      0x208
 *(.rel.plt)
 .rel.plt       0x000112f0      0x208 /usr/lib/gcc/arm-linux-gnueabihf/5/../../../arm-linux-gnueabihf/crt1.o

.rela.plt
 *(.rela.plt)

.init           0x000114f8        0xc
 *(SORT(.init))
 .init          0x000114f8        0x8 /usr/lib/gcc/arm-linux-gnueabihf/5/../../../arm-linux-gnueabihf/crti.o
                0x000114f8                _init
 .init          0x00011500        0x4 /usr/lib/gcc/arm-linux-gnueabihf/5/../../../arm-linux-gnueabihf/crtn.o

.plt            0x00011504      0x324
 *(.plt)
 .plt           0x00011504      0x324 /usr/lib/gcc/arm-linux-gnueabihf/5/../../../arm-linux-gnueabihf/crt1.o
                0x00011518                ARSAL_Sem_Init
                0x00011524                strerror@@GLIBC_2.4
                0x00011530                noecho@@NCURSES_5.0.19991023
                0x0001153c                abort@@GLIBC_2.4
                0x00011548                memcmp@@GLIBC_2.4
                0x00011554                __libc_start_main@@GLIBC_2.4
                0x00011560                ARSAL_Thread_Join
                0x0001156c                ARSAL_Thread_Destroy
                0x00011584                ARDISCOVERY_Device_New
                0x00011590                fclose@@GLIBC_2.4
                0x0001159c                delwin@@NCURSES_5.0.19991023
                0x000115a8                ARCONTROLLER_Error_ToString
                0x000115b4                ARCONTROLLER_Device_Delete
                0x000115c0                ARSAL_Print_PrintRaw
                0x000115cc                fopen@@GLIBC_2.4
                0x000115d8                memset@@GLIBC_2.4
                0x000115e4                keypad@@NCURSES_TINFO_5.0.19991023
                0x000115f0                ARCONTROLLER_Device_GetState
                0x000115fc                endwin@@NCURSES_5.0.19991023
                0x00011608                execlp@@GLIBC_2.4
                0x00011614                usleep@@GLIBC_2.4
                0x00011620                ARCONTROLLER_Device_New
                0x0001162c                free@@GLIBC_2.4
                0x00011638                raw@@NCURSES_TINFO_5.0.19991023
                0x00011644                ARDISCOVERY_Device_InitWifi
                0x00011650                fflush@@GLIBC_2.4
                0x0001165c                ARCONTROLLER_Device_Start
                0x00011668                strlen@@GLIBC_2.4
                0x00011674                unlink@@GLIBC_2.4
                0x00011680                ARSAL_Sem_Destroy
                0x0001168c                __vsnprintf_chk@@GLIBC_2.4
                0x00011698                mkfifo@@GLIBC_2.4
                0x000116a4                ARSAL_Print_SetCallback
                0x000116b0                __snprintf_chk@@GLIBC_2.4
                0x000116bc                wmove@@NCURSES_5.0.19991023
                0x000116cc                mvprintw@@NCURSES_5.0.19991023
                0x000116d8                wclrtoeol@@NCURSES_5.0.19991023
                0x000116e4                ARSAL_Sem_Wait
                0x000116f0                fwrite@@GLIBC_2.4
                0x000116fc                wrefresh@@NCURSES_5.0.19991023
                0x00011708                ARDISCOVERY_Device_Delete
                0x00011714                malloc@@GLIBC_2.4
                0x00011720                __stack_chk_fail@@GLIBC_2.4
                0x0001172c                sigaction@@GLIBC_2.4
                0x00011738                wgetch@@NCURSES_5.0.19991023
                0x00011744                ARCONTROLLER_Device_AddCommandReceivedCallback
                0x00011750                rmdir@@GLIBC_2.4
                0x0001175c                ARSAL_Sem_Post
                0x00011768                __isoc99_scanf@@GLIBC_2.7
                0x00011774                strftime@@GLIBC_2.4
                0x00011780                ARCONTROLLER_Device_Stop
                0x0001178c                fork@@GLIBC_2.4
                0x00011798                __aeabi_idiv@@GCC_3.5
                0x000117a4                ARSAL_Thread_Create
                0x000117b0                ARDISCOVERY_Error_ToString
                0x000117bc                wtimeout@@NCURSES_TINFO_5.0.19991023
                0x000117c8                kill@@GLIBC_2.4
                0x000117d4                ARSAL_Time_GetLocalTime
                0x000117e0                initscr@@NCURSES_5.0.19991023
                0x000117ec                ARCONTROLLER_Device_SetVideoStreamCallbacks
                0x000117f8                strcmp@@GLIBC_2.4
                0x00011804                ARCONTROLLER_Device_AddStateChangedCallback
                0x00011810                __errno_location@@GLIBC_2.4
                0x0001181c                mkdtemp@@GLIBC_2.4

.iplt           0x00011828        0x0
 *(.iplt)
 .iplt          0x00011828        0x0 /usr/lib/gcc/arm-linux-gnueabihf/5/../../../arm-linux-gnueabihf/crt1.o

.text           0x00011828     0x1d54
 *(.text.unlikely .text.*_unlikely .text.unlikely.*)
 *(.text.exit .text.exit.*)
 *(.text.startup .text.startup.*)
 .text.startup.main
                0x00011828      0xbdc /home/ncs/CAPSTONE/out/arsdk-native/build/BebopPilotingNewAPI/obj/BebopPiloting.c.o
                0x00011828                main
 *(.text.hot .text.hot.*)
 *(.text .stub .text.* .gnu.linkonce.t.*)
 .text          0x00012404       0x30 /usr/lib/gcc/arm-linux-gnueabihf/5/../../../arm-linux-gnueabihf/crt1.o
                0x00012404                _start
 .text          0x00012434       0x24 /usr/lib/gcc/arm-linux-gnueabihf/5/../../../arm-linux-gnueabihf/crti.o
 .text          0x00012458       0x8c /usr/lib/gcc/arm-linux-gnueabihf/5/crtbegin.o
 .text.IHM_InputProcessing
                0x000124e4       0xe4 /home/ncs/CAPSTONE/out/arsdk-native/build/BebopPilotingNewAPI/obj/ihm.c.o
                0x000124e4                IHM_InputProcessing
 .text.IHM_Delete
                0x000125c8       0x58 /home/ncs/CAPSTONE/out/arsdk-native/build/BebopPilotingNewAPI/obj/ihm.c.o
                0x000125c8                IHM_Delete
 .text.IHM_New  0x00012620       0xa0 /home/ncs/CAPSTONE/out/arsdk-native/build/BebopPilotingNewAPI/obj/ihm.c.o
                0x00012620                IHM_New
 .text.IHM_setCustomData
                0x000126c0        0x6 /home/ncs/CAPSTONE/out/arsdk-native/build/BebopPilotingNewAPI/obj/ihm.c.o
                0x000126c0                IHM_setCustomData
 *fill*         0x000126c6        0x2 
 .text.IHM_PrintHeader
                0x000126c8       0x38 /home/ncs/CAPSTONE/out/arsdk-native/build/BebopPilotingNewAPI/obj/ihm.c.o
                0x000126c8                IHM_PrintHeader
 .text.IHM_PrintInfo
                0x00012700       0x38 /home/ncs/CAPSTONE/out/arsdk-native/build/BebopPilotingNewAPI/obj/ihm.c.o
                0x00012700                IHM_PrintInfo
 .text.IHM_PrintBattery
                0x00012738       0x40 /home/ncs/CAPSTONE/out/arsdk-native/build/BebopPilotingNewAPI/obj/ihm.c.o
                0x00012738                IHM_PrintBattery
 .text.signal_handler
                0x00012778       0x18 /home/ncs/CAPSTONE/out/arsdk-native/build/BebopPilotingNewAPI/obj/BebopPiloting.c.o
 .text.onInputEvent
                0x00012790       0xfc /home/ncs/CAPSTONE/out/arsdk-native/build/BebopPilotingNewAPI/obj/BebopPiloting.c.o
                0x00012790                onInputEvent
 .text.didReceiveFrameCallback
                0x0001288c       0xec /home/ncs/CAPSTONE/out/arsdk-native/build/BebopPilotingNewAPI/obj/BebopPiloting.c.o
                0x0001288c                didReceiveFrameCallback
 .text.customPrintCallback
                0x00012978       0x50 /home/ncs/CAPSTONE/out/arsdk-native/build/BebopPilotingNewAPI/obj/BebopPiloting.c.o
                0x00012978                customPrintCallback
 .text.stateChanged
                0x000129c8       0xb0 /home/ncs/CAPSTONE/out/arsdk-native/build/BebopPilotingNewAPI/obj/BebopPiloting.c.o
                0x000129c8                stateChanged
 .text.decoderConfigCallback
                0x00012a78       0xc0 /home/ncs/CAPSTONE/out/arsdk-native/build/BebopPilotingNewAPI/obj/BebopPiloting.c.o
                0x00012a78                decoderConfigCallback
 .text.batteryStateChanged
                0x00012b38       0x1c /home/ncs/CAPSTONE/out/arsdk-native/build/BebopPilotingNewAPI/obj/BebopPiloting.c.o
                0x00012b38                batteryStateChanged
 .text.commandReceived
                0x00012b54      0x9e8 /home/ncs/CAPSTONE/out/arsdk-native/build/BebopPilotingNewAPI/obj/BebopPiloting.c.o
                0x00012b54                commandReceived
 .text          0x0001353c       0x40 /usr/lib/arm-linux-gnueabihf/libc_nonshared.a(elf-init.oS)
                0x0001353c                __libc_csu_init
                0x00013578                __libc_csu_fini
 *(.gnu.warning)
 *(.glue_7t)
 .glue_7t       0x0001357c        0x0 linker stubs
 *(.glue_7)
 .glue_7        0x0001357c        0x0 linker stubs
 *(.vfp11_veneer)
 .vfp11_veneer  0x0001357c        0x0 linker stubs
 *(.v4_bx)
 .v4_bx         0x0001357c        0x0 linker stubs

.fini           0x0001357c        0x8
 *(SORT(.fini))
 .fini          0x0001357c        0x4 /usr/lib/gcc/arm-linux-gnueabihf/5/../../../arm-linux-gnueabihf/crti.o
                0x0001357c                _fini
 .fini          0x00013580        0x4 /usr/lib/gcc/arm-linux-gnueabihf/5/../../../arm-linux-gnueabihf/crtn.o
                [!provide]                PROVIDE (__etext, .)
                [!provide]                PROVIDE (_etext, .)
                [!provide]                PROVIDE (etext, .)

.rodata         0x00013584      0x7f5
 *(.rodata .rodata.* .gnu.linkonce.r.*)
 .rodata.str1.1
                0x00013584        0xc /home/ncs/CAPSTONE/out/arsdk-native/build/BebopPilotingNewAPI/obj/ihm.c.o
 .rodata        0x00013590       0x50 /home/ncs/CAPSTONE/out/arsdk-native/build/BebopPilotingNewAPI/obj/BebopPiloting.c.o
 .rodata.str1.1
                0x000135e0      0x799 /home/ncs/CAPSTONE/out/arsdk-native/build/BebopPilotingNewAPI/obj/BebopPiloting.c.o
                                0x79a (size before relaxing)

.rodata1
 *(.rodata1)

.ARM.extab
 *(.ARM.extab* .gnu.linkonce.armextab.*)
                [!provide]                PROVIDE (__exidx_start, .)

.ARM.exidx      0x00013d7c        0x8
 *(.ARM.exidx* .gnu.linkonce.armexidx.*)
 .ARM.exidx     0x00013d7c        0x8 /usr/lib/gcc/arm-linux-gnueabihf/5/../../../arm-linux-gnueabihf/crt1.o
                [!provide]                PROVIDE (__exidx_end, .)

.eh_frame_hdr
 *(.eh_frame_hdr)
 *(.eh_frame_entry .eh_frame_entry.*)

.eh_frame       0x00013d84        0x4
 *(.eh_frame)
 .eh_frame      0x00013d84        0x4 /usr/lib/gcc/arm-linux-gnueabihf/5/crtend.o
 *(.eh_frame.*)

.gcc_except_table
 *(.gcc_except_table .gcc_except_table.*)

.gnu_extab
 *(.gnu_extab*)

.exception_ranges
 *(.exception_ranges .exception_ranges*)
                0x00023ecc                . = DATA_SEGMENT_ALIGN (0x10000, 0x1000)

.eh_frame
 *(.eh_frame)
 *(.eh_frame.*)

.gnu_extab
 *(.gnu_extab)

.gcc_except_table
 *(.gcc_except_table .gcc_except_table.*)

.exception_ranges
 *(.exception_ranges .exception_ranges*)

.tdata
 *(.tdata .tdata.* .gnu.linkonce.td.*)

.tbss
 *(.tbss .tbss.* .gnu.linkonce.tb.*)
 *(.tcommon)

.preinit_array  0x00023ecc        0x0
                [!provide]                PROVIDE (__preinit_array_start, .)
 *(.preinit_array)
                [!provide]                PROVIDE (__preinit_array_end, .)

.init_array     0x00023ecc        0x4
                0x00023ecc                PROVIDE (__init_array_start, .)
 *(SORT(.init_array.*) SORT(.ctors.*))
 *(.init_array EXCLUDE_FILE(*crtend?.o *crtend.o *crtbegin?.o *crtbegin.o) .ctors)
 .init_array    0x00023ecc        0x4 /usr/lib/gcc/arm-linux-gnueabihf/5/crtbegin.o
                0x00023ed0                PROVIDE (__init_array_end, .)

.fini_array     0x00023ed0        0x4
                [!provide]                PROVIDE (__fini_array_start, .)
 *(SORT(.fini_array.*) SORT(.dtors.*))
 *(.fini_array EXCLUDE_FILE(*crtend?.o *crtend.o *crtbegin?.o *crtbegin.o) .dtors)
 .fini_array    0x00023ed0        0x4 /usr/lib/gcc/arm-linux-gnueabihf/5/crtbegin.o
                [!provide]                PROVIDE (__fini_array_end, .)

.ctors
 *crtbegin.o(.ctors)
 *crtbegin?.o(.ctors)
 *(EXCLUDE_FILE(*crtend?.o *crtend.o) .ctors)
 *(SORT(.ctors.*))
 *(.ctors)

.dtors
 *crtbegin.o(.dtors)
 *crtbegin?.o(.dtors)
 *(EXCLUDE_FILE(*crtend?.o *crtend.o) .dtors)
 *(SORT(.dtors.*))
 *(.dtors)

.jcr            0x00023ed4        0x4
 *(.jcr)
 .jcr           0x00023ed4        0x0 /usr/lib/gcc/arm-linux-gnueabihf/5/crtbegin.o
 .jcr           0x00023ed4        0x4 /usr/lib/gcc/arm-linux-gnueabihf/5/crtend.o

.data.rel.ro
 *(.data.rel.ro.local* .gnu.linkonce.d.rel.ro.local.*)
 *(.data.rel.ro .data.rel.ro.* .gnu.linkonce.d.rel.ro.*)

.dynamic        0x00023ed8      0x128
 *(.dynamic)
 .dynamic       0x00023ed8      0x128 /usr/lib/gcc/arm-linux-gnueabihf/5/../../../arm-linux-gnueabihf/crt1.o
                0x00023ed8                _DYNAMIC
                0x00024000                . = DATA_SEGMENT_RELRO_END (., 0x0)

.got            0x00024000      0x15c
 *(.got.plt)
 .got.plt       0x00024000      0x110 /usr/lib/gcc/arm-linux-gnueabihf/5/../../../arm-linux-gnueabihf/crt1.o
                0x00024000                _GLOBAL_OFFSET_TABLE_
 *(.igot.plt)
 .igot.plt      0x00024110        0x0 /usr/lib/gcc/arm-linux-gnueabihf/5/../../../arm-linux-gnueabihf/crt1.o
 *(.got)
 .got           0x00024110       0x4c /usr/lib/gcc/arm-linux-gnueabihf/5/../../../arm-linux-gnueabihf/crt1.o
 *(.igot)

.data           0x0002415c       0x18
                [!provide]                PROVIDE (__data_start, .)
 *(.data .data.* .gnu.linkonce.d.*)
 .data          0x0002415c       0x18 /home/ncs/CAPSTONE/out/arsdk-native/build/BebopPilotingNewAPI/obj/BebopPiloting.c.o
                0x00024170                gIHMRun

.tm_clone_table
                0x00024174        0x0
 .tm_clone_table
                0x00024174        0x0 /usr/lib/gcc/arm-linux-gnueabihf/5/crtbegin.o
 .tm_clone_table
                0x00024174        0x0 /usr/lib/gcc/arm-linux-gnueabihf/5/crtend.o

.data1
 *(.data1)
                0x00024174                _edata = .
                [!provide]                PROVIDE (edata, .)
                0x00024174                . = .
                0x00024174                __bss_start = .
                0x00024174                __bss_start__ = .

.bss            0x00024174      0x898
 *(.dynbss)
 .dynbss        0x00024174        0x0 /usr/lib/gcc/arm-linux-gnueabihf/5/../../../arm-linux-gnueabihf/crt1.o
 *(.bss .bss.* .gnu.linkonce.b.*)
 .bss           0x00024174        0x1 /usr/lib/gcc/arm-linux-gnueabihf/5/crtbegin.o
 *fill*         0x00024175        0x3 
 .bss           0x00024178       0x90 /home/ncs/CAPSTONE/out/arsdk-native/build/BebopPilotingNewAPI/obj/BebopPiloting.c.o
                0x000241f8                isBebop2
                0x000241fc                frameNb
                0x00024200                videoOut
                0x00024204                ihm
 *(COMMON)
 COMMON         0x00024208      0x804 /home/ncs/CAPSTONE/out/arsdk-native/build/BebopPilotingNewAPI/obj/BebopPiloting.c.o
                0x00024208                stateSem
                0x0002420c                gErrorStr
                0x00024a0c                . = ALIGN ((. != 0x0)?0x4:0x1)
                0x00024a0c                _bss_end__ = .
                0x00024a0c                __bss_end__ = .
                0x00024a0c                . = ALIGN (0x4)
                0x00024a0c                . = SEGMENT_START ("ldata-segment", .)
                0x00024a0c                . = ALIGN (0x4)
                0x00024a0c                __end__ = .
                0x00024a0c                _end = .
                [!provide]                PROVIDE (end, .)
                0x00024a0c                . = DATA_SEGMENT_END (.)

.stab
 *(.stab)

.stabstr
 *(.stabstr)

.stab.excl
 *(.stab.excl)

.stab.exclstr
 *(.stab.exclstr)

.stab.index
 *(.stab.index)

.stab.indexstr
 *(.stab.indexstr)

.comment        0x00000000       0x3b
 *(.comment)
 .comment       0x00000000       0x3b /usr/lib/gcc/arm-linux-gnueabihf/5/crtbegin.o
                                 0x3c (size before relaxing)
 .comment       0x0000003b       0x3c /home/ncs/CAPSTONE/out/arsdk-native/build/BebopPilotingNewAPI/obj/ihm.c.o
 .comment       0x0000003b       0x3c /home/ncs/CAPSTONE/out/arsdk-native/build/BebopPilotingNewAPI/obj/BebopPiloting.c.o
 .comment       0x0000003b       0x3c /usr/lib/gcc/arm-linux-gnueabihf/5/crtend.o

.ARM.attributes
                0x00000000       0x33
 .ARM.attributes
                0x00000000       0x33 /usr/lib/gcc/arm-linux-gnueabihf/5/../../../arm-linux-gnueabihf/crt1.o
 .ARM.attributes
                0x00000033       0x27 /usr/lib/gcc/arm-linux-gnueabihf/5/../../../arm-linux-gnueabihf/crti.o
 .ARM.attributes
                0x0000005a       0x33 /usr/lib/gcc/arm-linux-gnueabihf/5/crtbegin.o
 .ARM.attributes
                0x0000008d       0x33 /home/ncs/CAPSTONE/out/arsdk-native/build/BebopPilotingNewAPI/obj/ihm.c.o
 .ARM.attributes
                0x000000c0       0x33 /home/ncs/CAPSTONE/out/arsdk-native/build/BebopPilotingNewAPI/obj/BebopPiloting.c.o
 .ARM.attributes
                0x000000f3       0x35 /usr/lib/arm-linux-gnueabihf/libc_nonshared.a(elf-init.oS)
 .ARM.attributes
                0x00000128       0x33 /usr/lib/gcc/arm-linux-gnueabihf/5/crtend.o
 .ARM.attributes
                0x0000015b       0x27 /usr/lib/gcc/arm-linux-gnueabihf/5/../../../arm-linux-gnueabihf/crtn.o

.debug
 *(.debug)

.line
 *(.line)

.debug_srcinfo
 *(.debug_srcinfo)

.debug_sfnames
 *(.debug_sfnames)

.debug_aranges  0x00000000       0xb0
 *(.debug_aranges)
 .debug_aranges
                0x00000000       0x50 /home/ncs/CAPSTONE/out/arsdk-native/build/BebopPilotingNewAPI/obj/ihm.c.o
 .debug_aranges
                0x00000050       0x60 /home/ncs/CAPSTONE/out/arsdk-native/build/BebopPilotingNewAPI/obj/BebopPiloting.c.o

.debug_pubnames
 *(.debug_pubnames)

.debug_info     0x00000000     0x881d
 *(.debug_info .gnu.linkonce.wi.*)
 .debug_info    0x00000000      0x7f1 /home/ncs/CAPSTONE/out/arsdk-native/build/BebopPilotingNewAPI/obj/ihm.c.o
 .debug_info    0x000007f1     0x802c /home/ncs/CAPSTONE/out/arsdk-native/build/BebopPilotingNewAPI/obj/BebopPiloting.c.o

.debug_abbrev   0x00000000      0x78e
 *(.debug_abbrev)
 .debug_abbrev  0x00000000      0x2ad /home/ncs/CAPSTONE/out/arsdk-native/build/BebopPilotingNewAPI/obj/ihm.c.o
 .debug_abbrev  0x000002ad      0x4e1 /home/ncs/CAPSTONE/out/arsdk-native/build/BebopPilotingNewAPI/obj/BebopPiloting.c.o

.debug_line     0x00000000      0xae7
 *(.debug_line .debug_line.* .debug_line_end)
 .debug_line    0x00000000      0x1f1 /home/ncs/CAPSTONE/out/arsdk-native/build/BebopPilotingNewAPI/obj/ihm.c.o
 .debug_line    0x000001f1      0x8f6 /home/ncs/CAPSTONE/out/arsdk-native/build/BebopPilotingNewAPI/obj/BebopPiloting.c.o

.debug_frame    0x00000000      0x250
 *(.debug_frame)
 .debug_frame   0x00000000       0xfc /home/ncs/CAPSTONE/out/arsdk-native/build/BebopPilotingNewAPI/obj/ihm.c.o
 .debug_frame   0x000000fc      0x154 /home/ncs/CAPSTONE/out/arsdk-native/build/BebopPilotingNewAPI/obj/BebopPiloting.c.o

.debug_str      0x00000000    0x129b4
 *(.debug_str)
 .debug_str     0x00000000      0x5cd /home/ncs/CAPSTONE/out/arsdk-native/build/BebopPilotingNewAPI/obj/ihm.c.o
                                0x619 (size before relaxing)
 .debug_str     0x000005cd    0x123e7 /home/ncs/CAPSTONE/out/arsdk-native/build/BebopPilotingNewAPI/obj/BebopPiloting.c.o
                              0x12a0b (size before relaxing)

.debug_loc      0x00000000     0x16cf
 *(.debug_loc)
 .debug_loc     0x00000000      0x29b /home/ncs/CAPSTONE/out/arsdk-native/build/BebopPilotingNewAPI/obj/ihm.c.o
 .debug_loc     0x0000029b     0x1434 /home/ncs/CAPSTONE/out/arsdk-native/build/BebopPilotingNewAPI/obj/BebopPiloting.c.o

.debug_macinfo
 *(.debug_macinfo)

.debug_weaknames
 *(.debug_weaknames)

.debug_funcnames
 *(.debug_funcnames)

.debug_typenames
 *(.debug_typenames)

.debug_varnames
 *(.debug_varnames)

.debug_pubtypes
 *(.debug_pubtypes)

.debug_ranges   0x00000000      0x238
 *(.debug_ranges)
 .debug_ranges  0x00000000       0x40 /home/ncs/CAPSTONE/out/arsdk-native/build/BebopPilotingNewAPI/obj/ihm.c.o
 .debug_ranges  0x00000040      0x1f8 /home/ncs/CAPSTONE/out/arsdk-native/build/BebopPilotingNewAPI/obj/BebopPiloting.c.o

.debug_macro
 *(.debug_macro)

.gnu.attributes
 *(.gnu.attributes)

.note.gnu.arm.ident
 *(.note.gnu.arm.ident)

/DISCARD/
 *(.note.GNU-stack)
 *(.gnu_debuglink)
 *(.gnu.lto_*)
OUTPUT(out/arsdk-native/build/BebopPilotingNewAPI/BebopPilotingNewAPI elf32-littlearm)
